###############################################################################
#
# IAR ELF Linker V7.70.1.11437/W32 for ARM                15/Nov/2018  02:55:07
# Copyright 2007-2016 IAR Systems AB.
#
#    Output file  =  C:\Users\aidsg\Desktop\Smart-lock-sys\Debug\Exe\OS.out
#    Map file     =  C:\Users\aidsg\Desktop\Smart-lock-sys\Debug\List\OS.map
#    Command line =  
#        C:\Users\aidsg\Desktop\Smart-lock-sys\Debug\Obj\alarm.o
#        C:\Users\aidsg\Desktop\Smart-lock-sys\Debug\Obj\appTasks.o
#        C:\Users\aidsg\Desktop\Smart-lock-sys\Debug\Obj\cstartup_M.o
#        C:\Users\aidsg\Desktop\Smart-lock-sys\Debug\Obj\heap_2.o
#        C:\Users\aidsg\Desktop\Smart-lock-sys\Debug\Obj\i2c.o
#        C:\Users\aidsg\Desktop\Smart-lock-sys\Debug\Obj\keypad.o
#        C:\Users\aidsg\Desktop\Smart-lock-sys\Debug\Obj\LCD.o
#        C:\Users\aidsg\Desktop\Smart-lock-sys\Debug\Obj\list.o
#        C:\Users\aidsg\Desktop\Smart-lock-sys\Debug\Obj\main.o
#        C:\Users\aidsg\Desktop\Smart-lock-sys\Debug\Obj\motor.o
#        C:\Users\aidsg\Desktop\Smart-lock-sys\Debug\Obj\port.o
#        C:\Users\aidsg\Desktop\Smart-lock-sys\Debug\Obj\portasm.o
#        C:\Users\aidsg\Desktop\Smart-lock-sys\Debug\Obj\queue.o
#        C:\Users\aidsg\Desktop\Smart-lock-sys\Debug\Obj\tasks.o
#        C:\Users\aidsg\Desktop\Smart-lock-sys\Debug\Obj\terminal.o
#        C:\Users\aidsg\Desktop\Smart-lock-sys\Debug\Obj\uart.o
#        C:\Users\aidsg\Desktop\Smart-lock-sys\Debug\Obj\userdata.o -o
#        C:\Users\aidsg\Desktop\Smart-lock-sys\Debug\Exe\OS.out --redirect
#        _Printf=_PrintfFull --redirect _Scanf=_ScanfFull --map
#        C:\Users\aidsg\Desktop\Smart-lock-sys\Debug\List\OS.map --config
#        "C:\Program Files (x86)\IAR Systems\Embedded Workbench
#        7.5\arm\config\linker\TexasInstruments\TM4C123GH6.icf" --semihosting
#        --entry __iar_program_start --vfe
#
###############################################################################

*******************************************************************************
*** RUNTIME MODEL ATTRIBUTES
***

CppFlavor       = *
__SystemLibrary = DLib


*******************************************************************************
*** PLACEMENT SUMMARY
***

"A0":  place at 0x00000000 { ro section .intvec };
"P1":  place in [from 0x00000000 to 0x0003ffff] { ro };
"P2":  place in [from 0x20000000 to 0x20007fff] { rw, block CSTACK, block HEAP };
initialize by copy { rw };

  Section            Kind        Address    Size  Object
  -------            ----        -------    ----  ------
"A0":                                       0x58
  .intvec            const    0x00000000    0x58  cstartup_M.o [1]
                            - 0x00000058    0x58

"P1":                                     0x3e28
  .text              ro code  0x00000058   0xc30  appTasks.o [1]
  .text              ro code  0x00000c88   0x27c  keypad.o [1]
  .text              ro code  0x00000f04   0x868  tasks.o [1]
  .text              ro code  0x0000176c   0x616  queue.o [1]
  .rodata            const    0x00001d82     0x2  heap_2.o [1]
  .text              ro code  0x00001d84   0x29e  LCD.o [1]
  .text              ro code  0x00002022     0x2  cstartup_M.o [1]
  .text              ro code  0x00002024    0xa8  alarm.o [1]
  .text              ro code  0x000020cc   0x14c  motor.o [1]
  .text              ro code  0x00002218   0x942  userdata.o [1]
  .text              ro code  0x00002b5a     0x2  cstartup_M.o [1]
  .text              ro code  0x00002b5c    0xec  uart.o [1]
  .text              ro code  0x00002c48   0x22c  terminal.o [1]
  .text              ro code  0x00002e74    0x42  strcmp_unaligned.o [5]
  .text              ro code  0x00002eb6     0x2  cstartup_M.o [1]
  .text              ro code  0x00002eb8   0x130  heap_2.o [1]
  .text              ro code  0x00002fe8    0x98  list.o [1]
  .text              ro code  0x00003080   0x10c  port.o [1]
  .text              ro code  0x0000318c    0x76  ABImemcpy_unaligned.o [5]
  .text              ro code  0x00003202     0x2  cstartup_M.o [1]
  .text              ro code  0x00003204   0x174  i2c.o [1]
  .text              ro code  0x00003378     0x6  ABImemclr4.o [5]
  .text              ro code  0x0000337e     0x2  cstartup_M.o [1]
  CODE               ro code  0x00003380    0xb0  portasm.o [1]
  .text              ro code  0x00003430    0x32  ABImemset48.o [5]
  .text              ro code  0x00003462     0x2  cstartup_M.o [1]
  .text              ro code  0x00003464    0xf4  main.o [1]
  .rodata            const    0x00003558    0x5c  appTasks.o [1]
  .rodata            const    0x000035b4    0x50  appTasks.o [1]
  .rodata            const    0x00003604    0x4c  appTasks.o [1]
  .rodata            const    0x00003650    0x48  appTasks.o [1]
  .rodata            const    0x00003698    0x44  appTasks.o [1]
  .rodata            const    0x000036dc    0x44  appTasks.o [1]
  .text              ro code  0x00003720    0x40  zero_init3.o [5]
  .rodata            const    0x00003760    0x3c  appTasks.o [1]
  .rodata            const    0x0000379c    0x3c  appTasks.o [1]
  .rodata            const    0x000037d8    0x38  appTasks.o [1]
  .rodata            const    0x00003810    0x34  appTasks.o [1]
  .rodata            const    0x00003844    0x2c  appTasks.o [1]
  .rodata            const    0x00003870    0x2c  appTasks.o [1]
  .text              ro code  0x0000389c    0x2c  copy_init3.o [5]
  .rodata            const    0x000038c8    0x28  appTasks.o [1]
  .text              ro code  0x000038f0    0x28  data_init.o [5]
  .rodata            const    0x00003918    0x24  appTasks.o [1]
  .rodata            const    0x0000393c    0x24  appTasks.o [1]
  .rodata            const    0x00003960    0x24  appTasks.o [1]
  .rodata            const    0x00003984    0x24  appTasks.o [1]
  .rodata            const    0x000039a8    0x24  appTasks.o [1]
  .rodata            const    0x000039cc    0x24  appTasks.o [1]
  .text              ro code  0x000039f0    0x22  fpinit_M.o [4]
  .iar.init_table    const    0x00003a14    0x24  - Linker created -
  .rodata            const    0x00003a38    0x20  appTasks.o [1]
  .rodata            const    0x00003a58    0x20  appTasks.o [1]
  .rodata            const    0x00003a78    0x20  appTasks.o [1]
  .rodata            const    0x00003a98    0x20  appTasks.o [1]
  .rodata            const    0x00003ab8    0x20  appTasks.o [1]
  .rodata            const    0x00003ad8    0x20  appTasks.o [1]
  .rodata            const    0x00003af8    0x1c  appTasks.o [1]
  .rodata            const    0x00003b14    0x1c  appTasks.o [1]
  .rodata            const    0x00003b30    0x1c  appTasks.o [1]
  .rodata            const    0x00003b4c    0x1c  appTasks.o [1]
  .rodata            const    0x00003b68    0x1c  appTasks.o [1]
  .text              ro code  0x00003b84    0x1a  cmain.o [5]
  .text              ro code  0x00003b9e     0x4  low_level_init.o [3]
  .text              ro code  0x00003ba2     0x4  exit.o [3]
  .text              ro code  0x00003ba8     0xa  cexit.o [5]
  .text              ro code  0x00003bb4    0x14  exit.o [6]
  .rodata            const    0x00003bc8    0x18  appTasks.o [1]
  .rodata            const    0x00003be0    0x18  appTasks.o [1]
  .rodata            const    0x00003bf8    0x18  appTasks.o [1]
  .rodata            const    0x00003c10    0x18  appTasks.o [1]
  Initializer bytes  const    0x00003c28    0x18  <for P2-1>
  .rodata            const    0x00003c40    0x14  appTasks.o [1]
  .rodata            const    0x00003c54    0x14  appTasks.o [1]
  .rodata            const    0x00003c68    0x14  appTasks.o [1]
  .rodata            const    0x00003c7c    0x14  appTasks.o [1]
  .rodata            const    0x00003c90    0x14  appTasks.o [1]
  .rodata            const    0x00003ca4    0x14  appTasks.o [1]
  .rodata            const    0x00003cb8    0x14  appTasks.o [1]
  .rodata            const    0x00003ccc    0x14  appTasks.o [1]
  .rodata            const    0x00003ce0    0x14  appTasks.o [1]
  .rodata            const    0x00003cf4    0x14  appTasks.o [1]
  .rodata            const    0x00003d08    0x10  appTasks.o [1]
  .rodata            const    0x00003d18    0x10  appTasks.o [1]
  .rodata            const    0x00003d28    0x10  appTasks.o [1]
  .rodata            const    0x00003d38    0x10  appTasks.o [1]
  .rodata            const    0x00003d48    0x10  appTasks.o [1]
  .rodata            const    0x00003d58    0x10  appTasks.o [1]
  .rodata            const    0x00003d68    0x10  appTasks.o [1]
  .rodata            const    0x00003d78    0x10  appTasks.o [1]
  .rodata            const    0x00003d88    0x10  appTasks.o [1]
  .rodata            const    0x00003d98    0x10  appTasks.o [1]
  .rodata            const    0x00003da8    0x10  appTasks.o [1]
  .rodata            const    0x00003db8    0x10  appTasks.o [1]
  .rodata            const    0x00003dc8    0x10  appTasks.o [1]
  .rodata            const    0x00003dd8    0x10  userdata.o [1]
  .text              ro code  0x00003de8    0x10  cstartup_M.o [1]
  .rodata            const    0x00003df8     0xc  appTasks.o [1]
  .rodata            const    0x00003e04     0xc  appTasks.o [1]
  .rodata            const    0x00003e10     0xc  appTasks.o [1]
  .rodata            const    0x00003e1c     0xc  main.o [1]
  .rodata            const    0x00003e28     0xc  userdata.o [1]
  .rodata            const    0x00003e34     0xc  userdata.o [1]
  .rodata            const    0x00003e40     0x8  appTasks.o [1]
  .rodata            const    0x00003e48     0x8  appTasks.o [1]
  .rodata            const    0x00003e50     0x8  appTasks.o [1]
  .rodata            const    0x00003e58     0x8  appTasks.o [1]
  .rodata            const    0x00003e60     0x8  appTasks.o [1]
  .rodata            const    0x00003e68     0x8  appTasks.o [1]
  .rodata            const    0x00003e70     0x8  main.o [1]
  .rodata            const    0x00003e78     0x8  tasks.o [1]
  .rodata            const    0x00003e80     0x0  zero_init3.o [5]
  .rodata            const    0x00003e80     0x0  copy_init3.o [5]
                            - 0x00003e80  0x3e28

"P2", part 1 of 3:                          0x18
  P2-1                        0x20000000    0x18  <Init block>
    .data            inited   0x20000000     0x4  heap_2.o [1]
    .data            inited   0x20000004    0x10  keypad.o [1]
    .data            inited   0x20000014     0x4  port.o [1]
                            - 0x20000018    0x18

"P2", part 2 of 3:                        0x1000
  CSTACK                      0x20000018  0x1000  <Block>
    CSTACK           uninit   0x20000018  0x1000  <Block tail>
                            - 0x20001018  0x1000

"P2", part 3 of 3:                        0x1118
  .bss               zero     0x20001018  0x1000  heap_2.o [1]
  .bss               zero     0x20002018    0x64  tasks.o [1]
  .bss               zero     0x2000207c    0x14  tasks.o [1]
  .bss               zero     0x20002090    0x14  tasks.o [1]
  .bss               zero     0x200020a4    0x14  tasks.o [1]
  .bss               zero     0x200020b8    0x14  tasks.o [1]
  .bss               zero     0x200020cc     0x8  heap_2.o [1]
  .bss               zero     0x200020d4     0x8  heap_2.o [1]
  .bss               zero     0x200020dc     0x4  appTasks.o [1]
  .bss               zero     0x200020e0     0x4  appTasks.o [1]
  .bss               zero     0x200020e4     0x4  appTasks.o [1]
  .bss               zero     0x200020e8     0x4  heap_2.o [1]
  .bss               zero     0x200020ec     0x4  main.o [1]
  .bss               zero     0x200020f0     0x4  main.o [1]
  .bss               zero     0x200020f4     0x4  main.o [1]
  .bss               zero     0x200020f8     0x4  tasks.o [1]
  .bss               zero     0x200020fc     0x4  tasks.o [1]
  .bss               zero     0x20002100     0x4  tasks.o [1]
  .bss               zero     0x20002104     0x4  tasks.o [1]
  .bss               zero     0x20002108     0x4  tasks.o [1]
  .bss               zero     0x2000210c     0x4  tasks.o [1]
  .bss               zero     0x20002110     0x4  tasks.o [1]
  .bss               zero     0x20002114     0x4  tasks.o [1]
  .bss               zero     0x20002118     0x4  tasks.o [1]
  .bss               zero     0x2000211c     0x4  tasks.o [1]
  .bss               zero     0x20002120     0x4  tasks.o [1]
  .bss               zero     0x20002124     0x4  tasks.o [1]
  .bss               zero     0x20002128     0x4  tasks.o [1]
  .bss               zero     0x2000212c     0x4  tasks.o [1]
                            - 0x20002130  0x1118


*******************************************************************************
*** INIT TABLE
***

          Address     Size
          -------     ----
Zero (__iar_zero_init3)
    1 destination range, total size 0x1118:
          0x20001018  0x1118

Copy (__iar_copy_init3)
    1 source range, total size 0x18:
          0x00003c28    0x18
    1 destination range, total size 0x18:
          0x20000000    0x18



*******************************************************************************
*** MODULE SUMMARY
***

    Module                 ro code  ro data  rw data
    ------                 -------  -------  -------
C:\Users\aidsg\Desktop\Smart-lock-sys\Debug\Obj: [1]
    LCD.o                      670
    alarm.o                    168
    appTasks.o               3 120    1 948       12
    cstartup_M.o                28       88
    heap_2.o                   304        6    4 120
    i2c.o                      372
    keypad.o                   636       16       16
    list.o                     152
    main.o                     244       20       12
    motor.o                    332
    port.o                     268        4        4
    portasm.o                  176
    queue.o                  1 558
    tasks.o                  2 152        8      236
    terminal.o                 556
    uart.o                     236
    userdata.o               2 370       40
    ------------------------------------------------
    Total:                  13 342    2 130    4 400

command line: [2]
    ------------------------------------------------
    Total:

dl7M_tln.a: [3]
    exit.o                       4
    low_level_init.o             4
    ------------------------------------------------
    Total:                       8

m7M_tls.a: [4]
    fpinit_M.o                  34
    ------------------------------------------------
    Total:                      34

rt7M_tl.a: [5]
    ABImemclr4.o                 6
    ABImemcpy_unaligned.o      118
    ABImemset48.o               50
    cexit.o                     10
    cmain.o                     26
    copy_init3.o                44
    data_init.o                 40
    strcmp_unaligned.o          66
    zero_init3.o                64
    ------------------------------------------------
    Total:                     424

shb_l.a: [6]
    exit.o                      20
    ------------------------------------------------
    Total:                      20

    Gaps                         4        2
    Linker created                       36    4 096
----------------------------------------------------
    Grand Total:            13 832    2 168    8 496


*******************************************************************************
*** ENTRY LIST
***

Entry                      Address    Size  Type      Object
-----                      -------    ----  ----      ------
.iar.init_table$$Base   0x00003a14           --   Gb  - Linker created -
.iar.init_table$$Limit  0x00003a38           --   Gb  - Linker created -
?main                   0x00003b85          Code  Gb  cmain.o [5]
Alarm_BuzzerOff         0x000020a3     0x8  Code  Gb  alarm.o [1]
Alarm_BuzzerOn          0x0000209b     0x8  Code  Gb  alarm.o [1]
Alarm_GreenLedOff       0x00002083     0x8  Code  Gb  alarm.o [1]
Alarm_GreenLedOn        0x0000207b     0x8  Code  Gb  alarm.o [1]
Alarm_Init              0x00002025    0x56  Code  Gb  alarm.o [1]
Alarm_RedLedOff         0x00002093     0x8  Code  Gb  alarm.o [1]
Alarm_RedLedOn          0x0000208b     0x8  Code  Gb  alarm.o [1]
BusFault_Handler        0x00003203     0x2  Code  Wk  cstartup_M.o [1]
CSTACK$$Base            0x20000018           --   Gb  - Linker created -
CSTACK$$Limit           0x20001018           --   Gb  - Linker created -
CheckUserID             0x000029bb    0x62  Code  Lc  userdata.o [1]
DebugMon_Handler        0x00003463     0x2  Code  Wk  cstartup_M.o [1]
E2prom_AddUser          0x00002245   0x1dc  Code  Gb  userdata.o [1]
E2prom_GetIncorrectPWCounter
                        0x00002855    0x18  Code  Gb  userdata.o [1]
E2prom_GetSystemFactorySetting
                        0x00002823    0x1a  Code  Gb  userdata.o [1]
E2prom_GetSystemState   0x0000283d    0x18  Code  Gb  userdata.o [1]
E2prom_GetUserName      0x000027bb    0x40  Code  Gb  userdata.o [1]
E2prom_GetUserRank      0x000027fb    0x28  Code  Gb  userdata.o [1]
E2prom_IncrementIncorrectPWCounter
                        0x000028c1    0x34  Code  Gb  userdata.o [1]
E2prom_ListUsers        0x000025a7   0x198  Code  Gb  userdata.o [1]
E2prom_ModifyUser       0x00002449   0x15e  Code  Gb  userdata.o [1]
E2prom_RemoveUser       0x00002421    0x28  Code  Gb  userdata.o [1]
E2prom_ResetIncorrectPWCounter
                        0x000028f5    0x14  Code  Gb  userdata.o [1]
E2prom_SetSystemFactorySetting
                        0x0000286d    0x2a  Code  Gb  userdata.o [1]
E2prom_SetSystemState   0x00002897    0x2a  Code  Gb  userdata.o [1]
E2prom_SystemSetup      0x00002219    0x2c  Code  Gb  userdata.o [1]
E2prom_VerifyUserInfo   0x00002751    0x6a  Code  Gb  userdata.o [1]
FactoryReset            0x00002985    0x36  Code  Lc  userdata.o [1]
GetAdminsNumber         0x0000296b    0x1a  Code  Lc  userdata.o [1]
GetUsersNumber          0x00002951    0x1a  Code  Lc  userdata.o [1]
HardFault_Handler       0x00002b5b     0x2  Code  Wk  cstartup_M.o [1]
I2C_Init                0x00003205    0x56  Code  Gb  i2c.o [1]
I2C_ReceiveAck          0x00003301    0x16  Code  Gb  i2c.o [1]
I2C_StartReceive        0x000032b3    0x38  Code  Gb  i2c.o [1]
I2C_StartTransmit       0x0000325b    0x58  Code  Gb  i2c.o [1]
I2C_StopReceive         0x00003317    0x10  Code  Gb  i2c.o [1]
I2C_StopTransmit        0x00003327    0x22  Code  Gb  i2c.o [1]
I2C_Transmit            0x000032eb    0x16  Code  Gb  i2c.o [1]
Keypad_Init             0x00000c89   0x12e  Code  Gb  keypad.o [1]
Keypad_ReadChar         0x00000db7   0x104  Code  Gb  keypad.o [1]
Keypad_ReadChar::gKeyMap
                        0x20000004    0x10  Data  Lc  keypad.o [1]
LCD_GoTo                0x00001ff5    0x2e  Code  Gb  LCD.o [1]
LCD_Init                0x00001d85   0x118  Code  Gb  LCD.o [1]
LCD_Queue               0x200020dc     0x4  Data  Gb  appTasks.o [1]
LCD_WriteChar           0x00001e9d    0x68  Code  Gb  LCD.o [1]
LCD_WriteCommand        0x00001f6f    0x68  Code  Gb  LCD.o [1]
LCD_WriteNewLine        0x00001f05    0x38  Code  Gb  LCD.o [1]
LCD_WriteString         0x00001f3d    0x32  Code  Gb  LCD.o [1]
MemManage_Handler       0x00002eb7     0x2  Code  Wk  cstartup_M.o [1]
Motor_Init              0x000020cd    0xb4  Code  Gb  motor.o [1]
Motor_RunForward        0x00002181    0x1a  Code  Gb  motor.o [1]
Motor_RunReverse        0x0000219b    0x1a  Code  Gb  motor.o [1]
Motor_Stop              0x000021b5    0x1a  Code  Gb  motor.o [1]
NMI_Handler             0x00002023     0x2  Code  Wk  cstartup_M.o [1]
Region$$Table$$Base     0x00003a14           --   Gb  - Linker created -
Region$$Table$$Limit    0x00003a38           --   Gb  - Linker created -
RelocateUser            0x00002af7    0x64  Code  Lc  userdata.o [1]
SetAdminsNumber         0x0000292d    0x24  Code  Lc  userdata.o [1]
SetUsersNumber          0x00002909    0x24  Code  Lc  userdata.o [1]
SystemDataSort          0x00002a1d    0xda  Code  Lc  userdata.o [1]
Terminal_Queue          0x200020e0     0x4  Data  Gb  appTasks.o [1]
Terminal_ReceiveUserID  0x00002c49    0x8c  Code  Gb  terminal.o [1]
Terminal_ReceiveUserName
                        0x00002d75    0x9e  Code  Gb  terminal.o [1]
Terminal_ReceiveUserPassword
                        0x00002cd5    0xa0  Code  Gb  terminal.o [1]
Terminal_ReceiveUserRank
                        0x00002e13    0x56  Code  Gb  terminal.o [1]
UART_Init               0x00002b5d    0x88  Code  Gb  uart.o [1]
UART_ReceiveComplete    0x00000b31    0x28  Code  Gb  appTasks.o [1]
UART_SendChar           0x00002be5    0x10  Code  Gb  uart.o [1]
UART_SendString         0x00002bf5    0x1c  Code  Gb  uart.o [1]
UartSemaphore           0x200020e4     0x4  Data  Gb  appTasks.o [1]
UsageFault_Handler      0x0000337f     0x2  Code  Wk  cstartup_M.o [1]
__aeabi_memclr4         0x00003379          Code  Gb  ABImemclr4.o [5]
__cmain                 0x00003b85          Code  Gb  cmain.o [5]
__exit                  0x00003bb5    0x14  Code  Gb  exit.o [6]
__iar_Memset4_word      0x00003431          Code  Gb  ABImemset48.o [5]
__iar_Memset8_word      0x00003431          Code  Gb  ABImemset48.o [5]
__iar_copy_init3        0x0000389d    0x2c  Code  Gb  copy_init3.o [5]
__iar_data_init3        0x000038f1    0x28  Code  Gb  data_init.o [5]
__iar_init_vfp          0x000039f1          Code  Gb  fpinit_M.o [4]
__iar_program_start     0x00003de9    0x10  Code  Gb  cstartup_M.o [1]
__iar_unaligned___aeabi_memcpy
                        0x0000318d          Code  Gb  ABImemcpy_unaligned.o [5]
__iar_unaligned___aeabi_memcpy4
                        0x000031ad          Code  Gb  ABImemcpy_unaligned.o [5]
__iar_unaligned___aeabi_memcpy8
                        0x000031ad          Code  Gb  ABImemcpy_unaligned.o [5]
__iar_unaligned_strcmp  0x00002e75          Code  Gb  strcmp_unaligned.o [5]
__iar_zero_init3        0x00003721    0x40  Code  Gb  zero_init3.o [5]
__low_level_init        0x00003b9f     0x4  Code  Gb  low_level_init.o [3]
__vector_table          0x00000000    0x58  Data  Gb  cstartup_M.o [1]
_call_main              0x00003b91          Code  Gb  cmain.o [5]
_exit                   0x00003ba9          Code  Gb  cexit.o [5]
_main                   0x00003b9b          Code  Gb  cmain.o [5]
exit                    0x00003ba3     0x4  Code  Gb  exit.o [3]
heapSTRUCT_SIZE         0x00001d82     0x2  Data  Lc  heap_2.o [1]
keypadHandle            0x200020ec     0x4  Data  Gb  main.o [1]
lcdHandle               0x200020f0     0x4  Data  Gb  main.o [1]
main                    0x00003465    0xf4  Code  Gb  main.o [1]
prvAddCurrentTaskToDelayedList
                        0x000016a5    0x80  Code  Lc  tasks.o [1]
prvAddNewTaskToReadyList
                        0x00000ffd    0xb8  Code  Lc  tasks.o [1]
prvCheckTasksWaitingTermination
                        0x0000165f     0x2  Code  Lc  tasks.o [1]
prvCopyDataFromQueue    0x00001cb1    0x2a  Code  Lc  queue.o [1]
prvCopyDataToQueue      0x00001c3f    0x72  Code  Lc  queue.o [1]
prvHeapInit             0x00002fa7    0x2a  Code  Lc  heap_2.o [1]
prvIdleTask             0x000015e9    0x24  Code  Lc  tasks.o [1]
prvInitialiseNewQueue   0x00001821    0x1c  Code  Lc  queue.o [1]
prvInitialiseNewTask    0x00000f7b    0x82  Code  Lc  tasks.o [1]
prvInitialiseTaskLists  0x0000160d    0x52  Code  Lc  tasks.o [1]
prvIsQueueEmpty         0x00001d49    0x1c  Code  Lc  queue.o [1]
prvIsQueueFull          0x00001d65    0x1e  Code  Lc  queue.o [1]
prvResetNextTaskUnblockTime
                        0x00001661    0x2c  Code  Lc  tasks.o [1]
prvTaskExitError        0x000030a9    0x10  Code  Lc  port.o [1]
prvTaskIsTaskSuspended  0x000011b1    0x22  Code  Lc  tasks.o [1]
prvUnlockQueue          0x00001cdb    0x6e  Code  Lc  queue.o [1]
pvPortMalloc            0x00002eb9    0xb2  Code  Gb  heap_2.o [1]
pvPortMalloc::xHeapHasBeenInitialised
                        0x200020e8     0x4  Data  Lc  heap_2.o [1]
pxCurrentTCB            0x200020f8     0x4  Data  Gb  tasks.o [1]
pxDelayedTaskList       0x200020fc     0x4  Data  Lc  tasks.o [1]
pxOverflowDelayedTaskList
                        0x20002100     0x4  Data  Lc  tasks.o [1]
pxPortInitialiseStack   0x00003081    0x28  Code  Gb  port.o [1]
pxReadyTasksLists       0x20002018    0x64  Data  Lc  tasks.o [1]
terminalHandle          0x200020f4     0x4  Data  Gb  main.o [1]
ucHeap                  0x20001018  0x1000  Data  Lc  heap_2.o [1]
uxCriticalNesting       0x20000014     0x4  Data  Lc  port.o [1]
uxCurrentNumberOfTasks  0x20002104     0x4  Data  Lc  tasks.o [1]
uxListRemove            0x0000305b    0x26  Code  Gb  list.o [1]
uxPendedTicks           0x20002114     0x4  Data  Lc  tasks.o [1]
uxQueueMessagesWaiting  0x00001c2d    0x12  Code  Gb  queue.o [1]
uxSchedulerSuspended    0x2000212c     0x4  Data  Lc  tasks.o [1]
uxTaskNumber            0x20002120     0x4  Data  Lc  tasks.o [1]
uxTopReadyPriority      0x2000210c     0x4  Data  Lc  tasks.o [1]
vListInitialise         0x00002fe9    0x1e  Code  Gb  list.o [1]
vListInitialiseItem     0x00003007     0x6  Code  Gb  list.o [1]
vListInsert             0x00003025    0x36  Code  Gb  list.o [1]
vListInsertEnd          0x0000300d    0x18  Code  Gb  list.o [1]
vPortEnableVFP          0x00003415          Code  Gb  portasm.o [1]
vPortEnterCritical      0x000030f5    0x1a  Code  Gb  port.o [1]
vPortExitCritical       0x0000310f    0x1a  Code  Gb  port.o [1]
vPortFree               0x00002f6b    0x3c  Code  Gb  heap_2.o [1]
vPortSVCHandler         0x000033d9          Code  Gb  portasm.o [1]
vPortSetupTimerInterrupt
                        0x00003165    0x28  Code  Wk  port.o [1]
vPortStartFirstTask     0x000033f5          Code  Gb  portasm.o [1]
vTaskDelay              0x000010b5    0x32  Code  Gb  tasks.o [1]
vTaskInternalSetTimeOutState
                        0x00001573    0x12  Code  Gb  tasks.o [1]
vTaskMissedYield        0x000015df     0xa  Code  Gb  tasks.o [1]
vTaskPlaceOnEventList   0x000014e9    0x1a  Code  Gb  tasks.o [1]
vTaskResume             0x000011d3    0x72  Code  Gb  tasks.o [1]
vTaskStartScheduler     0x00001245    0x50  Code  Gb  tasks.o [1]
vTaskSuspend            0x000010e7    0xca  Code  Gb  tasks.o [1]
vTaskSuspendAll         0x00001295    0x10  Code  Gb  tasks.o [1]
vTaskSwitchContext      0x00001493    0x56  Code  Gb  tasks.o [1]
vTask_Keypad            0x00000059    0x4a  Code  Gb  appTasks.o [1]
vTask_LCD               0x000000a3   0x4b2  Code  Gb  appTasks.o [1]
vTask_Terminal          0x0000055d   0x5d4  Code  Gb  appTasks.o [1]
xDelayedTaskList1       0x2000207c    0x14  Data  Lc  tasks.o [1]
xDelayedTaskList2       0x20002090    0x14  Data  Lc  tasks.o [1]
xEnd                    0x200020d4     0x8  Data  Lc  heap_2.o [1]
xFreeBytesRemaining     0x20000000     0x4  Data  Lc  heap_2.o [1]
xIdleTaskHandle         0x20002128     0x4  Data  Lc  tasks.o [1]
xNextTaskUnblockTime    0x20002124     0x4  Data  Lc  tasks.o [1]
xNumOfOverflows         0x2000211c     0x4  Data  Lc  tasks.o [1]
xPendingReadyList       0x200020a4    0x14  Data  Lc  tasks.o [1]
xPortPendSVHandler      0x00003381          Code  Gb  portasm.o [1]
xPortStartScheduler     0x000030b9    0x3c  Code  Gb  port.o [1]
xPortSysTickHandler     0x00003129    0x28  Code  Gb  port.o [1]
xQueueGenericCreate     0x000017eb    0x36  Code  Gb  queue.o [1]
xQueueGenericReset      0x0000176d    0x7e  Code  Gb  queue.o [1]
xQueueGenericSend       0x0000183d   0x10e  Code  Gb  queue.o [1]
xQueuePeek              0x00001b2f    0xfa  Code  Gb  queue.o [1]
xQueueReceive           0x0000194b    0xf6  Code  Gb  queue.o [1]
xQueueSemaphoreTake     0x00001a41    0xee  Code  Gb  queue.o [1]
xSchedulerRunning       0x20002110     0x4  Data  Lc  tasks.o [1]
xStart                  0x200020cc     0x8  Data  Lc  heap_2.o [1]
xSuspendedTaskList      0x200020b8    0x14  Data  Lc  tasks.o [1]
xTaskCheckForTimeOut    0x00001585    0x5a  Code  Gb  tasks.o [1]
xTaskCreate             0x00000f05    0x76  Code  Gb  tasks.o [1]
xTaskGetTickCount       0x00001385     0x8  Code  Gb  tasks.o [1]
xTaskIncrementTick      0x0000138d   0x106  Code  Gb  tasks.o [1]
xTaskRemoveFromEventList
                        0x00001503    0x70  Code  Gb  tasks.o [1]
xTaskResumeAll          0x000012a5    0xe0  Code  Gb  tasks.o [1]
xTickCount              0x20002108     0x4  Data  Lc  tasks.o [1]
xYieldPending           0x20002118     0x4  Data  Lc  tasks.o [1]


[1] = C:\Users\aidsg\Desktop\Smart-lock-sys\Debug\Obj
[2] = command line
[3] = dl7M_tln.a
[4] = m7M_tls.a
[5] = rt7M_tl.a
[6] = shb_l.a

  13 832 bytes of readonly  code memory
   2 168 bytes of readonly  data memory
   8 496 bytes of readwrite data memory

Errors: none
Warnings: none
