###############################################################################
#
# IAR ELF Linker V7.70.1.11437/W32 for ARM                13/Nov/2018  04:52:15
# Copyright 2007-2016 IAR Systems AB.
#
#    Output file  =  C:\Users\aidsg\Desktop\Smart-lock-sys\Debug\Exe\OS.out
#    Map file     =  C:\Users\aidsg\Desktop\Smart-lock-sys\Debug\List\OS.map
#    Command line =  
#        C:\Users\aidsg\Desktop\Smart-lock-sys\Debug\Obj\appTasks.o
#        C:\Users\aidsg\Desktop\Smart-lock-sys\Debug\Obj\cstartup_M.o
#        C:\Users\aidsg\Desktop\Smart-lock-sys\Debug\Obj\heap_2.o
#        C:\Users\aidsg\Desktop\Smart-lock-sys\Debug\Obj\i2c.o
#        C:\Users\aidsg\Desktop\Smart-lock-sys\Debug\Obj\keypad.o
#        C:\Users\aidsg\Desktop\Smart-lock-sys\Debug\Obj\LCD.o
#        C:\Users\aidsg\Desktop\Smart-lock-sys\Debug\Obj\list.o
#        C:\Users\aidsg\Desktop\Smart-lock-sys\Debug\Obj\main.o
#        C:\Users\aidsg\Desktop\Smart-lock-sys\Debug\Obj\port.o
#        C:\Users\aidsg\Desktop\Smart-lock-sys\Debug\Obj\portasm.o
#        C:\Users\aidsg\Desktop\Smart-lock-sys\Debug\Obj\queue.o
#        C:\Users\aidsg\Desktop\Smart-lock-sys\Debug\Obj\tasks.o
#        C:\Users\aidsg\Desktop\Smart-lock-sys\Debug\Obj\terminal.o
#        C:\Users\aidsg\Desktop\Smart-lock-sys\Debug\Obj\uart.o
#        C:\Users\aidsg\Desktop\Smart-lock-sys\Debug\Obj\userdata.o -o
#        C:\Users\aidsg\Desktop\Smart-lock-sys\Debug\Exe\OS.out --redirect
#        _Printf=_PrintfFull --redirect _Scanf=_ScanfFull --map
#        C:\Users\aidsg\Desktop\Smart-lock-sys\Debug\List\OS.map --config
#        "C:\Program Files (x86)\IAR Systems\Embedded Workbench
#        7.5\arm\config\linker\TexasInstruments\TM4C123GH6.icf" --semihosting
#        --entry __iar_program_start --vfe
#
###############################################################################

*******************************************************************************
*** RUNTIME MODEL ATTRIBUTES
***

CppFlavor       = *
__SystemLibrary = DLib


*******************************************************************************
*** PLACEMENT SUMMARY
***

"A0":  place at 0x00000000 { ro section .intvec };
"P1":  place in [from 0x00000000 to 0x0003ffff] { ro };
"P2":  place in [from 0x20000000 to 0x20007fff] { rw, block CSTACK, block HEAP };
initialize by copy { rw };

  Section            Kind        Address    Size  Object
  -------            ----        -------    ----  ------
"A0":                                       0x58
  .intvec            const    0x00000000    0x58  cstartup_M.o [1]
                            - 0x00000058    0x58

"P1":                                     0x3a08
  .text              ro code  0x00000058   0xac8  appTasks.o [1]
  .text              ro code  0x00000b20   0x27c  keypad.o [1]
  .text              ro code  0x00000d9c   0x860  tasks.o [1]
  .text              ro code  0x000015fc   0x616  queue.o [1]
  .rodata            const    0x00001c12     0x2  heap_2.o [1]
  .text              ro code  0x00001c14   0x29e  LCD.o [1]
  .text              ro code  0x00001eb2     0x2  cstartup_M.o [1]
  .text              ro code  0x00001eb4   0x8c6  userdata.o [1]
  .text              ro code  0x0000277a     0x2  cstartup_M.o [1]
  .text              ro code  0x0000277c    0xec  uart.o [1]
  .text              ro code  0x00002868   0x22c  terminal.o [1]
  .text              ro code  0x00002a94    0x42  strcmp_unaligned.o [5]
  .text              ro code  0x00002ad6     0x2  cstartup_M.o [1]
  .text              ro code  0x00002ad8   0x130  heap_2.o [1]
  .text              ro code  0x00002c08    0x98  list.o [1]
  .text              ro code  0x00002ca0   0x10c  port.o [1]
  .text              ro code  0x00002dac    0x76  ABImemcpy_unaligned.o [5]
  .text              ro code  0x00002e22     0x2  cstartup_M.o [1]
  .text              ro code  0x00002e24   0x174  i2c.o [1]
  .text              ro code  0x00002f98     0x6  ABImemclr4.o [5]
  .text              ro code  0x00002f9e     0x2  cstartup_M.o [1]
  CODE               ro code  0x00002fa0    0xb0  portasm.o [1]
  .text              ro code  0x00003050    0x32  ABImemset48.o [5]
  .text              ro code  0x00003082     0x2  cstartup_M.o [1]
  .text              ro code  0x00003084    0xbc  main.o [1]
  .rodata            const    0x00003140    0x5c  appTasks.o [1]
  .rodata            const    0x0000319c    0x50  appTasks.o [1]
  .rodata            const    0x000031ec    0x4c  appTasks.o [1]
  .rodata            const    0x00003238    0x48  appTasks.o [1]
  .rodata            const    0x00003280    0x44  appTasks.o [1]
  .rodata            const    0x000032c4    0x44  appTasks.o [1]
  .text              ro code  0x00003308    0x40  zero_init3.o [5]
  .rodata            const    0x00003348    0x3c  appTasks.o [1]
  .rodata            const    0x00003384    0x3c  appTasks.o [1]
  .rodata            const    0x000033c0    0x38  appTasks.o [1]
  .rodata            const    0x000033f8    0x34  appTasks.o [1]
  .rodata            const    0x0000342c    0x2c  appTasks.o [1]
  .rodata            const    0x00003458    0x2c  appTasks.o [1]
  .text              ro code  0x00003484    0x2c  copy_init3.o [5]
  .rodata            const    0x000034b0    0x28  appTasks.o [1]
  .text              ro code  0x000034d8    0x28  data_init.o [5]
  .rodata            const    0x00003500    0x24  appTasks.o [1]
  .rodata            const    0x00003524    0x24  appTasks.o [1]
  .rodata            const    0x00003548    0x24  appTasks.o [1]
  .rodata            const    0x0000356c    0x24  appTasks.o [1]
  .rodata            const    0x00003590    0x24  appTasks.o [1]
  .rodata            const    0x000035b4    0x24  appTasks.o [1]
  .text              ro code  0x000035d8    0x22  fpinit_M.o [4]
  .iar.init_table    const    0x000035fc    0x24  - Linker created -
  .rodata            const    0x00003620    0x20  appTasks.o [1]
  .rodata            const    0x00003640    0x20  appTasks.o [1]
  .rodata            const    0x00003660    0x20  appTasks.o [1]
  .rodata            const    0x00003680    0x20  appTasks.o [1]
  .rodata            const    0x000036a0    0x20  appTasks.o [1]
  .rodata            const    0x000036c0    0x20  appTasks.o [1]
  .rodata            const    0x000036e0    0x1c  appTasks.o [1]
  .rodata            const    0x000036fc    0x1c  appTasks.o [1]
  .rodata            const    0x00003718    0x1c  appTasks.o [1]
  .rodata            const    0x00003734    0x1c  appTasks.o [1]
  .rodata            const    0x00003750    0x1c  appTasks.o [1]
  .text              ro code  0x0000376c    0x1a  cmain.o [5]
  .text              ro code  0x00003786     0x4  low_level_init.o [3]
  .text              ro code  0x0000378a     0x4  exit.o [3]
  .text              ro code  0x00003790     0xa  cexit.o [5]
  .text              ro code  0x0000379c    0x14  exit.o [6]
  .rodata            const    0x000037b0    0x18  appTasks.o [1]
  .rodata            const    0x000037c8    0x18  appTasks.o [1]
  .rodata            const    0x000037e0    0x18  appTasks.o [1]
  .rodata            const    0x000037f8    0x18  appTasks.o [1]
  Initializer bytes  const    0x00003810    0x18  <for P2-1>
  .rodata            const    0x00003828    0x14  appTasks.o [1]
  .rodata            const    0x0000383c    0x14  appTasks.o [1]
  .rodata            const    0x00003850    0x14  appTasks.o [1]
  .rodata            const    0x00003864    0x14  appTasks.o [1]
  .rodata            const    0x00003878    0x14  appTasks.o [1]
  .rodata            const    0x0000388c    0x14  appTasks.o [1]
  .rodata            const    0x000038a0    0x14  appTasks.o [1]
  .rodata            const    0x000038b4    0x14  appTasks.o [1]
  .rodata            const    0x000038c8    0x14  appTasks.o [1]
  .rodata            const    0x000038dc    0x14  appTasks.o [1]
  .rodata            const    0x000038f0    0x10  appTasks.o [1]
  .rodata            const    0x00003900    0x10  appTasks.o [1]
  .rodata            const    0x00003910    0x10  appTasks.o [1]
  .rodata            const    0x00003920    0x10  appTasks.o [1]
  .rodata            const    0x00003930    0x10  appTasks.o [1]
  .rodata            const    0x00003940    0x10  appTasks.o [1]
  .rodata            const    0x00003950    0x10  appTasks.o [1]
  .rodata            const    0x00003960    0x10  appTasks.o [1]
  .rodata            const    0x00003970    0x10  appTasks.o [1]
  .rodata            const    0x00003980    0x10  appTasks.o [1]
  .rodata            const    0x00003990    0x10  appTasks.o [1]
  .rodata            const    0x000039a0    0x10  appTasks.o [1]
  .rodata            const    0x000039b0    0x10  appTasks.o [1]
  .rodata            const    0x000039c0    0x10  userdata.o [1]
  .text              ro code  0x000039d0    0x10  cstartup_M.o [1]
  .rodata            const    0x000039e0     0xc  appTasks.o [1]
  .rodata            const    0x000039ec     0xc  appTasks.o [1]
  .rodata            const    0x000039f8     0xc  appTasks.o [1]
  .rodata            const    0x00003a04     0xc  main.o [1]
  .rodata            const    0x00003a10     0xc  userdata.o [1]
  .rodata            const    0x00003a1c     0xc  userdata.o [1]
  .rodata            const    0x00003a28     0x8  appTasks.o [1]
  .rodata            const    0x00003a30     0x8  appTasks.o [1]
  .rodata            const    0x00003a38     0x8  appTasks.o [1]
  .rodata            const    0x00003a40     0x8  appTasks.o [1]
  .rodata            const    0x00003a48     0x8  appTasks.o [1]
  .rodata            const    0x00003a50     0x8  main.o [1]
  .rodata            const    0x00003a58     0x8  tasks.o [1]
  .rodata            const    0x00003a60     0x0  zero_init3.o [5]
  .rodata            const    0x00003a60     0x0  copy_init3.o [5]
                            - 0x00003a60  0x3a08

"P2", part 1 of 3:                          0x18
  P2-1                        0x20000000    0x18  <Init block>
    .data            inited   0x20000000     0x4  heap_2.o [1]
    .data            inited   0x20000004    0x10  keypad.o [1]
    .data            inited   0x20000014     0x4  port.o [1]
                            - 0x20000018    0x18

"P2", part 2 of 3:                        0x1000
  CSTACK                      0x20000018  0x1000  <Block>
    CSTACK           uninit   0x20000018  0x1000  <Block tail>
                            - 0x20001018  0x1000

"P2", part 3 of 3:                        0x111c
  .bss               zero     0x20001018  0x1000  heap_2.o [1]
  .bss               zero     0x20002018    0x64  tasks.o [1]
  .bss               zero     0x2000207c    0x14  tasks.o [1]
  .bss               zero     0x20002090    0x14  tasks.o [1]
  .bss               zero     0x200020a4    0x14  tasks.o [1]
  .bss               zero     0x200020b8    0x14  tasks.o [1]
  .bss               zero     0x200020cc     0x8  heap_2.o [1]
  .bss               zero     0x200020d4     0x8  heap_2.o [1]
  .bss               zero     0x200020dc     0x4  appTasks.o [1]
  .bss               zero     0x200020e0     0x4  appTasks.o [1]
  .bss               zero     0x200020e4     0x4  appTasks.o [1]
  .bss               zero     0x200020e8     0x4  heap_2.o [1]
  .bss               zero     0x200020ec     0x4  main.o [1]
  .bss               zero     0x200020f0     0x4  main.o [1]
  .bss               zero     0x200020f4     0x4  main.o [1]
  .bss               zero     0x200020f8     0x4  tasks.o [1]
  .bss               zero     0x200020fc     0x4  tasks.o [1]
  .bss               zero     0x20002100     0x4  tasks.o [1]
  .bss               zero     0x20002104     0x4  tasks.o [1]
  .bss               zero     0x20002108     0x4  tasks.o [1]
  .bss               zero     0x2000210c     0x4  tasks.o [1]
  .bss               zero     0x20002110     0x4  tasks.o [1]
  .bss               zero     0x20002114     0x4  tasks.o [1]
  .bss               zero     0x20002118     0x4  tasks.o [1]
  .bss               zero     0x2000211c     0x4  tasks.o [1]
  .bss               zero     0x20002120     0x4  tasks.o [1]
  .bss               zero     0x20002124     0x4  tasks.o [1]
  .bss               zero     0x20002128     0x4  tasks.o [1]
  .bss               zero     0x2000212c     0x4  tasks.o [1]
  .bss               zero     0x20002130     0x1  appTasks.o [1]
                            - 0x20002131  0x1119


*******************************************************************************
*** INIT TABLE
***

          Address     Size
          -------     ----
Zero (__iar_zero_init3)
    1 destination range, total size 0x1119:
          0x20001018  0x1119

Copy (__iar_copy_init3)
    1 source range, total size 0x18:
          0x00003810    0x18
    1 destination range, total size 0x18:
          0x20000000    0x18



*******************************************************************************
*** MODULE SUMMARY
***

    Module                 ro code  ro data  rw data
    ------                 -------  -------  -------
C:\Users\aidsg\Desktop\Smart-lock-sys\Debug\Obj: [1]
    LCD.o                      670
    appTasks.o               2 760    1 940       13
    cstartup_M.o                28       88
    heap_2.o                   304        6    4 120
    i2c.o                      372
    keypad.o                   636       16       16
    list.o                     152
    main.o                     188       20       12
    port.o                     268        4        4
    portasm.o                  176
    queue.o                  1 558
    tasks.o                  2 144        8      236
    terminal.o                 556
    uart.o                     236
    userdata.o               2 246       40
    ------------------------------------------------
    Total:                  12 294    2 122    4 401

command line: [2]
    ------------------------------------------------
    Total:

dl7M_tln.a: [3]
    exit.o                       4
    low_level_init.o             4
    ------------------------------------------------
    Total:                       8

m7M_tls.a: [4]
    fpinit_M.o                  34
    ------------------------------------------------
    Total:                      34

rt7M_tl.a: [5]
    ABImemclr4.o                 6
    ABImemcpy_unaligned.o      118
    ABImemset48.o               50
    cexit.o                     10
    cmain.o                     26
    copy_init3.o                44
    data_init.o                 40
    strcmp_unaligned.o          66
    zero_init3.o                64
    ------------------------------------------------
    Total:                     424

shb_l.a: [6]
    exit.o                      20
    ------------------------------------------------
    Total:                      20

    Gaps                         4        2
    Linker created                       36    4 096
----------------------------------------------------
    Grand Total:            12 784    2 160    8 497


*******************************************************************************
*** ENTRY LIST
***

Entry                      Address    Size  Type      Object
-----                      -------    ----  ----      ------
.iar.init_table$$Base   0x000035fc           --   Gb  - Linker created -
.iar.init_table$$Limit  0x00003620           --   Gb  - Linker created -
?main                   0x0000376d          Code  Gb  cmain.o [5]
BusFault_Handler        0x00002e23     0x2  Code  Wk  cstartup_M.o [1]
CSTACK$$Base            0x20000018           --   Gb  - Linker created -
CSTACK$$Limit           0x20001018           --   Gb  - Linker created -
CheckUserID             0x000025db    0x62  Code  Lc  userdata.o [1]
DebugMon_Handler        0x00003083     0x2  Code  Wk  cstartup_M.o [1]
E2prom_AddUser          0x00001edd   0x1dc  Code  Gb  userdata.o [1]
E2prom_GetSystemFactorySetting
                        0x000024bb    0x1a  Code  Gb  userdata.o [1]
E2prom_GetUserName      0x00002453    0x40  Code  Gb  userdata.o [1]
E2prom_GetUserRank      0x00002493    0x28  Code  Gb  userdata.o [1]
E2prom_ListUsers        0x0000223f   0x198  Code  Gb  userdata.o [1]
E2prom_ModifyUser       0x000020e1   0x15e  Code  Gb  userdata.o [1]
E2prom_RemoveUser       0x000020b9    0x28  Code  Gb  userdata.o [1]
E2prom_SetSystemFactorySetting
                        0x000024d5    0x2a  Code  Gb  userdata.o [1]
E2prom_SystemSetup      0x00001eb5    0x28  Code  Gb  userdata.o [1]
E2prom_VerifyUserInfo   0x000023e9    0x6a  Code  Gb  userdata.o [1]
FactoryReset            0x000025a5    0x36  Code  Lc  userdata.o [1]
GetAdminsNumber         0x0000258b    0x1a  Code  Lc  userdata.o [1]
GetUsersNumber          0x00002571    0x1a  Code  Lc  userdata.o [1]
HardFault_Handler       0x0000277b     0x2  Code  Wk  cstartup_M.o [1]
I2C_Init                0x00002e25    0x56  Code  Gb  i2c.o [1]
I2C_ReceiveAck          0x00002f21    0x16  Code  Gb  i2c.o [1]
I2C_StartReceive        0x00002ed3    0x38  Code  Gb  i2c.o [1]
I2C_StartTransmit       0x00002e7b    0x58  Code  Gb  i2c.o [1]
I2C_StopReceive         0x00002f37    0x10  Code  Gb  i2c.o [1]
I2C_StopTransmit        0x00002f47    0x22  Code  Gb  i2c.o [1]
I2C_Transmit            0x00002f0b    0x16  Code  Gb  i2c.o [1]
Keypad_Init             0x00000b21   0x12e  Code  Gb  keypad.o [1]
Keypad_ReadChar         0x00000c4f   0x104  Code  Gb  keypad.o [1]
Keypad_ReadChar::gKeyMap
                        0x20000004    0x10  Data  Lc  keypad.o [1]
LCD_GoTo                0x00001e85    0x2e  Code  Gb  LCD.o [1]
LCD_Init                0x00001c15   0x118  Code  Gb  LCD.o [1]
LCD_Queue               0x200020dc     0x4  Data  Gb  appTasks.o [1]
LCD_WriteChar           0x00001d2d    0x68  Code  Gb  LCD.o [1]
LCD_WriteCommand        0x00001dff    0x68  Code  Gb  LCD.o [1]
LCD_WriteNewLine        0x00001d95    0x38  Code  Gb  LCD.o [1]
LCD_WriteString         0x00001dcd    0x32  Code  Gb  LCD.o [1]
MemManage_Handler       0x00002ad7     0x2  Code  Wk  cstartup_M.o [1]
NMI_Handler             0x00001eb3     0x2  Code  Wk  cstartup_M.o [1]
Region$$Table$$Base     0x000035fc           --   Gb  - Linker created -
Region$$Table$$Limit    0x00003620           --   Gb  - Linker created -
RelocateUser            0x00002717    0x64  Code  Lc  userdata.o [1]
SetAdminsNumber         0x0000254d    0x24  Code  Lc  userdata.o [1]
SetSystemState          0x000024ff    0x2a  Code  Gb  userdata.o [1]
SetUsersNumber          0x00002529    0x24  Code  Lc  userdata.o [1]
SystemDataSort          0x0000263d    0xda  Code  Lc  userdata.o [1]
Terminal_Queue          0x200020e0     0x4  Data  Gb  appTasks.o [1]
Terminal_ReceiveUserID  0x00002869    0x8c  Code  Gb  terminal.o [1]
Terminal_ReceiveUserName
                        0x00002995    0x9e  Code  Gb  terminal.o [1]
Terminal_ReceiveUserPassword
                        0x000028f5    0xa0  Code  Gb  terminal.o [1]
Terminal_ReceiveUserRank
                        0x00002a33    0x56  Code  Gb  terminal.o [1]
UART_Init               0x0000277d    0x88  Code  Gb  uart.o [1]
UART_ReceiveComplete    0x000009c9    0x28  Code  Gb  appTasks.o [1]
UART_SendChar           0x00002805    0x10  Code  Gb  uart.o [1]
UART_SendString         0x00002815    0x1c  Code  Gb  uart.o [1]
UartSemaphore           0x200020e4     0x4  Data  Gb  appTasks.o [1]
UsageFault_Handler      0x00002f9f     0x2  Code  Wk  cstartup_M.o [1]
__aeabi_memclr4         0x00002f99          Code  Gb  ABImemclr4.o [5]
__cmain                 0x0000376d          Code  Gb  cmain.o [5]
__exit                  0x0000379d    0x14  Code  Gb  exit.o [6]
__iar_Memset4_word      0x00003051          Code  Gb  ABImemset48.o [5]
__iar_Memset8_word      0x00003051          Code  Gb  ABImemset48.o [5]
__iar_copy_init3        0x00003485    0x2c  Code  Gb  copy_init3.o [5]
__iar_data_init3        0x000034d9    0x28  Code  Gb  data_init.o [5]
__iar_init_vfp          0x000035d9          Code  Gb  fpinit_M.o [4]
__iar_program_start     0x000039d1    0x10  Code  Gb  cstartup_M.o [1]
__iar_unaligned___aeabi_memcpy
                        0x00002dad          Code  Gb  ABImemcpy_unaligned.o [5]
__iar_unaligned___aeabi_memcpy4
                        0x00002dcd          Code  Gb  ABImemcpy_unaligned.o [5]
__iar_unaligned___aeabi_memcpy8
                        0x00002dcd          Code  Gb  ABImemcpy_unaligned.o [5]
__iar_unaligned_strcmp  0x00002a95          Code  Gb  strcmp_unaligned.o [5]
__iar_zero_init3        0x00003309    0x40  Code  Gb  zero_init3.o [5]
__low_level_init        0x00003787     0x4  Code  Gb  low_level_init.o [3]
__vector_table          0x00000000    0x58  Data  Gb  cstartup_M.o [1]
_call_main              0x00003779          Code  Gb  cmain.o [5]
_exit                   0x00003791          Code  Gb  cexit.o [5]
_main                   0x00003783          Code  Gb  cmain.o [5]
exit                    0x0000378b     0x4  Code  Gb  exit.o [3]
heapSTRUCT_SIZE         0x00001c12     0x2  Data  Lc  heap_2.o [1]
keypadHandle            0x200020ec     0x4  Data  Gb  main.o [1]
lcdHandle               0x200020f0     0x4  Data  Gb  main.o [1]
main                    0x00003085    0xbc  Code  Gb  main.o [1]
passwordIncorrectCounter
                        0x20002130     0x1  Data  Lc  appTasks.o [1]
prvAddCurrentTaskToDelayedList
                        0x00001535    0x80  Code  Lc  tasks.o [1]
prvAddNewTaskToReadyList
                        0x00000e95    0xb8  Code  Lc  tasks.o [1]
prvCheckTasksWaitingTermination
                        0x000014ef     0x2  Code  Lc  tasks.o [1]
prvCopyDataFromQueue    0x00001b41    0x2a  Code  Lc  queue.o [1]
prvCopyDataToQueue      0x00001acf    0x72  Code  Lc  queue.o [1]
prvHeapInit             0x00002bc7    0x2a  Code  Lc  heap_2.o [1]
prvIdleTask             0x00001479    0x24  Code  Lc  tasks.o [1]
prvInitialiseNewQueue   0x000016b1    0x1c  Code  Lc  queue.o [1]
prvInitialiseNewTask    0x00000e13    0x82  Code  Lc  tasks.o [1]
prvInitialiseTaskLists  0x0000149d    0x52  Code  Lc  tasks.o [1]
prvIsQueueEmpty         0x00001bd9    0x1c  Code  Lc  queue.o [1]
prvIsQueueFull          0x00001bf5    0x1e  Code  Lc  queue.o [1]
prvResetNextTaskUnblockTime
                        0x000014f1    0x2c  Code  Lc  tasks.o [1]
prvTaskExitError        0x00002cc9    0x10  Code  Lc  port.o [1]
prvTaskIsTaskSuspended  0x00001049    0x22  Code  Lc  tasks.o [1]
prvUnlockQueue          0x00001b6b    0x6e  Code  Lc  queue.o [1]
pvPortMalloc            0x00002ad9    0xb2  Code  Gb  heap_2.o [1]
pvPortMalloc::xHeapHasBeenInitialised
                        0x200020e8     0x4  Data  Lc  heap_2.o [1]
pxCurrentTCB            0x200020f8     0x4  Data  Gb  tasks.o [1]
pxDelayedTaskList       0x200020fc     0x4  Data  Lc  tasks.o [1]
pxOverflowDelayedTaskList
                        0x20002100     0x4  Data  Lc  tasks.o [1]
pxPortInitialiseStack   0x00002ca1    0x28  Code  Gb  port.o [1]
pxReadyTasksLists       0x20002018    0x64  Data  Lc  tasks.o [1]
terminalHandle          0x200020f4     0x4  Data  Gb  main.o [1]
ucHeap                  0x20001018  0x1000  Data  Lc  heap_2.o [1]
uxCriticalNesting       0x20000014     0x4  Data  Lc  port.o [1]
uxCurrentNumberOfTasks  0x20002104     0x4  Data  Lc  tasks.o [1]
uxListRemove            0x00002c7b    0x26  Code  Gb  list.o [1]
uxPendedTicks           0x20002114     0x4  Data  Lc  tasks.o [1]
uxQueueMessagesWaiting  0x00001abd    0x12  Code  Gb  queue.o [1]
uxSchedulerSuspended    0x2000212c     0x4  Data  Lc  tasks.o [1]
uxTaskNumber            0x20002120     0x4  Data  Lc  tasks.o [1]
uxTopReadyPriority      0x2000210c     0x4  Data  Lc  tasks.o [1]
vListInitialise         0x00002c09    0x1e  Code  Gb  list.o [1]
vListInitialiseItem     0x00002c27     0x6  Code  Gb  list.o [1]
vListInsert             0x00002c45    0x36  Code  Gb  list.o [1]
vListInsertEnd          0x00002c2d    0x18  Code  Gb  list.o [1]
vPortEnableVFP          0x00003035          Code  Gb  portasm.o [1]
vPortEnterCritical      0x00002d15    0x1a  Code  Gb  port.o [1]
vPortExitCritical       0x00002d2f    0x1a  Code  Gb  port.o [1]
vPortFree               0x00002b8b    0x3c  Code  Gb  heap_2.o [1]
vPortSVCHandler         0x00002ff9          Code  Gb  portasm.o [1]
vPortSetupTimerInterrupt
                        0x00002d85    0x28  Code  Wk  port.o [1]
vPortStartFirstTask     0x00003015          Code  Gb  portasm.o [1]
vTaskDelay              0x00000f4d    0x32  Code  Gb  tasks.o [1]
vTaskInternalSetTimeOutState
                        0x00001403    0x12  Code  Gb  tasks.o [1]
vTaskMissedYield        0x0000146f     0xa  Code  Gb  tasks.o [1]
vTaskPlaceOnEventList   0x00001379    0x1a  Code  Gb  tasks.o [1]
vTaskResume             0x0000106b    0x72  Code  Gb  tasks.o [1]
vTaskStartScheduler     0x000010dd    0x50  Code  Gb  tasks.o [1]
vTaskSuspend            0x00000f7f    0xca  Code  Gb  tasks.o [1]
vTaskSuspendAll         0x0000112d    0x10  Code  Gb  tasks.o [1]
vTaskSwitchContext      0x00001323    0x56  Code  Gb  tasks.o [1]
vTask_Keypad            0x00000059    0x4a  Code  Gb  appTasks.o [1]
vTask_LCD               0x000000a3   0x33a  Code  Gb  appTasks.o [1]
vTask_Terminal          0x000003e5   0x5e4  Code  Gb  appTasks.o [1]
xDelayedTaskList1       0x2000207c    0x14  Data  Lc  tasks.o [1]
xDelayedTaskList2       0x20002090    0x14  Data  Lc  tasks.o [1]
xEnd                    0x200020d4     0x8  Data  Lc  heap_2.o [1]
xFreeBytesRemaining     0x20000000     0x4  Data  Lc  heap_2.o [1]
xIdleTaskHandle         0x20002128     0x4  Data  Lc  tasks.o [1]
xNextTaskUnblockTime    0x20002124     0x4  Data  Lc  tasks.o [1]
xNumOfOverflows         0x2000211c     0x4  Data  Lc  tasks.o [1]
xPendingReadyList       0x200020a4    0x14  Data  Lc  tasks.o [1]
xPortPendSVHandler      0x00002fa1          Code  Gb  portasm.o [1]
xPortStartScheduler     0x00002cd9    0x3c  Code  Gb  port.o [1]
xPortSysTickHandler     0x00002d49    0x28  Code  Gb  port.o [1]
xQueueGenericCreate     0x0000167b    0x36  Code  Gb  queue.o [1]
xQueueGenericReset      0x000015fd    0x7e  Code  Gb  queue.o [1]
xQueueGenericSend       0x000016cd   0x10e  Code  Gb  queue.o [1]
xQueuePeek              0x000019bf    0xfa  Code  Gb  queue.o [1]
xQueueReceive           0x000017db    0xf6  Code  Gb  queue.o [1]
xQueueSemaphoreTake     0x000018d1    0xee  Code  Gb  queue.o [1]
xSchedulerRunning       0x20002110     0x4  Data  Lc  tasks.o [1]
xStart                  0x200020cc     0x8  Data  Lc  heap_2.o [1]
xSuspendedTaskList      0x200020b8    0x14  Data  Lc  tasks.o [1]
xTaskCheckForTimeOut    0x00001415    0x5a  Code  Gb  tasks.o [1]
xTaskCreate             0x00000d9d    0x76  Code  Gb  tasks.o [1]
xTaskIncrementTick      0x0000121d   0x106  Code  Gb  tasks.o [1]
xTaskRemoveFromEventList
                        0x00001393    0x70  Code  Gb  tasks.o [1]
xTaskResumeAll          0x0000113d    0xe0  Code  Gb  tasks.o [1]
xTickCount              0x20002108     0x4  Data  Lc  tasks.o [1]
xYieldPending           0x20002118     0x4  Data  Lc  tasks.o [1]


[1] = C:\Users\aidsg\Desktop\Smart-lock-sys\Debug\Obj
[2] = command line
[3] = dl7M_tln.a
[4] = m7M_tls.a
[5] = rt7M_tl.a
[6] = shb_l.a

  12 784 bytes of readonly  code memory
   2 160 bytes of readonly  data memory
   8 497 bytes of readwrite data memory

Errors: none
Warnings: none
