###############################################################################
#
# IAR ELF Linker V7.70.1.11437/W32 for ARM                12/Nov/2018  18:15:55
# Copyright 2007-2016 IAR Systems AB.
#
#    Output file  =  C:\Users\aidsg\Desktop\Smart-lock-sys\Debug\Exe\OS.out
#    Map file     =  C:\Users\aidsg\Desktop\Smart-lock-sys\Debug\List\OS.map
#    Command line =  
#        C:\Users\aidsg\Desktop\Smart-lock-sys\Debug\Obj\appTasks.o
#        C:\Users\aidsg\Desktop\Smart-lock-sys\Debug\Obj\cstartup_M.o
#        C:\Users\aidsg\Desktop\Smart-lock-sys\Debug\Obj\heap_2.o
#        C:\Users\aidsg\Desktop\Smart-lock-sys\Debug\Obj\i2c.o
#        C:\Users\aidsg\Desktop\Smart-lock-sys\Debug\Obj\keypad.o
#        C:\Users\aidsg\Desktop\Smart-lock-sys\Debug\Obj\LCD.o
#        C:\Users\aidsg\Desktop\Smart-lock-sys\Debug\Obj\list.o
#        C:\Users\aidsg\Desktop\Smart-lock-sys\Debug\Obj\main.o
#        C:\Users\aidsg\Desktop\Smart-lock-sys\Debug\Obj\port.o
#        C:\Users\aidsg\Desktop\Smart-lock-sys\Debug\Obj\portasm.o
#        C:\Users\aidsg\Desktop\Smart-lock-sys\Debug\Obj\queue.o
#        C:\Users\aidsg\Desktop\Smart-lock-sys\Debug\Obj\tasks.o
#        C:\Users\aidsg\Desktop\Smart-lock-sys\Debug\Obj\terminal.o
#        C:\Users\aidsg\Desktop\Smart-lock-sys\Debug\Obj\uart.o
#        C:\Users\aidsg\Desktop\Smart-lock-sys\Debug\Obj\userdata.o -o
#        C:\Users\aidsg\Desktop\Smart-lock-sys\Debug\Exe\OS.out --redirect
#        _Printf=_PrintfFull --redirect _Scanf=_ScanfFull --map
#        C:\Users\aidsg\Desktop\Smart-lock-sys\Debug\List\OS.map --config
#        "C:\Program Files (x86)\IAR Systems\Embedded Workbench
#        7.5\arm\config\linker\TexasInstruments\TM4C123GH6.icf" --semihosting
#        --entry __iar_program_start --vfe
#
###############################################################################

*******************************************************************************
*** RUNTIME MODEL ATTRIBUTES
***

CppFlavor       = *
__SystemLibrary = DLib


*******************************************************************************
*** PLACEMENT SUMMARY
***

"A0":  place at 0x00000000 { ro section .intvec };
"P1":  place in [from 0x00000000 to 0x0003ffff] { ro };
"P2":  place in [from 0x20000000 to 0x20007fff] { rw, block CSTACK, block HEAP };
initialize by copy { rw };

  Section            Kind        Address    Size  Object
  -------            ----        -------    ----  ------
"A0":                                       0x58
  .intvec            const    0x00000000    0x58  cstartup_M.o [1]
                            - 0x00000058    0x58

"P1":                                     0x3904
  .text              ro code  0x00000058   0xab8  appTasks.o [1]
  .text              ro code  0x00000b10   0x27c  keypad.o [1]
  .text              ro code  0x00000d8c   0x860  tasks.o [1]
  .text              ro code  0x000015ec   0x518  queue.o [1]
  .text              ro code  0x00001b04   0x29e  LCD.o [1]
  .rodata            const    0x00001da2     0x2  heap_2.o [1]
  .text              ro code  0x00001da4   0x8d4  userdata.o [1]
  .text              ro code  0x00002678    0xec  uart.o [1]
  .text              ro code  0x00002764   0x244  terminal.o [1]
  .text              ro code  0x000029a8    0x42  strcmp_unaligned.o [5]
  .text              ro code  0x000029ea     0x2  cstartup_M.o [1]
  .text              ro code  0x000029ec   0x130  heap_2.o [1]
  .text              ro code  0x00002b1c    0x98  list.o [1]
  .text              ro code  0x00002bb4   0x10c  port.o [1]
  .text              ro code  0x00002cc0    0x76  ABImemcpy_unaligned.o [5]
  .text              ro code  0x00002d36     0x2  cstartup_M.o [1]
  .text              ro code  0x00002d38   0x174  i2c.o [1]
  .text              ro code  0x00002eac     0x6  ABImemclr4.o [5]
  .text              ro code  0x00002eb2     0x2  cstartup_M.o [1]
  CODE               ro code  0x00002eb4    0xb0  portasm.o [1]
  .text              ro code  0x00002f64    0x32  ABImemset48.o [5]
  .text              ro code  0x00002f96     0x2  cstartup_M.o [1]
  .text              ro code  0x00002f98    0xbc  main.o [1]
  .rodata            const    0x00003054    0x5c  appTasks.o [1]
  .rodata            const    0x000030b0    0x5c  appTasks.o [1]
  .rodata            const    0x0000310c    0x50  appTasks.o [1]
  .rodata            const    0x0000315c    0x4c  appTasks.o [1]
  .rodata            const    0x000031a8    0x48  appTasks.o [1]
  .rodata            const    0x000031f0    0x44  appTasks.o [1]
  .rodata            const    0x00003234    0x44  appTasks.o [1]
  .text              ro code  0x00003278    0x40  zero_init3.o [5]
  .rodata            const    0x000032b8    0x3c  appTasks.o [1]
  .rodata            const    0x000032f4    0x3c  appTasks.o [1]
  .rodata            const    0x00003330    0x38  appTasks.o [1]
  .rodata            const    0x00003368    0x34  appTasks.o [1]
  .rodata            const    0x0000339c    0x2c  appTasks.o [1]
  .text              ro code  0x000033c8    0x2c  copy_init3.o [5]
  .rodata            const    0x000033f4    0x28  appTasks.o [1]
  .text              ro code  0x0000341c    0x28  data_init.o [5]
  .rodata            const    0x00003444    0x24  appTasks.o [1]
  .rodata            const    0x00003468    0x24  appTasks.o [1]
  .rodata            const    0x0000348c    0x24  appTasks.o [1]
  .rodata            const    0x000034b0    0x24  appTasks.o [1]
  .text              ro code  0x000034d4    0x22  fpinit_M.o [4]
  .iar.init_table    const    0x000034f8    0x24  - Linker created -
  .text              ro code  0x0000351c     0x2  cstartup_M.o [1]
  .rodata            const    0x00003520    0x20  appTasks.o [1]
  .rodata            const    0x00003540    0x20  appTasks.o [1]
  .rodata            const    0x00003560    0x20  appTasks.o [1]
  .rodata            const    0x00003580    0x20  appTasks.o [1]
  .rodata            const    0x000035a0    0x20  appTasks.o [1]
  .rodata            const    0x000035c0    0x20  appTasks.o [1]
  .rodata            const    0x000035e0    0x1c  appTasks.o [1]
  .rodata            const    0x000035fc    0x1c  appTasks.o [1]
  .rodata            const    0x00003618    0x1c  appTasks.o [1]
  .rodata            const    0x00003634    0x1c  appTasks.o [1]
  .rodata            const    0x00003650    0x1c  appTasks.o [1]
  .rodata            const    0x0000366c    0x1c  appTasks.o [1]
  .text              ro code  0x00003688    0x1a  cmain.o [5]
  .text              ro code  0x000036a2     0x4  low_level_init.o [3]
  .text              ro code  0x000036a6     0x4  exit.o [3]
  .text              ro code  0x000036aa     0x2  cstartup_M.o [1]
  .text              ro code  0x000036ac     0xa  cexit.o [5]
  .text              ro code  0x000036b8    0x14  exit.o [6]
  .rodata            const    0x000036cc    0x18  appTasks.o [1]
  .rodata            const    0x000036e4    0x18  appTasks.o [1]
  .rodata            const    0x000036fc    0x18  appTasks.o [1]
  .rodata            const    0x00003714    0x18  appTasks.o [1]
  .rodata            const    0x0000372c    0x18  appTasks.o [1]
  Initializer bytes  const    0x00003744    0x18  <for P2-1>
  .rodata            const    0x0000375c    0x14  appTasks.o [1]
  .rodata            const    0x00003770    0x14  appTasks.o [1]
  .rodata            const    0x00003784    0x14  appTasks.o [1]
  .rodata            const    0x00003798    0x14  appTasks.o [1]
  .rodata            const    0x000037ac    0x14  appTasks.o [1]
  .rodata            const    0x000037c0    0x14  appTasks.o [1]
  .rodata            const    0x000037d4    0x14  appTasks.o [1]
  .rodata            const    0x000037e8    0x14  appTasks.o [1]
  .rodata            const    0x000037fc    0x14  appTasks.o [1]
  .rodata            const    0x00003810    0x10  appTasks.o [1]
  .rodata            const    0x00003820    0x10  appTasks.o [1]
  .rodata            const    0x00003830    0x10  appTasks.o [1]
  .rodata            const    0x00003840    0x10  appTasks.o [1]
  .rodata            const    0x00003850    0x10  appTasks.o [1]
  .rodata            const    0x00003860    0x10  appTasks.o [1]
  .rodata            const    0x00003870    0x10  appTasks.o [1]
  .rodata            const    0x00003880    0x10  appTasks.o [1]
  .rodata            const    0x00003890    0x10  appTasks.o [1]
  .rodata            const    0x000038a0    0x10  appTasks.o [1]
  .rodata            const    0x000038b0    0x10  appTasks.o [1]
  .rodata            const    0x000038c0    0x10  userdata.o [1]
  .text              ro code  0x000038d0    0x10  cstartup_M.o [1]
  .rodata            const    0x000038e0     0xc  appTasks.o [1]
  .rodata            const    0x000038ec     0xc  appTasks.o [1]
  .rodata            const    0x000038f8     0xc  main.o [1]
  .rodata            const    0x00003904     0xc  userdata.o [1]
  .rodata            const    0x00003910     0xc  userdata.o [1]
  .rodata            const    0x0000391c     0x8  appTasks.o [1]
  .rodata            const    0x00003924     0x8  appTasks.o [1]
  .rodata            const    0x0000392c     0x8  appTasks.o [1]
  .rodata            const    0x00003934     0x8  appTasks.o [1]
  .rodata            const    0x0000393c     0x8  appTasks.o [1]
  .rodata            const    0x00003944     0x8  appTasks.o [1]
  .rodata            const    0x0000394c     0x8  main.o [1]
  .rodata            const    0x00003954     0x8  tasks.o [1]
  .rodata            const    0x0000395c     0x0  zero_init3.o [5]
  .rodata            const    0x0000395c     0x0  copy_init3.o [5]
                            - 0x0000395c  0x3904

"P2", part 1 of 3:                          0x18
  P2-1                        0x20000000    0x18  <Init block>
    .data            inited   0x20000000     0x4  heap_2.o [1]
    .data            inited   0x20000004    0x10  keypad.o [1]
    .data            inited   0x20000014     0x4  port.o [1]
                            - 0x20000018    0x18

"P2", part 2 of 3:                        0x1000
  CSTACK                      0x20000018  0x1000  <Block>
    CSTACK           uninit   0x20000018  0x1000  <Block tail>
                            - 0x20001018  0x1000

"P2", part 3 of 3:                        0x1140
  .bss               zero     0x20001018  0x1000  heap_2.o [1]
  .bss               zero     0x20002018    0x64  tasks.o [1]
  .bss               zero     0x2000207c    0x14  tasks.o [1]
  .bss               zero     0x20002090    0x14  tasks.o [1]
  .bss               zero     0x200020a4    0x14  tasks.o [1]
  .bss               zero     0x200020b8    0x14  tasks.o [1]
  .bss               zero     0x200020cc    0x14  userdata.o [1]
  .bss               zero     0x200020e0     0x8  appTasks.o [1]
  .bss               zero     0x200020e8     0x8  appTasks.o [1]
  .bss               zero     0x200020f0     0x8  heap_2.o [1]
  .bss               zero     0x200020f8     0x8  heap_2.o [1]
  .bss               zero     0x20002100     0x4  appTasks.o [1]
  .bss               zero     0x20002104     0x4  appTasks.o [1]
  .bss               zero     0x20002108     0x4  appTasks.o [1]
  .bss               zero     0x2000210c     0x4  heap_2.o [1]
  .bss               zero     0x20002110     0x4  main.o [1]
  .bss               zero     0x20002114     0x4  main.o [1]
  .bss               zero     0x20002118     0x4  main.o [1]
  .bss               zero     0x2000211c     0x4  tasks.o [1]
  .bss               zero     0x20002120     0x4  tasks.o [1]
  .bss               zero     0x20002124     0x4  tasks.o [1]
  .bss               zero     0x20002128     0x4  tasks.o [1]
  .bss               zero     0x2000212c     0x4  tasks.o [1]
  .bss               zero     0x20002130     0x4  tasks.o [1]
  .bss               zero     0x20002134     0x4  tasks.o [1]
  .bss               zero     0x20002138     0x4  tasks.o [1]
  .bss               zero     0x2000213c     0x4  tasks.o [1]
  .bss               zero     0x20002140     0x4  tasks.o [1]
  .bss               zero     0x20002144     0x4  tasks.o [1]
  .bss               zero     0x20002148     0x4  tasks.o [1]
  .bss               zero     0x2000214c     0x4  tasks.o [1]
  .bss               zero     0x20002150     0x4  tasks.o [1]
  .bss               zero     0x20002154     0x1  appTasks.o [1]
  .bss               zero     0x20002155     0x1  userdata.o [1]
  .bss               zero     0x20002156     0x1  userdata.o [1]
                            - 0x20002157  0x113f


*******************************************************************************
*** INIT TABLE
***

          Address     Size
          -------     ----
Zero (__iar_zero_init3)
    1 destination range, total size 0x113f:
          0x20001018  0x113f

Copy (__iar_copy_init3)
    1 source range, total size 0x18:
          0x00003744    0x18
    1 destination range, total size 0x18:
          0x20000000    0x18



*******************************************************************************
*** MODULE SUMMARY
***

    Module                 ro code  ro data  rw data
    ------                 -------  -------  -------
C:\Users\aidsg\Desktop\Smart-lock-sys\Debug\Obj: [1]
    LCD.o                      670
    appTasks.o               2 744    1 912       29
    cstartup_M.o                28       88
    heap_2.o                   304        6    4 120
    i2c.o                      372
    keypad.o                   636       16       16
    list.o                     152
    main.o                     188       20       12
    port.o                     268        4        4
    portasm.o                  176
    queue.o                  1 304
    tasks.o                  2 144        8      236
    terminal.o                 580
    uart.o                     236
    userdata.o               2 260       40       22
    ------------------------------------------------
    Total:                  12 062    2 094    4 439

command line: [2]
    ------------------------------------------------
    Total:

dl7M_tln.a: [3]
    exit.o                       4
    low_level_init.o             4
    ------------------------------------------------
    Total:                       8

m7M_tls.a: [4]
    fpinit_M.o                  34
    ------------------------------------------------
    Total:                      34

rt7M_tl.a: [5]
    ABImemclr4.o                 6
    ABImemcpy_unaligned.o      118
    ABImemset48.o               50
    cexit.o                     10
    cmain.o                     26
    copy_init3.o                44
    data_init.o                 40
    strcmp_unaligned.o          66
    zero_init3.o                64
    ------------------------------------------------
    Total:                     424

shb_l.a: [6]
    exit.o                      20
    ------------------------------------------------
    Total:                      20

    Gaps                         2        4
    Linker created                       36    4 096
----------------------------------------------------
    Grand Total:            12 550    2 134    8 535


*******************************************************************************
*** ENTRY LIST
***

Entry                      Address    Size  Type      Object
-----                      -------    ----  ----      ------
.iar.init_table$$Base   0x000034f8           --   Gb  - Linker created -
.iar.init_table$$Limit  0x0000351c           --   Gb  - Linker created -
?main                   0x00003689          Code  Gb  cmain.o [5]
BusFault_Handler        0x00002f97     0x2  Code  Wk  cstartup_M.o [1]
CSTACK$$Base            0x20000018           --   Gb  - Linker created -
CSTACK$$Limit           0x20001018           --   Gb  - Linker created -
CheckUserID             0x0000249d    0x5a  Code  Lc  userdata.o [1]
DebugMon_Handler        0x000036ab     0x2  Code  Wk  cstartup_M.o [1]
E2prom_AddUser          0x00001dcd   0x1e8  Code  Gb  userdata.o [1]
E2prom_GetSystemFactorySetting
                        0x000023d3    0x1a  Code  Gb  userdata.o [1]
E2prom_ListUsers        0x00002139   0x178  Code  Gb  userdata.o [1]
E2prom_ModifyUser       0x00001fef   0x14a  Code  Gb  userdata.o [1]
E2prom_RemoveUser       0x00001fb5    0x3a  Code  Gb  userdata.o [1]
E2prom_SetSystemFactorySetting
                        0x000023ed    0x18  Code  Gb  userdata.o [1]
E2prom_SystemSetup      0x00001da5    0x28  Code  Gb  userdata.o [1]
E2prom_VerifyAdminInfo  0x000022b1    0x8a  Code  Gb  userdata.o [1]
E2prom_VerifyUserInfo   0x0000233b    0x98  Code  Gb  userdata.o [1]
E2prom_VerifyUserInfo{1}{3}{4}{6}{9}{10}::user_name
                        0x200020cc    0x14  Data  Lc  userdata.o [1]
FactoryReset            0x00002467    0x36  Code  Lc  userdata.o [1]
GetUsersNumber          0x0000244d    0x1a  Code  Lc  userdata.o [1]
HardFault_Handler       0x00002d37     0x2  Code  Wk  cstartup_M.o [1]
I2C_Init                0x00002d39    0x56  Code  Gb  i2c.o [1]
I2C_ReceiveAck          0x00002e35    0x16  Code  Gb  i2c.o [1]
I2C_StartReceive        0x00002de7    0x38  Code  Gb  i2c.o [1]
I2C_StartTransmit       0x00002d8f    0x58  Code  Gb  i2c.o [1]
I2C_StopReceive         0x00002e4b    0x10  Code  Gb  i2c.o [1]
I2C_StopTransmit        0x00002e5b    0x22  Code  Gb  i2c.o [1]
I2C_Transmit            0x00002e1f    0x16  Code  Gb  i2c.o [1]
Keypad_Init             0x00000b11   0x12e  Code  Gb  keypad.o [1]
Keypad_ReadChar         0x00000c3f   0x104  Code  Gb  keypad.o [1]
Keypad_ReadChar::gKeyMap
                        0x20000004    0x10  Data  Lc  keypad.o [1]
LCD_GoTo                0x00001d75    0x2e  Code  Gb  LCD.o [1]
LCD_Init                0x00001b05   0x118  Code  Gb  LCD.o [1]
LCD_Queue               0x20002100     0x4  Data  Gb  appTasks.o [1]
LCD_WriteChar           0x00001c1d    0x68  Code  Gb  LCD.o [1]
LCD_WriteCommand        0x00001cef    0x68  Code  Gb  LCD.o [1]
LCD_WriteNewLine        0x00001c85    0x38  Code  Gb  LCD.o [1]
LCD_WriteString         0x00001cbd    0x32  Code  Gb  LCD.o [1]
MemManage_Handler       0x00002eb3     0x2  Code  Wk  cstartup_M.o [1]
NMI_Handler             0x000029eb     0x2  Code  Wk  cstartup_M.o [1]
Region$$Table$$Base     0x000034f8           --   Gb  - Linker created -
Region$$Table$$Limit    0x0000351c           --   Gb  - Linker created -
RelocateUser            0x00002615    0x64  Code  Lc  userdata.o [1]
SetAdminsNumber         0x00002435    0x18  Code  Lc  userdata.o [1]
SetSystemState          0x00002405    0x18  Code  Gb  userdata.o [1]
SetUsersNumber          0x0000241d    0x18  Code  Lc  userdata.o [1]
SystemDataSort          0x000024fd    0xfe  Code  Lc  userdata.o [1]
Terminal_Queue          0x20002104     0x4  Data  Gb  appTasks.o [1]
Terminal_ReceiveUserID  0x00002765    0x92  Code  Gb  terminal.o [1]
Terminal_ReceiveUserName
                        0x0000289d    0xa4  Code  Gb  terminal.o [1]
Terminal_ReceiveUserPassword
                        0x000027f7    0xa6  Code  Gb  terminal.o [1]
Terminal_ReceiveUserRank
                        0x00002941    0x56  Code  Gb  terminal.o [1]
UART_Init               0x00002679    0x88  Code  Gb  uart.o [1]
UART_ReceiveComplete    0x000009c9    0x28  Code  Gb  appTasks.o [1]
UART_SendChar           0x00002701    0x10  Code  Gb  uart.o [1]
UART_SendString         0x00002711    0x1c  Code  Gb  uart.o [1]
UartSemaphore           0x20002108     0x4  Data  Gb  appTasks.o [1]
UsageFault_Handler      0x0000351d     0x2  Code  Wk  cstartup_M.o [1]
__aeabi_memclr4         0x00002ead          Code  Gb  ABImemclr4.o [5]
__cmain                 0x00003689          Code  Gb  cmain.o [5]
__exit                  0x000036b9    0x14  Code  Gb  exit.o [6]
__iar_Memset4_word      0x00002f65          Code  Gb  ABImemset48.o [5]
__iar_Memset8_word      0x00002f65          Code  Gb  ABImemset48.o [5]
__iar_copy_init3        0x000033c9    0x2c  Code  Gb  copy_init3.o [5]
__iar_data_init3        0x0000341d    0x28  Code  Gb  data_init.o [5]
__iar_init_vfp          0x000034d5          Code  Gb  fpinit_M.o [4]
__iar_program_start     0x000038d1    0x10  Code  Gb  cstartup_M.o [1]
__iar_unaligned___aeabi_memcpy
                        0x00002cc1          Code  Gb  ABImemcpy_unaligned.o [5]
__iar_unaligned___aeabi_memcpy4
                        0x00002ce1          Code  Gb  ABImemcpy_unaligned.o [5]
__iar_unaligned___aeabi_memcpy8
                        0x00002ce1          Code  Gb  ABImemcpy_unaligned.o [5]
__iar_unaligned_strcmp  0x000029a9          Code  Gb  strcmp_unaligned.o [5]
__iar_zero_init3        0x00003279    0x40  Code  Gb  zero_init3.o [5]
__low_level_init        0x000036a3     0x4  Code  Gb  low_level_init.o [3]
__vector_table          0x00000000    0x58  Data  Gb  cstartup_M.o [1]
_call_main              0x00003695          Code  Gb  cmain.o [5]
_exit                   0x000036ad          Code  Gb  cexit.o [5]
_main                   0x0000369f          Code  Gb  cmain.o [5]
exit                    0x000036a7     0x4  Code  Gb  exit.o [3]
g_ID                    0x200020e8     0x8  Data  Lc  appTasks.o [1]
g_Password              0x200020e0     0x8  Data  Lc  appTasks.o [1]
g_admins_number         0x20002156     0x1  Data  Gb  userdata.o [1]
g_users_number          0x20002155     0x1  Data  Gb  userdata.o [1]
heapSTRUCT_SIZE         0x00001da2     0x2  Data  Lc  heap_2.o [1]
keypadHandle            0x20002110     0x4  Data  Gb  main.o [1]
lcdHandle               0x20002114     0x4  Data  Gb  main.o [1]
main                    0x00002f99    0xbc  Code  Gb  main.o [1]
passwordIncorrectCounter
                        0x20002154     0x1  Data  Lc  appTasks.o [1]
prvAddCurrentTaskToDelayedList
                        0x00001525    0x80  Code  Lc  tasks.o [1]
prvAddNewTaskToReadyList
                        0x00000e85    0xb8  Code  Lc  tasks.o [1]
prvCheckTasksWaitingTermination
                        0x000014df     0x2  Code  Lc  tasks.o [1]
prvCopyDataFromQueue    0x00001a33    0x2a  Code  Lc  queue.o [1]
prvCopyDataToQueue      0x000019c1    0x72  Code  Lc  queue.o [1]
prvHeapInit             0x00002adb    0x2a  Code  Lc  heap_2.o [1]
prvIdleTask             0x00001469    0x24  Code  Lc  tasks.o [1]
prvInitialiseNewQueue   0x000016a1    0x1c  Code  Lc  queue.o [1]
prvInitialiseNewTask    0x00000e03    0x82  Code  Lc  tasks.o [1]
prvInitialiseTaskLists  0x0000148d    0x52  Code  Lc  tasks.o [1]
prvIsQueueEmpty         0x00001acb    0x1c  Code  Lc  queue.o [1]
prvIsQueueFull          0x00001ae7    0x1e  Code  Lc  queue.o [1]
prvResetNextTaskUnblockTime
                        0x000014e1    0x2c  Code  Lc  tasks.o [1]
prvTaskExitError        0x00002bdd    0x10  Code  Lc  port.o [1]
prvTaskIsTaskSuspended  0x00001039    0x22  Code  Lc  tasks.o [1]
prvUnlockQueue          0x00001a5d    0x6e  Code  Lc  queue.o [1]
pvPortMalloc            0x000029ed    0xb2  Code  Gb  heap_2.o [1]
pvPortMalloc::xHeapHasBeenInitialised
                        0x2000210c     0x4  Data  Lc  heap_2.o [1]
pxCurrentTCB            0x2000211c     0x4  Data  Gb  tasks.o [1]
pxDelayedTaskList       0x20002120     0x4  Data  Lc  tasks.o [1]
pxOverflowDelayedTaskList
                        0x20002124     0x4  Data  Lc  tasks.o [1]
pxPortInitialiseStack   0x00002bb5    0x28  Code  Gb  port.o [1]
pxReadyTasksLists       0x20002018    0x64  Data  Lc  tasks.o [1]
terminalHandle          0x20002118     0x4  Data  Gb  main.o [1]
ucHeap                  0x20001018  0x1000  Data  Lc  heap_2.o [1]
uxCriticalNesting       0x20000014     0x4  Data  Lc  port.o [1]
uxCurrentNumberOfTasks  0x20002128     0x4  Data  Lc  tasks.o [1]
uxListRemove            0x00002b8f    0x26  Code  Gb  list.o [1]
uxPendedTicks           0x20002138     0x4  Data  Lc  tasks.o [1]
uxSchedulerSuspended    0x20002150     0x4  Data  Lc  tasks.o [1]
uxTaskNumber            0x20002144     0x4  Data  Lc  tasks.o [1]
uxTopReadyPriority      0x20002130     0x4  Data  Lc  tasks.o [1]
vListInitialise         0x00002b1d    0x1e  Code  Gb  list.o [1]
vListInitialiseItem     0x00002b3b     0x6  Code  Gb  list.o [1]
vListInsert             0x00002b59    0x36  Code  Gb  list.o [1]
vListInsertEnd          0x00002b41    0x18  Code  Gb  list.o [1]
vPortEnableVFP          0x00002f49          Code  Gb  portasm.o [1]
vPortEnterCritical      0x00002c29    0x1a  Code  Gb  port.o [1]
vPortExitCritical       0x00002c43    0x1a  Code  Gb  port.o [1]
vPortFree               0x00002a9f    0x3c  Code  Gb  heap_2.o [1]
vPortSVCHandler         0x00002f0d          Code  Gb  portasm.o [1]
vPortSetupTimerInterrupt
                        0x00002c99    0x28  Code  Wk  port.o [1]
vPortStartFirstTask     0x00002f29          Code  Gb  portasm.o [1]
vTaskDelay              0x00000f3d    0x32  Code  Gb  tasks.o [1]
vTaskInternalSetTimeOutState
                        0x000013f3    0x12  Code  Gb  tasks.o [1]
vTaskMissedYield        0x0000145f     0xa  Code  Gb  tasks.o [1]
vTaskPlaceOnEventList   0x00001369    0x1a  Code  Gb  tasks.o [1]
vTaskResume             0x0000105b    0x72  Code  Gb  tasks.o [1]
vTaskStartScheduler     0x000010cd    0x50  Code  Gb  tasks.o [1]
vTaskSuspend            0x00000f6f    0xca  Code  Gb  tasks.o [1]
vTaskSuspendAll         0x0000111d    0x10  Code  Gb  tasks.o [1]
vTaskSwitchContext      0x00001313    0x56  Code  Gb  tasks.o [1]
vTask_Keypad            0x00000059    0x4a  Code  Gb  appTasks.o [1]
vTask_LCD               0x000000a3   0x2be  Code  Gb  appTasks.o [1]
vTask_Terminal          0x00000365   0x65c  Code  Gb  appTasks.o [1]
xDelayedTaskList1       0x2000207c    0x14  Data  Lc  tasks.o [1]
xDelayedTaskList2       0x20002090    0x14  Data  Lc  tasks.o [1]
xEnd                    0x200020f8     0x8  Data  Lc  heap_2.o [1]
xFreeBytesRemaining     0x20000000     0x4  Data  Lc  heap_2.o [1]
xIdleTaskHandle         0x2000214c     0x4  Data  Lc  tasks.o [1]
xNextTaskUnblockTime    0x20002148     0x4  Data  Lc  tasks.o [1]
xNumOfOverflows         0x20002140     0x4  Data  Lc  tasks.o [1]
xPendingReadyList       0x200020a4    0x14  Data  Lc  tasks.o [1]
xPortPendSVHandler      0x00002eb5          Code  Gb  portasm.o [1]
xPortStartScheduler     0x00002bed    0x3c  Code  Gb  port.o [1]
xPortSysTickHandler     0x00002c5d    0x28  Code  Gb  port.o [1]
xQueueGenericCreate     0x0000166b    0x36  Code  Gb  queue.o [1]
xQueueGenericReset      0x000015ed    0x7e  Code  Gb  queue.o [1]
xQueueGenericSend       0x000016bd   0x10e  Code  Gb  queue.o [1]
xQueuePeek              0x000018c1    0xfa  Code  Gb  queue.o [1]
xQueueReceive           0x000017cb    0xf6  Code  Gb  queue.o [1]
xSchedulerRunning       0x20002134     0x4  Data  Lc  tasks.o [1]
xStart                  0x200020f0     0x8  Data  Lc  heap_2.o [1]
xSuspendedTaskList      0x200020b8    0x14  Data  Lc  tasks.o [1]
xTaskCheckForTimeOut    0x00001405    0x5a  Code  Gb  tasks.o [1]
xTaskCreate             0x00000d8d    0x76  Code  Gb  tasks.o [1]
xTaskIncrementTick      0x0000120d   0x106  Code  Gb  tasks.o [1]
xTaskRemoveFromEventList
                        0x00001383    0x70  Code  Gb  tasks.o [1]
xTaskResumeAll          0x0000112d    0xe0  Code  Gb  tasks.o [1]
xTickCount              0x2000212c     0x4  Data  Lc  tasks.o [1]
xYieldPending           0x2000213c     0x4  Data  Lc  tasks.o [1]


[1] = C:\Users\aidsg\Desktop\Smart-lock-sys\Debug\Obj
[2] = command line
[3] = dl7M_tln.a
[4] = m7M_tls.a
[5] = rt7M_tl.a
[6] = shb_l.a

  12 550 bytes of readonly  code memory
   2 134 bytes of readonly  data memory
   8 535 bytes of readwrite data memory

Errors: none
Warnings: none
