###############################################################################
#
# IAR ELF Linker V7.70.1.11437/W32 for ARM                13/Nov/2018  04:41:34
# Copyright 2007-2016 IAR Systems AB.
#
#    Output file  =  C:\Users\aidsg\Desktop\Smart-lock-sys\Debug\Exe\OS.out
#    Map file     =  C:\Users\aidsg\Desktop\Smart-lock-sys\Debug\List\OS.map
#    Command line =  
#        C:\Users\aidsg\Desktop\Smart-lock-sys\Debug\Obj\appTasks.o
#        C:\Users\aidsg\Desktop\Smart-lock-sys\Debug\Obj\cstartup_M.o
#        C:\Users\aidsg\Desktop\Smart-lock-sys\Debug\Obj\heap_2.o
#        C:\Users\aidsg\Desktop\Smart-lock-sys\Debug\Obj\i2c.o
#        C:\Users\aidsg\Desktop\Smart-lock-sys\Debug\Obj\keypad.o
#        C:\Users\aidsg\Desktop\Smart-lock-sys\Debug\Obj\LCD.o
#        C:\Users\aidsg\Desktop\Smart-lock-sys\Debug\Obj\list.o
#        C:\Users\aidsg\Desktop\Smart-lock-sys\Debug\Obj\main.o
#        C:\Users\aidsg\Desktop\Smart-lock-sys\Debug\Obj\port.o
#        C:\Users\aidsg\Desktop\Smart-lock-sys\Debug\Obj\portasm.o
#        C:\Users\aidsg\Desktop\Smart-lock-sys\Debug\Obj\queue.o
#        C:\Users\aidsg\Desktop\Smart-lock-sys\Debug\Obj\tasks.o
#        C:\Users\aidsg\Desktop\Smart-lock-sys\Debug\Obj\terminal.o
#        C:\Users\aidsg\Desktop\Smart-lock-sys\Debug\Obj\uart.o
#        C:\Users\aidsg\Desktop\Smart-lock-sys\Debug\Obj\userdata.o -o
#        C:\Users\aidsg\Desktop\Smart-lock-sys\Debug\Exe\OS.out --redirect
#        _Printf=_PrintfFull --redirect _Scanf=_ScanfFull --map
#        C:\Users\aidsg\Desktop\Smart-lock-sys\Debug\List\OS.map --config
#        "C:\Program Files (x86)\IAR Systems\Embedded Workbench
#        7.5\arm\config\linker\TexasInstruments\TM4C123GH6.icf" --semihosting
#        --entry __iar_program_start --vfe
#
###############################################################################

*******************************************************************************
*** RUNTIME MODEL ATTRIBUTES
***

CppFlavor       = *
__SystemLibrary = DLib


*******************************************************************************
*** PLACEMENT SUMMARY
***

"A0":  place at 0x00000000 { ro section .intvec };
"P1":  place in [from 0x00000000 to 0x0003ffff] { ro };
"P2":  place in [from 0x20000000 to 0x20007fff] { rw, block CSTACK, block HEAP };
initialize by copy { rw };

  Section            Kind        Address    Size  Object
  -------            ----        -------    ----  ------
"A0":                                       0x58
  .intvec            const    0x00000000    0x58  cstartup_M.o [1]
                            - 0x00000058    0x58

"P1":                                     0x3a00
  .text              ro code  0x00000058   0xaac  appTasks.o [1]
  .text              ro code  0x00000b04   0x27c  keypad.o [1]
  .text              ro code  0x00000d80   0x860  tasks.o [1]
  .text              ro code  0x000015e0   0x616  queue.o [1]
  .rodata            const    0x00001bf6     0x2  heap_2.o [1]
  .text              ro code  0x00001bf8   0x29e  LCD.o [1]
  .text              ro code  0x00001e96     0x2  cstartup_M.o [1]
  .text              ro code  0x00001e98   0x8c6  userdata.o [1]
  .text              ro code  0x0000275e     0x2  cstartup_M.o [1]
  .text              ro code  0x00002760    0xec  uart.o [1]
  .text              ro code  0x0000284c   0x22c  terminal.o [1]
  .text              ro code  0x00002a78    0x42  strcmp_unaligned.o [5]
  .text              ro code  0x00002aba     0x2  cstartup_M.o [1]
  .text              ro code  0x00002abc   0x130  heap_2.o [1]
  .text              ro code  0x00002bec    0x98  list.o [1]
  .text              ro code  0x00002c84   0x10c  port.o [1]
  .text              ro code  0x00002d90    0x76  ABImemcpy_unaligned.o [5]
  .text              ro code  0x00002e06     0x2  cstartup_M.o [1]
  .text              ro code  0x00002e08   0x174  i2c.o [1]
  .text              ro code  0x00002f7c     0x6  ABImemclr4.o [5]
  .text              ro code  0x00002f82     0x2  cstartup_M.o [1]
  CODE               ro code  0x00002f84    0xb0  portasm.o [1]
  .text              ro code  0x00003034    0x32  ABImemset48.o [5]
  .text              ro code  0x00003066     0x2  cstartup_M.o [1]
  .text              ro code  0x00003068    0xbc  main.o [1]
  .rodata            const    0x00003124    0x5c  appTasks.o [1]
  .rodata            const    0x00003180    0x50  appTasks.o [1]
  .rodata            const    0x000031d0    0x4c  appTasks.o [1]
  .rodata            const    0x0000321c    0x48  appTasks.o [1]
  .rodata            const    0x00003264    0x44  appTasks.o [1]
  .rodata            const    0x000032a8    0x44  appTasks.o [1]
  .text              ro code  0x000032ec    0x40  zero_init3.o [5]
  .rodata            const    0x0000332c    0x3c  appTasks.o [1]
  .rodata            const    0x00003368    0x3c  appTasks.o [1]
  .rodata            const    0x000033a4    0x38  appTasks.o [1]
  .rodata            const    0x000033dc    0x34  appTasks.o [1]
  .rodata            const    0x00003410    0x2c  appTasks.o [1]
  .rodata            const    0x0000343c    0x2c  appTasks.o [1]
  .text              ro code  0x00003468    0x2c  copy_init3.o [5]
  .rodata            const    0x00003494    0x28  appTasks.o [1]
  .text              ro code  0x000034bc    0x28  data_init.o [5]
  .rodata            const    0x000034e4    0x24  appTasks.o [1]
  .rodata            const    0x00003508    0x24  appTasks.o [1]
  .rodata            const    0x0000352c    0x24  appTasks.o [1]
  .rodata            const    0x00003550    0x24  appTasks.o [1]
  .rodata            const    0x00003574    0x24  appTasks.o [1]
  .rodata            const    0x00003598    0x24  appTasks.o [1]
  .text              ro code  0x000035bc    0x22  fpinit_M.o [4]
  .iar.init_table    const    0x000035e0    0x24  - Linker created -
  .rodata            const    0x00003604    0x20  appTasks.o [1]
  .rodata            const    0x00003624    0x20  appTasks.o [1]
  .rodata            const    0x00003644    0x20  appTasks.o [1]
  .rodata            const    0x00003664    0x20  appTasks.o [1]
  .rodata            const    0x00003684    0x20  appTasks.o [1]
  .rodata            const    0x000036a4    0x20  appTasks.o [1]
  .rodata            const    0x000036c4    0x1c  appTasks.o [1]
  .rodata            const    0x000036e0    0x1c  appTasks.o [1]
  .rodata            const    0x000036fc    0x1c  appTasks.o [1]
  .rodata            const    0x00003718    0x1c  appTasks.o [1]
  .rodata            const    0x00003734    0x1c  appTasks.o [1]
  .text              ro code  0x00003750    0x1a  cmain.o [5]
  .text              ro code  0x0000376a     0x4  low_level_init.o [3]
  .text              ro code  0x0000376e     0x4  exit.o [3]
  .text              ro code  0x00003774     0xa  cexit.o [5]
  .text              ro code  0x00003780    0x14  exit.o [6]
  .rodata            const    0x00003794    0x18  appTasks.o [1]
  .rodata            const    0x000037ac    0x18  appTasks.o [1]
  .rodata            const    0x000037c4    0x18  appTasks.o [1]
  .rodata            const    0x000037dc    0x18  appTasks.o [1]
  Initializer bytes  const    0x000037f4    0x18  <for P2-1>
  .rodata            const    0x0000380c    0x14  appTasks.o [1]
  .rodata            const    0x00003820    0x14  appTasks.o [1]
  .rodata            const    0x00003834    0x14  appTasks.o [1]
  .rodata            const    0x00003848    0x14  appTasks.o [1]
  .rodata            const    0x0000385c    0x14  appTasks.o [1]
  .rodata            const    0x00003870    0x14  appTasks.o [1]
  .rodata            const    0x00003884    0x14  appTasks.o [1]
  .rodata            const    0x00003898    0x14  appTasks.o [1]
  .rodata            const    0x000038ac    0x14  appTasks.o [1]
  .rodata            const    0x000038c0    0x14  appTasks.o [1]
  .rodata            const    0x000038d4    0x14  appTasks.o [1]
  .rodata            const    0x000038e8    0x10  appTasks.o [1]
  .rodata            const    0x000038f8    0x10  appTasks.o [1]
  .rodata            const    0x00003908    0x10  appTasks.o [1]
  .rodata            const    0x00003918    0x10  appTasks.o [1]
  .rodata            const    0x00003928    0x10  appTasks.o [1]
  .rodata            const    0x00003938    0x10  appTasks.o [1]
  .rodata            const    0x00003948    0x10  appTasks.o [1]
  .rodata            const    0x00003958    0x10  appTasks.o [1]
  .rodata            const    0x00003968    0x10  appTasks.o [1]
  .rodata            const    0x00003978    0x10  appTasks.o [1]
  .rodata            const    0x00003988    0x10  appTasks.o [1]
  .rodata            const    0x00003998    0x10  appTasks.o [1]
  .rodata            const    0x000039a8    0x10  appTasks.o [1]
  .rodata            const    0x000039b8    0x10  userdata.o [1]
  .text              ro code  0x000039c8    0x10  cstartup_M.o [1]
  .rodata            const    0x000039d8     0xc  appTasks.o [1]
  .rodata            const    0x000039e4     0xc  appTasks.o [1]
  .rodata            const    0x000039f0     0xc  appTasks.o [1]
  .rodata            const    0x000039fc     0xc  main.o [1]
  .rodata            const    0x00003a08     0xc  userdata.o [1]
  .rodata            const    0x00003a14     0xc  userdata.o [1]
  .rodata            const    0x00003a20     0x8  appTasks.o [1]
  .rodata            const    0x00003a28     0x8  appTasks.o [1]
  .rodata            const    0x00003a30     0x8  appTasks.o [1]
  .rodata            const    0x00003a38     0x8  appTasks.o [1]
  .rodata            const    0x00003a40     0x8  appTasks.o [1]
  .rodata            const    0x00003a48     0x8  main.o [1]
  .rodata            const    0x00003a50     0x8  tasks.o [1]
  .rodata            const    0x00003a58     0x0  zero_init3.o [5]
  .rodata            const    0x00003a58     0x0  copy_init3.o [5]
                            - 0x00003a58  0x3a00

"P2", part 1 of 3:                          0x18
  P2-1                        0x20000000    0x18  <Init block>
    .data            inited   0x20000000     0x4  heap_2.o [1]
    .data            inited   0x20000004    0x10  keypad.o [1]
    .data            inited   0x20000014     0x4  port.o [1]
                            - 0x20000018    0x18

"P2", part 2 of 3:                        0x1000
  CSTACK                      0x20000018  0x1000  <Block>
    CSTACK           uninit   0x20000018  0x1000  <Block tail>
                            - 0x20001018  0x1000

"P2", part 3 of 3:                        0x111c
  .bss               zero     0x20001018  0x1000  heap_2.o [1]
  .bss               zero     0x20002018    0x64  tasks.o [1]
  .bss               zero     0x2000207c    0x14  tasks.o [1]
  .bss               zero     0x20002090    0x14  tasks.o [1]
  .bss               zero     0x200020a4    0x14  tasks.o [1]
  .bss               zero     0x200020b8    0x14  tasks.o [1]
  .bss               zero     0x200020cc     0x8  heap_2.o [1]
  .bss               zero     0x200020d4     0x8  heap_2.o [1]
  .bss               zero     0x200020dc     0x4  appTasks.o [1]
  .bss               zero     0x200020e0     0x4  appTasks.o [1]
  .bss               zero     0x200020e4     0x4  appTasks.o [1]
  .bss               zero     0x200020e8     0x4  heap_2.o [1]
  .bss               zero     0x200020ec     0x4  main.o [1]
  .bss               zero     0x200020f0     0x4  main.o [1]
  .bss               zero     0x200020f4     0x4  main.o [1]
  .bss               zero     0x200020f8     0x4  tasks.o [1]
  .bss               zero     0x200020fc     0x4  tasks.o [1]
  .bss               zero     0x20002100     0x4  tasks.o [1]
  .bss               zero     0x20002104     0x4  tasks.o [1]
  .bss               zero     0x20002108     0x4  tasks.o [1]
  .bss               zero     0x2000210c     0x4  tasks.o [1]
  .bss               zero     0x20002110     0x4  tasks.o [1]
  .bss               zero     0x20002114     0x4  tasks.o [1]
  .bss               zero     0x20002118     0x4  tasks.o [1]
  .bss               zero     0x2000211c     0x4  tasks.o [1]
  .bss               zero     0x20002120     0x4  tasks.o [1]
  .bss               zero     0x20002124     0x4  tasks.o [1]
  .bss               zero     0x20002128     0x4  tasks.o [1]
  .bss               zero     0x2000212c     0x4  tasks.o [1]
  .bss               zero     0x20002130     0x1  appTasks.o [1]
                            - 0x20002131  0x1119


*******************************************************************************
*** INIT TABLE
***

          Address     Size
          -------     ----
Zero (__iar_zero_init3)
    1 destination range, total size 0x1119:
          0x20001018  0x1119

Copy (__iar_copy_init3)
    1 source range, total size 0x18:
          0x000037f4    0x18
    1 destination range, total size 0x18:
          0x20000000    0x18



*******************************************************************************
*** MODULE SUMMARY
***

    Module                 ro code  ro data  rw data
    ------                 -------  -------  -------
C:\Users\aidsg\Desktop\Smart-lock-sys\Debug\Obj: [1]
    LCD.o                      670
    appTasks.o               2 732    1 960       13
    cstartup_M.o                28       88
    heap_2.o                   304        6    4 120
    i2c.o                      372
    keypad.o                   636       16       16
    list.o                     152
    main.o                     188       20       12
    port.o                     268        4        4
    portasm.o                  176
    queue.o                  1 558
    tasks.o                  2 144        8      236
    terminal.o                 556
    uart.o                     236
    userdata.o               2 246       40
    ------------------------------------------------
    Total:                  12 266    2 142    4 401

command line: [2]
    ------------------------------------------------
    Total:

dl7M_tln.a: [3]
    exit.o                       4
    low_level_init.o             4
    ------------------------------------------------
    Total:                       8

m7M_tls.a: [4]
    fpinit_M.o                  34
    ------------------------------------------------
    Total:                      34

rt7M_tl.a: [5]
    ABImemclr4.o                 6
    ABImemcpy_unaligned.o      118
    ABImemset48.o               50
    cexit.o                     10
    cmain.o                     26
    copy_init3.o                44
    data_init.o                 40
    strcmp_unaligned.o          66
    zero_init3.o                64
    ------------------------------------------------
    Total:                     424

shb_l.a: [6]
    exit.o                      20
    ------------------------------------------------
    Total:                      20

    Gaps                         4        2
    Linker created                       36    4 096
----------------------------------------------------
    Grand Total:            12 756    2 180    8 497


*******************************************************************************
*** ENTRY LIST
***

Entry                      Address    Size  Type      Object
-----                      -------    ----  ----      ------
.iar.init_table$$Base   0x000035e0           --   Gb  - Linker created -
.iar.init_table$$Limit  0x00003604           --   Gb  - Linker created -
?main                   0x00003751          Code  Gb  cmain.o [5]
BusFault_Handler        0x00002e07     0x2  Code  Wk  cstartup_M.o [1]
CSTACK$$Base            0x20000018           --   Gb  - Linker created -
CSTACK$$Limit           0x20001018           --   Gb  - Linker created -
CheckUserID             0x000025bf    0x62  Code  Lc  userdata.o [1]
DebugMon_Handler        0x00003067     0x2  Code  Wk  cstartup_M.o [1]
E2prom_AddUser          0x00001ec1   0x1dc  Code  Gb  userdata.o [1]
E2prom_GetSystemFactorySetting
                        0x0000249f    0x1a  Code  Gb  userdata.o [1]
E2prom_GetUserName      0x00002437    0x40  Code  Gb  userdata.o [1]
E2prom_GetUserRank      0x00002477    0x28  Code  Gb  userdata.o [1]
E2prom_ListUsers        0x00002223   0x198  Code  Gb  userdata.o [1]
E2prom_ModifyUser       0x000020c5   0x15e  Code  Gb  userdata.o [1]
E2prom_RemoveUser       0x0000209d    0x28  Code  Gb  userdata.o [1]
E2prom_SetSystemFactorySetting
                        0x000024b9    0x2a  Code  Gb  userdata.o [1]
E2prom_SystemSetup      0x00001e99    0x28  Code  Gb  userdata.o [1]
E2prom_VerifyUserInfo   0x000023cd    0x6a  Code  Gb  userdata.o [1]
FactoryReset            0x00002589    0x36  Code  Lc  userdata.o [1]
GetAdminsNumber         0x0000256f    0x1a  Code  Lc  userdata.o [1]
GetUsersNumber          0x00002555    0x1a  Code  Lc  userdata.o [1]
HardFault_Handler       0x0000275f     0x2  Code  Wk  cstartup_M.o [1]
I2C_Init                0x00002e09    0x56  Code  Gb  i2c.o [1]
I2C_ReceiveAck          0x00002f05    0x16  Code  Gb  i2c.o [1]
I2C_StartReceive        0x00002eb7    0x38  Code  Gb  i2c.o [1]
I2C_StartTransmit       0x00002e5f    0x58  Code  Gb  i2c.o [1]
I2C_StopReceive         0x00002f1b    0x10  Code  Gb  i2c.o [1]
I2C_StopTransmit        0x00002f2b    0x22  Code  Gb  i2c.o [1]
I2C_Transmit            0x00002eef    0x16  Code  Gb  i2c.o [1]
Keypad_Init             0x00000b05   0x12e  Code  Gb  keypad.o [1]
Keypad_ReadChar         0x00000c33   0x104  Code  Gb  keypad.o [1]
Keypad_ReadChar::gKeyMap
                        0x20000004    0x10  Data  Lc  keypad.o [1]
LCD_GoTo                0x00001e69    0x2e  Code  Gb  LCD.o [1]
LCD_Init                0x00001bf9   0x118  Code  Gb  LCD.o [1]
LCD_Queue               0x200020dc     0x4  Data  Gb  appTasks.o [1]
LCD_WriteChar           0x00001d11    0x68  Code  Gb  LCD.o [1]
LCD_WriteCommand        0x00001de3    0x68  Code  Gb  LCD.o [1]
LCD_WriteNewLine        0x00001d79    0x38  Code  Gb  LCD.o [1]
LCD_WriteString         0x00001db1    0x32  Code  Gb  LCD.o [1]
MemManage_Handler       0x00002abb     0x2  Code  Wk  cstartup_M.o [1]
NMI_Handler             0x00001e97     0x2  Code  Wk  cstartup_M.o [1]
Region$$Table$$Base     0x000035e0           --   Gb  - Linker created -
Region$$Table$$Limit    0x00003604           --   Gb  - Linker created -
RelocateUser            0x000026fb    0x64  Code  Lc  userdata.o [1]
SetAdminsNumber         0x00002531    0x24  Code  Lc  userdata.o [1]
SetSystemState          0x000024e3    0x2a  Code  Gb  userdata.o [1]
SetUsersNumber          0x0000250d    0x24  Code  Lc  userdata.o [1]
SystemDataSort          0x00002621    0xda  Code  Lc  userdata.o [1]
Terminal_Queue          0x200020e0     0x4  Data  Gb  appTasks.o [1]
Terminal_ReceiveUserID  0x0000284d    0x8c  Code  Gb  terminal.o [1]
Terminal_ReceiveUserName
                        0x00002979    0x9e  Code  Gb  terminal.o [1]
Terminal_ReceiveUserPassword
                        0x000028d9    0xa0  Code  Gb  terminal.o [1]
Terminal_ReceiveUserRank
                        0x00002a17    0x56  Code  Gb  terminal.o [1]
UART_Init               0x00002761    0x88  Code  Gb  uart.o [1]
UART_ReceiveComplete    0x000009a7    0x28  Code  Gb  appTasks.o [1]
UART_SendChar           0x000027e9    0x10  Code  Gb  uart.o [1]
UART_SendString         0x000027f9    0x1c  Code  Gb  uart.o [1]
UartSemaphore           0x200020e4     0x4  Data  Gb  appTasks.o [1]
UsageFault_Handler      0x00002f83     0x2  Code  Wk  cstartup_M.o [1]
__aeabi_memclr4         0x00002f7d          Code  Gb  ABImemclr4.o [5]
__cmain                 0x00003751          Code  Gb  cmain.o [5]
__exit                  0x00003781    0x14  Code  Gb  exit.o [6]
__iar_Memset4_word      0x00003035          Code  Gb  ABImemset48.o [5]
__iar_Memset8_word      0x00003035          Code  Gb  ABImemset48.o [5]
__iar_copy_init3        0x00003469    0x2c  Code  Gb  copy_init3.o [5]
__iar_data_init3        0x000034bd    0x28  Code  Gb  data_init.o [5]
__iar_init_vfp          0x000035bd          Code  Gb  fpinit_M.o [4]
__iar_program_start     0x000039c9    0x10  Code  Gb  cstartup_M.o [1]
__iar_unaligned___aeabi_memcpy
                        0x00002d91          Code  Gb  ABImemcpy_unaligned.o [5]
__iar_unaligned___aeabi_memcpy4
                        0x00002db1          Code  Gb  ABImemcpy_unaligned.o [5]
__iar_unaligned___aeabi_memcpy8
                        0x00002db1          Code  Gb  ABImemcpy_unaligned.o [5]
__iar_unaligned_strcmp  0x00002a79          Code  Gb  strcmp_unaligned.o [5]
__iar_zero_init3        0x000032ed    0x40  Code  Gb  zero_init3.o [5]
__low_level_init        0x0000376b     0x4  Code  Gb  low_level_init.o [3]
__vector_table          0x00000000    0x58  Data  Gb  cstartup_M.o [1]
_call_main              0x0000375d          Code  Gb  cmain.o [5]
_exit                   0x00003775          Code  Gb  cexit.o [5]
_main                   0x00003767          Code  Gb  cmain.o [5]
exit                    0x0000376f     0x4  Code  Gb  exit.o [3]
heapSTRUCT_SIZE         0x00001bf6     0x2  Data  Lc  heap_2.o [1]
keypadHandle            0x200020ec     0x4  Data  Gb  main.o [1]
lcdHandle               0x200020f0     0x4  Data  Gb  main.o [1]
main                    0x00003069    0xbc  Code  Gb  main.o [1]
passwordIncorrectCounter
                        0x20002130     0x1  Data  Lc  appTasks.o [1]
prvAddCurrentTaskToDelayedList
                        0x00001519    0x80  Code  Lc  tasks.o [1]
prvAddNewTaskToReadyList
                        0x00000e79    0xb8  Code  Lc  tasks.o [1]
prvCheckTasksWaitingTermination
                        0x000014d3     0x2  Code  Lc  tasks.o [1]
prvCopyDataFromQueue    0x00001b25    0x2a  Code  Lc  queue.o [1]
prvCopyDataToQueue      0x00001ab3    0x72  Code  Lc  queue.o [1]
prvHeapInit             0x00002bab    0x2a  Code  Lc  heap_2.o [1]
prvIdleTask             0x0000145d    0x24  Code  Lc  tasks.o [1]
prvInitialiseNewQueue   0x00001695    0x1c  Code  Lc  queue.o [1]
prvInitialiseNewTask    0x00000df7    0x82  Code  Lc  tasks.o [1]
prvInitialiseTaskLists  0x00001481    0x52  Code  Lc  tasks.o [1]
prvIsQueueEmpty         0x00001bbd    0x1c  Code  Lc  queue.o [1]
prvIsQueueFull          0x00001bd9    0x1e  Code  Lc  queue.o [1]
prvResetNextTaskUnblockTime
                        0x000014d5    0x2c  Code  Lc  tasks.o [1]
prvTaskExitError        0x00002cad    0x10  Code  Lc  port.o [1]
prvTaskIsTaskSuspended  0x0000102d    0x22  Code  Lc  tasks.o [1]
prvUnlockQueue          0x00001b4f    0x6e  Code  Lc  queue.o [1]
pvPortMalloc            0x00002abd    0xb2  Code  Gb  heap_2.o [1]
pvPortMalloc::xHeapHasBeenInitialised
                        0x200020e8     0x4  Data  Lc  heap_2.o [1]
pxCurrentTCB            0x200020f8     0x4  Data  Gb  tasks.o [1]
pxDelayedTaskList       0x200020fc     0x4  Data  Lc  tasks.o [1]
pxOverflowDelayedTaskList
                        0x20002100     0x4  Data  Lc  tasks.o [1]
pxPortInitialiseStack   0x00002c85    0x28  Code  Gb  port.o [1]
pxReadyTasksLists       0x20002018    0x64  Data  Lc  tasks.o [1]
terminalHandle          0x200020f4     0x4  Data  Gb  main.o [1]
ucHeap                  0x20001018  0x1000  Data  Lc  heap_2.o [1]
uxCriticalNesting       0x20000014     0x4  Data  Lc  port.o [1]
uxCurrentNumberOfTasks  0x20002104     0x4  Data  Lc  tasks.o [1]
uxListRemove            0x00002c5f    0x26  Code  Gb  list.o [1]
uxPendedTicks           0x20002114     0x4  Data  Lc  tasks.o [1]
uxQueueMessagesWaiting  0x00001aa1    0x12  Code  Gb  queue.o [1]
uxSchedulerSuspended    0x2000212c     0x4  Data  Lc  tasks.o [1]
uxTaskNumber            0x20002120     0x4  Data  Lc  tasks.o [1]
uxTopReadyPriority      0x2000210c     0x4  Data  Lc  tasks.o [1]
vListInitialise         0x00002bed    0x1e  Code  Gb  list.o [1]
vListInitialiseItem     0x00002c0b     0x6  Code  Gb  list.o [1]
vListInsert             0x00002c29    0x36  Code  Gb  list.o [1]
vListInsertEnd          0x00002c11    0x18  Code  Gb  list.o [1]
vPortEnableVFP          0x00003019          Code  Gb  portasm.o [1]
vPortEnterCritical      0x00002cf9    0x1a  Code  Gb  port.o [1]
vPortExitCritical       0x00002d13    0x1a  Code  Gb  port.o [1]
vPortFree               0x00002b6f    0x3c  Code  Gb  heap_2.o [1]
vPortSVCHandler         0x00002fdd          Code  Gb  portasm.o [1]
vPortSetupTimerInterrupt
                        0x00002d69    0x28  Code  Wk  port.o [1]
vPortStartFirstTask     0x00002ff9          Code  Gb  portasm.o [1]
vTaskDelay              0x00000f31    0x32  Code  Gb  tasks.o [1]
vTaskInternalSetTimeOutState
                        0x000013e7    0x12  Code  Gb  tasks.o [1]
vTaskMissedYield        0x00001453     0xa  Code  Gb  tasks.o [1]
vTaskPlaceOnEventList   0x0000135d    0x1a  Code  Gb  tasks.o [1]
vTaskResume             0x0000104f    0x72  Code  Gb  tasks.o [1]
vTaskStartScheduler     0x000010c1    0x50  Code  Gb  tasks.o [1]
vTaskSuspend            0x00000f63    0xca  Code  Gb  tasks.o [1]
vTaskSuspendAll         0x00001111    0x10  Code  Gb  tasks.o [1]
vTaskSwitchContext      0x00001307    0x56  Code  Gb  tasks.o [1]
vTask_Keypad            0x00000059    0x4a  Code  Gb  appTasks.o [1]
vTask_LCD               0x000000a3   0x330  Code  Gb  appTasks.o [1]
vTask_Terminal          0x000003dd   0x5ca  Code  Gb  appTasks.o [1]
xDelayedTaskList1       0x2000207c    0x14  Data  Lc  tasks.o [1]
xDelayedTaskList2       0x20002090    0x14  Data  Lc  tasks.o [1]
xEnd                    0x200020d4     0x8  Data  Lc  heap_2.o [1]
xFreeBytesRemaining     0x20000000     0x4  Data  Lc  heap_2.o [1]
xIdleTaskHandle         0x20002128     0x4  Data  Lc  tasks.o [1]
xNextTaskUnblockTime    0x20002124     0x4  Data  Lc  tasks.o [1]
xNumOfOverflows         0x2000211c     0x4  Data  Lc  tasks.o [1]
xPendingReadyList       0x200020a4    0x14  Data  Lc  tasks.o [1]
xPortPendSVHandler      0x00002f85          Code  Gb  portasm.o [1]
xPortStartScheduler     0x00002cbd    0x3c  Code  Gb  port.o [1]
xPortSysTickHandler     0x00002d2d    0x28  Code  Gb  port.o [1]
xQueueGenericCreate     0x0000165f    0x36  Code  Gb  queue.o [1]
xQueueGenericReset      0x000015e1    0x7e  Code  Gb  queue.o [1]
xQueueGenericSend       0x000016b1   0x10e  Code  Gb  queue.o [1]
xQueuePeek              0x000019a3    0xfa  Code  Gb  queue.o [1]
xQueueReceive           0x000017bf    0xf6  Code  Gb  queue.o [1]
xQueueSemaphoreTake     0x000018b5    0xee  Code  Gb  queue.o [1]
xSchedulerRunning       0x20002110     0x4  Data  Lc  tasks.o [1]
xStart                  0x200020cc     0x8  Data  Lc  heap_2.o [1]
xSuspendedTaskList      0x200020b8    0x14  Data  Lc  tasks.o [1]
xTaskCheckForTimeOut    0x000013f9    0x5a  Code  Gb  tasks.o [1]
xTaskCreate             0x00000d81    0x76  Code  Gb  tasks.o [1]
xTaskIncrementTick      0x00001201   0x106  Code  Gb  tasks.o [1]
xTaskRemoveFromEventList
                        0x00001377    0x70  Code  Gb  tasks.o [1]
xTaskResumeAll          0x00001121    0xe0  Code  Gb  tasks.o [1]
xTickCount              0x20002108     0x4  Data  Lc  tasks.o [1]
xYieldPending           0x20002118     0x4  Data  Lc  tasks.o [1]


[1] = C:\Users\aidsg\Desktop\Smart-lock-sys\Debug\Obj
[2] = command line
[3] = dl7M_tln.a
[4] = m7M_tls.a
[5] = rt7M_tl.a
[6] = shb_l.a

  12 756 bytes of readonly  code memory
   2 180 bytes of readonly  data memory
   8 497 bytes of readwrite data memory

Errors: none
Warnings: none
