###############################################################################
#
# IAR ELF Linker V7.70.1.11437/W32 for ARM                15/Nov/2018  05:57:13
# Copyright 2007-2016 IAR Systems AB.
#
#    Output file  =  C:\Users\aidsg\Desktop\Smart-lock-sys\Debug\Exe\OS.out
#    Map file     =  C:\Users\aidsg\Desktop\Smart-lock-sys\Debug\List\OS.map
#    Command line =  
#        C:\Users\aidsg\Desktop\Smart-lock-sys\Debug\Obj\alarm.o
#        C:\Users\aidsg\Desktop\Smart-lock-sys\Debug\Obj\appTasks.o
#        C:\Users\aidsg\Desktop\Smart-lock-sys\Debug\Obj\cstartup_M.o
#        C:\Users\aidsg\Desktop\Smart-lock-sys\Debug\Obj\heap_2.o
#        C:\Users\aidsg\Desktop\Smart-lock-sys\Debug\Obj\i2c.o
#        C:\Users\aidsg\Desktop\Smart-lock-sys\Debug\Obj\keypad.o
#        C:\Users\aidsg\Desktop\Smart-lock-sys\Debug\Obj\LCD.o
#        C:\Users\aidsg\Desktop\Smart-lock-sys\Debug\Obj\list.o
#        C:\Users\aidsg\Desktop\Smart-lock-sys\Debug\Obj\main.o
#        C:\Users\aidsg\Desktop\Smart-lock-sys\Debug\Obj\motor.o
#        C:\Users\aidsg\Desktop\Smart-lock-sys\Debug\Obj\port.o
#        C:\Users\aidsg\Desktop\Smart-lock-sys\Debug\Obj\portasm.o
#        C:\Users\aidsg\Desktop\Smart-lock-sys\Debug\Obj\queue.o
#        C:\Users\aidsg\Desktop\Smart-lock-sys\Debug\Obj\tasks.o
#        C:\Users\aidsg\Desktop\Smart-lock-sys\Debug\Obj\terminal.o
#        C:\Users\aidsg\Desktop\Smart-lock-sys\Debug\Obj\uart.o
#        C:\Users\aidsg\Desktop\Smart-lock-sys\Debug\Obj\userdata.o -o
#        C:\Users\aidsg\Desktop\Smart-lock-sys\Debug\Exe\OS.out --redirect
#        _Printf=_PrintfFull --redirect _Scanf=_ScanfFull --map
#        C:\Users\aidsg\Desktop\Smart-lock-sys\Debug\List\OS.map --config
#        "C:\Program Files (x86)\IAR Systems\Embedded Workbench
#        7.5\arm\config\linker\TexasInstruments\TM4C123GH6.icf" --semihosting
#        --entry __iar_program_start --vfe
#
###############################################################################

*******************************************************************************
*** RUNTIME MODEL ATTRIBUTES
***

CppFlavor       = *
__SystemLibrary = DLib


*******************************************************************************
*** PLACEMENT SUMMARY
***

"A0":  place at 0x00000000 { ro section .intvec };
"P1":  place in [from 0x00000000 to 0x0003ffff] { ro };
"P2":  place in [from 0x20000000 to 0x20007fff] { rw, block CSTACK, block HEAP };
initialize by copy { rw };

  Section            Kind        Address    Size  Object
  -------            ----        -------    ----  ------
"A0":                                       0x58
  .intvec            const    0x00000000    0x58  cstartup_M.o [1]
                            - 0x00000058    0x58

"P1":                                     0x466c
  .text              ro code  0x00000058  0x12b8  appTasks.o [1]
  .text              ro code  0x00001310   0x27c  keypad.o [1]
  .text              ro code  0x0000158c   0x868  tasks.o [1]
  .text              ro code  0x00001df4   0x616  queue.o [1]
  .rodata            const    0x0000240a     0x2  heap_2.o [1]
  .text              ro code  0x0000240c   0x174  i2c.o [1]
  .text              ro code  0x00002580   0x29e  LCD.o [1]
  .text              ro code  0x0000281e     0x2  cstartup_M.o [1]
  .text              ro code  0x00002820    0xa8  alarm.o [1]
  .text              ro code  0x000028c8   0x14c  motor.o [1]
  .text              ro code  0x00002a14   0x9c2  userdata.o [1]
  .text              ro code  0x000033d6     0x2  cstartup_M.o [1]
  .text              ro code  0x000033d8    0xec  uart.o [1]
  .text              ro code  0x000034c4   0x22c  terminal.o [1]
  .text              ro code  0x000036f0    0x42  strcmp_unaligned.o [5]
  .text              ro code  0x00003732     0x2  cstartup_M.o [1]
  .text              ro code  0x00003734   0x130  heap_2.o [1]
  .text              ro code  0x00003864    0x98  list.o [1]
  .text              ro code  0x000038fc   0x10c  port.o [1]
  .text              ro code  0x00003a08    0x76  ABImemcpy_unaligned.o [5]
  .text              ro code  0x00003a7e     0x2  cstartup_M.o [1]
  .text              ro code  0x00003a80     0x6  ABImemclr4.o [5]
  .text              ro code  0x00003a86     0x2  cstartup_M.o [1]
  CODE               ro code  0x00003a88    0xb0  portasm.o [1]
  .text              ro code  0x00003b38    0x32  ABImemset48.o [5]
  .text              ro code  0x00003b6a     0x2  cstartup_M.o [1]
  .text              ro code  0x00003b6c    0xb4  main.o [1]
  .rodata            const    0x00003c20    0x5c  appTasks.o [1]
  .rodata            const    0x00003c7c    0x54  appTasks.o [1]
  .rodata            const    0x00003cd0    0x50  appTasks.o [1]
  .rodata            const    0x00003d20    0x4c  appTasks.o [1]
  .rodata            const    0x00003d6c    0x48  appTasks.o [1]
  .rodata            const    0x00003db4    0x44  appTasks.o [1]
  .rodata            const    0x00003df8    0x44  appTasks.o [1]
  .text              ro code  0x00003e3c    0x40  zero_init3.o [5]
  .rodata            const    0x00003e7c    0x3c  appTasks.o [1]
  .rodata            const    0x00003eb8    0x3c  appTasks.o [1]
  .rodata            const    0x00003ef4    0x38  appTasks.o [1]
  .rodata            const    0x00003f2c    0x38  appTasks.o [1]
  .rodata            const    0x00003f64    0x34  appTasks.o [1]
  .rodata            const    0x00003f98    0x2c  appTasks.o [1]
  .rodata            const    0x00003fc4    0x2c  appTasks.o [1]
  .rodata            const    0x00003ff0    0x2c  appTasks.o [1]
  .text              ro code  0x0000401c    0x2c  copy_init3.o [5]
  .rodata            const    0x00004048    0x28  appTasks.o [1]
  .rodata            const    0x00004070    0x28  appTasks.o [1]
  .text              ro code  0x00004098    0x28  data_init.o [5]
  .rodata            const    0x000040c0    0x24  appTasks.o [1]
  .rodata            const    0x000040e4    0x24  appTasks.o [1]
  .rodata            const    0x00004108    0x24  appTasks.o [1]
  .rodata            const    0x0000412c    0x24  appTasks.o [1]
  .rodata            const    0x00004150    0x24  appTasks.o [1]
  .rodata            const    0x00004174    0x24  appTasks.o [1]
  .rodata            const    0x00004198    0x24  appTasks.o [1]
  .text              ro code  0x000041bc    0x22  fpinit_M.o [4]
  .iar.init_table    const    0x000041e0    0x24  - Linker created -
  .rodata            const    0x00004204    0x20  appTasks.o [1]
  .rodata            const    0x00004224    0x20  appTasks.o [1]
  .rodata            const    0x00004244    0x20  appTasks.o [1]
  .rodata            const    0x00004264    0x20  appTasks.o [1]
  .rodata            const    0x00004284    0x20  appTasks.o [1]
  .rodata            const    0x000042a4    0x20  appTasks.o [1]
  .rodata            const    0x000042c4    0x20  appTasks.o [1]
  .rodata            const    0x000042e4    0x1c  appTasks.o [1]
  .rodata            const    0x00004300    0x1c  appTasks.o [1]
  .rodata            const    0x0000431c    0x1c  appTasks.o [1]
  .rodata            const    0x00004338    0x1c  appTasks.o [1]
  .rodata            const    0x00004354    0x1c  appTasks.o [1]
  .text              ro code  0x00004370    0x1a  cmain.o [5]
  .text              ro code  0x0000438a     0x4  low_level_init.o [3]
  .text              ro code  0x0000438e     0x4  exit.o [3]
  .text              ro code  0x00004394     0xa  cexit.o [5]
  .text              ro code  0x000043a0    0x14  exit.o [6]
  .rodata            const    0x000043b4    0x18  appTasks.o [1]
  .rodata            const    0x000043cc    0x18  appTasks.o [1]
  .rodata            const    0x000043e4    0x18  appTasks.o [1]
  .rodata            const    0x000043fc    0x18  appTasks.o [1]
  .rodata            const    0x00004414    0x18  appTasks.o [1]
  Initializer bytes  const    0x0000442c    0x18  <for P2-1>
  .rodata            const    0x00004444    0x14  appTasks.o [1]
  .rodata            const    0x00004458    0x14  appTasks.o [1]
  .rodata            const    0x0000446c    0x14  appTasks.o [1]
  .rodata            const    0x00004480    0x14  appTasks.o [1]
  .rodata            const    0x00004494    0x14  appTasks.o [1]
  .rodata            const    0x000044a8    0x14  appTasks.o [1]
  .rodata            const    0x000044bc    0x14  appTasks.o [1]
  .rodata            const    0x000044d0    0x14  appTasks.o [1]
  .rodata            const    0x000044e4    0x14  appTasks.o [1]
  .rodata            const    0x000044f8    0x14  appTasks.o [1]
  .rodata            const    0x0000450c    0x14  appTasks.o [1]
  .rodata            const    0x00004520    0x10  appTasks.o [1]
  .rodata            const    0x00004530    0x10  appTasks.o [1]
  .rodata            const    0x00004540    0x10  appTasks.o [1]
  .rodata            const    0x00004550    0x10  appTasks.o [1]
  .rodata            const    0x00004560    0x10  appTasks.o [1]
  .rodata            const    0x00004570    0x10  appTasks.o [1]
  .rodata            const    0x00004580    0x10  appTasks.o [1]
  .rodata            const    0x00004590    0x10  appTasks.o [1]
  .rodata            const    0x000045a0    0x10  appTasks.o [1]
  .rodata            const    0x000045b0    0x10  appTasks.o [1]
  .rodata            const    0x000045c0    0x10  appTasks.o [1]
  .rodata            const    0x000045d0    0x10  appTasks.o [1]
  .rodata            const    0x000045e0    0x10  appTasks.o [1]
  .rodata            const    0x000045f0    0x10  appTasks.o [1]
  .rodata            const    0x00004600    0x10  userdata.o [1]
  .text              ro code  0x00004610    0x10  cstartup_M.o [1]
  .rodata            const    0x00004620     0xc  appTasks.o [1]
  .rodata            const    0x0000462c     0xc  appTasks.o [1]
  .rodata            const    0x00004638     0xc  appTasks.o [1]
  .rodata            const    0x00004644     0xc  appTasks.o [1]
  .rodata            const    0x00004650     0xc  main.o [1]
  .rodata            const    0x0000465c     0xc  userdata.o [1]
  .rodata            const    0x00004668     0xc  userdata.o [1]
  .rodata            const    0x00004674     0x8  appTasks.o [1]
  .rodata            const    0x0000467c     0x8  appTasks.o [1]
  .rodata            const    0x00004684     0x8  appTasks.o [1]
  .rodata            const    0x0000468c     0x8  appTasks.o [1]
  .rodata            const    0x00004694     0x8  appTasks.o [1]
  .rodata            const    0x0000469c     0x8  appTasks.o [1]
  .rodata            const    0x000046a4     0x8  appTasks.o [1]
  .rodata            const    0x000046ac     0x8  appTasks.o [1]
  .rodata            const    0x000046b4     0x8  main.o [1]
  .rodata            const    0x000046bc     0x8  tasks.o [1]
  .rodata            const    0x000046c4     0x0  zero_init3.o [5]
  .rodata            const    0x000046c4     0x0  copy_init3.o [5]
                            - 0x000046c4  0x466c

"P2", part 1 of 3:                          0x18
  P2-1                        0x20000000    0x18  <Init block>
    .data            inited   0x20000000     0x4  heap_2.o [1]
    .data            inited   0x20000004    0x10  keypad.o [1]
    .data            inited   0x20000014     0x4  port.o [1]
                            - 0x20000018    0x18

"P2", part 2 of 3:                        0x1000
  CSTACK                      0x20000018  0x1000  <Block>
    CSTACK           uninit   0x20000018  0x1000  <Block tail>
                            - 0x20001018  0x1000

"P2", part 3 of 3:                        0x1118
  .bss               zero     0x20001018  0x1000  heap_2.o [1]
  .bss               zero     0x20002018    0x64  tasks.o [1]
  .bss               zero     0x2000207c    0x14  tasks.o [1]
  .bss               zero     0x20002090    0x14  tasks.o [1]
  .bss               zero     0x200020a4    0x14  tasks.o [1]
  .bss               zero     0x200020b8    0x14  tasks.o [1]
  .bss               zero     0x200020cc     0x8  heap_2.o [1]
  .bss               zero     0x200020d4     0x8  heap_2.o [1]
  .bss               zero     0x200020dc     0x4  appTasks.o [1]
  .bss               zero     0x200020e0     0x4  appTasks.o [1]
  .bss               zero     0x200020e4     0x4  appTasks.o [1]
  .bss               zero     0x200020e8     0x4  heap_2.o [1]
  .bss               zero     0x200020ec     0x4  main.o [1]
  .bss               zero     0x200020f0     0x4  main.o [1]
  .bss               zero     0x200020f4     0x4  main.o [1]
  .bss               zero     0x200020f8     0x4  tasks.o [1]
  .bss               zero     0x200020fc     0x4  tasks.o [1]
  .bss               zero     0x20002100     0x4  tasks.o [1]
  .bss               zero     0x20002104     0x4  tasks.o [1]
  .bss               zero     0x20002108     0x4  tasks.o [1]
  .bss               zero     0x2000210c     0x4  tasks.o [1]
  .bss               zero     0x20002110     0x4  tasks.o [1]
  .bss               zero     0x20002114     0x4  tasks.o [1]
  .bss               zero     0x20002118     0x4  tasks.o [1]
  .bss               zero     0x2000211c     0x4  tasks.o [1]
  .bss               zero     0x20002120     0x4  tasks.o [1]
  .bss               zero     0x20002124     0x4  tasks.o [1]
  .bss               zero     0x20002128     0x4  tasks.o [1]
  .bss               zero     0x2000212c     0x4  tasks.o [1]
                            - 0x20002130  0x1118


*******************************************************************************
*** INIT TABLE
***

          Address     Size
          -------     ----
Zero (__iar_zero_init3)
    1 destination range, total size 0x1118:
          0x20001018  0x1118

Copy (__iar_copy_init3)
    1 source range, total size 0x18:
          0x0000442c    0x18
    1 destination range, total size 0x18:
          0x20000000    0x18



*******************************************************************************
*** MODULE SUMMARY
***

    Module                 ro code  ro data  rw data
    ------                 -------  -------  -------
C:\Users\aidsg\Desktop\Smart-lock-sys\Debug\Obj: [1]
    LCD.o                      670
    alarm.o                    168
    appTasks.o               4 792    2 328       12
    cstartup_M.o                28       88
    heap_2.o                   304        6    4 120
    i2c.o                      372
    keypad.o                   636       16       16
    list.o                     152
    main.o                     180       20       12
    motor.o                    332
    port.o                     268        4        4
    portasm.o                  176
    queue.o                  1 558
    tasks.o                  2 152        8      236
    terminal.o                 556
    uart.o                     236
    userdata.o               2 498       40
    ------------------------------------------------
    Total:                  15 078    2 510    4 400

command line: [2]
    ------------------------------------------------
    Total:

dl7M_tln.a: [3]
    exit.o                       4
    low_level_init.o             4
    ------------------------------------------------
    Total:                       8

m7M_tls.a: [4]
    fpinit_M.o                  34
    ------------------------------------------------
    Total:                      34

rt7M_tl.a: [5]
    ABImemclr4.o                 6
    ABImemcpy_unaligned.o      118
    ABImemset48.o               50
    cexit.o                     10
    cmain.o                     26
    copy_init3.o                44
    data_init.o                 40
    strcmp_unaligned.o          66
    zero_init3.o                64
    ------------------------------------------------
    Total:                     424

shb_l.a: [6]
    exit.o                      20
    ------------------------------------------------
    Total:                      20

    Gaps                         4        2
    Linker created                       36    4 096
----------------------------------------------------
    Grand Total:            15 568    2 548    8 496


*******************************************************************************
*** ENTRY LIST
***

Entry                      Address    Size  Type      Object
-----                      -------    ----  ----      ------
.iar.init_table$$Base   0x000041e0           --   Gb  - Linker created -
.iar.init_table$$Limit  0x00004204           --   Gb  - Linker created -
?main                   0x00004371          Code  Gb  cmain.o [5]
Alarm_BuzzerOff         0x0000289f     0x8  Code  Gb  alarm.o [1]
Alarm_BuzzerOn          0x00002897     0x8  Code  Gb  alarm.o [1]
Alarm_GreenLedOff       0x0000287f     0x8  Code  Gb  alarm.o [1]
Alarm_GreenLedOn        0x00002877     0x8  Code  Gb  alarm.o [1]
Alarm_Init              0x00002821    0x56  Code  Gb  alarm.o [1]
Alarm_RedLedOff         0x0000288f     0x8  Code  Gb  alarm.o [1]
Alarm_RedLedOn          0x00002887     0x8  Code  Gb  alarm.o [1]
BusFault_Handler        0x00003a7f     0x2  Code  Wk  cstartup_M.o [1]
CSTACK$$Base            0x20000018           --   Gb  - Linker created -
CSTACK$$Limit           0x20001018           --   Gb  - Linker created -
CheckUserID             0x00003237    0x62  Code  Lc  userdata.o [1]
DebugMon_Handler        0x00003b6b     0x2  Code  Wk  cstartup_M.o [1]
E2prom_AddUser          0x00002a41   0x1dc  Code  Gb  userdata.o [1]
E2prom_GetGateState     0x000030b9    0x18  Code  Gb  userdata.o [1]
E2prom_GetIncorrectPWCounter
                        0x000030a1    0x18  Code  Gb  userdata.o [1]
E2prom_GetSystemFactorySetting
                        0x0000306f    0x1a  Code  Gb  userdata.o [1]
E2prom_GetSystemState   0x00003089    0x18  Code  Gb  userdata.o [1]
E2prom_GetUserName      0x00003007    0x40  Code  Gb  userdata.o [1]
E2prom_GetUserRank      0x00003047    0x28  Code  Gb  userdata.o [1]
E2prom_IncrementIncorrectPWCounter
                        0x00003125    0x34  Code  Gb  userdata.o [1]
E2prom_ListUsers        0x00002def   0x198  Code  Gb  userdata.o [1]
E2prom_ModifyUser       0x00002c45   0x1aa  Code  Gb  userdata.o [1]
E2prom_RemoveUser       0x00002c1d    0x28  Code  Gb  userdata.o [1]
E2prom_ResetIncorrectPWCounter
                        0x00003159    0x14  Code  Gb  userdata.o [1]
E2prom_SetGateState     0x0000316d    0x18  Code  Gb  userdata.o [1]
E2prom_SetSystemFactorySetting
                        0x000030d1    0x2a  Code  Gb  userdata.o [1]
E2prom_SetSystemState   0x000030fb    0x2a  Code  Gb  userdata.o [1]
E2prom_SystemSetup      0x00002a15    0x2c  Code  Gb  userdata.o [1]
E2prom_VerifyUserInfo   0x00002f9d    0x6a  Code  Gb  userdata.o [1]
FactoryReset            0x00003201    0x36  Code  Lc  userdata.o [1]
GetAdminsNumber         0x000031e7    0x1a  Code  Lc  userdata.o [1]
GetUsersNumber          0x000031cd    0x1a  Code  Lc  userdata.o [1]
HardFault_Handler       0x000033d7     0x2  Code  Wk  cstartup_M.o [1]
I2C_Init                0x0000240d    0x56  Code  Gb  i2c.o [1]
I2C_ReceiveAck          0x00002509    0x16  Code  Gb  i2c.o [1]
I2C_StartReceive        0x000024bb    0x38  Code  Gb  i2c.o [1]
I2C_StartTransmit       0x00002463    0x58  Code  Gb  i2c.o [1]
I2C_StopReceive         0x0000251f    0x10  Code  Gb  i2c.o [1]
I2C_StopTransmit        0x0000252f    0x22  Code  Gb  i2c.o [1]
I2C_Transmit            0x000024f3    0x16  Code  Gb  i2c.o [1]
Keypad_Init             0x00001311   0x12e  Code  Gb  keypad.o [1]
Keypad_ReadChar         0x0000143f   0x104  Code  Gb  keypad.o [1]
Keypad_ReadChar::gKeyMap
                        0x20000004    0x10  Data  Lc  keypad.o [1]
LCD_GoTo                0x000027f1    0x2e  Code  Gb  LCD.o [1]
LCD_Init                0x00002581   0x118  Code  Gb  LCD.o [1]
LCD_Queue               0x200020dc     0x4  Data  Gb  appTasks.o [1]
LCD_WriteChar           0x00002699    0x68  Code  Gb  LCD.o [1]
LCD_WriteCommand        0x0000276b    0x68  Code  Gb  LCD.o [1]
LCD_WriteNewLine        0x00002701    0x38  Code  Gb  LCD.o [1]
LCD_WriteString         0x00002739    0x32  Code  Gb  LCD.o [1]
MemManage_Handler       0x00003733     0x2  Code  Wk  cstartup_M.o [1]
Motor_Init              0x000028c9    0xb4  Code  Gb  motor.o [1]
Motor_RunForward        0x0000297d    0x1a  Code  Gb  motor.o [1]
Motor_RunReverse        0x00002997    0x1a  Code  Gb  motor.o [1]
Motor_Stop              0x000029b1    0x1a  Code  Gb  motor.o [1]
NMI_Handler             0x0000281f     0x2  Code  Wk  cstartup_M.o [1]
Region$$Table$$Base     0x000041e0           --   Gb  - Linker created -
Region$$Table$$Limit    0x00004204           --   Gb  - Linker created -
RelocateUser            0x00003373    0x64  Code  Lc  userdata.o [1]
SetAdminsNumber         0x000031a9    0x24  Code  Lc  userdata.o [1]
SetUsersNumber          0x00003185    0x24  Code  Lc  userdata.o [1]
SystemDataSort          0x00003299    0xda  Code  Lc  userdata.o [1]
Terminal_Queue          0x200020e0     0x4  Data  Gb  appTasks.o [1]
Terminal_ReceiveUserID  0x000034c5    0x8c  Code  Gb  terminal.o [1]
Terminal_ReceiveUserName
                        0x000035f1    0x9e  Code  Gb  terminal.o [1]
Terminal_ReceiveUserPassword
                        0x00003551    0xa0  Code  Gb  terminal.o [1]
Terminal_ReceiveUserRank
                        0x0000368f    0x56  Code  Gb  terminal.o [1]
UART_Init               0x000033d9    0x88  Code  Gb  uart.o [1]
UART_ReceiveComplete    0x000011d5    0x28  Code  Gb  appTasks.o [1]
UART_SendChar           0x00003461    0x10  Code  Gb  uart.o [1]
UART_SendString         0x00003471    0x1c  Code  Gb  uart.o [1]
UartSemaphore           0x200020e4     0x4  Data  Gb  appTasks.o [1]
UsageFault_Handler      0x00003a87     0x2  Code  Wk  cstartup_M.o [1]
__aeabi_memclr4         0x00003a81          Code  Gb  ABImemclr4.o [5]
__cmain                 0x00004371          Code  Gb  cmain.o [5]
__exit                  0x000043a1    0x14  Code  Gb  exit.o [6]
__iar_Memset4_word      0x00003b39          Code  Gb  ABImemset48.o [5]
__iar_Memset8_word      0x00003b39          Code  Gb  ABImemset48.o [5]
__iar_copy_init3        0x0000401d    0x2c  Code  Gb  copy_init3.o [5]
__iar_data_init3        0x00004099    0x28  Code  Gb  data_init.o [5]
__iar_init_vfp          0x000041bd          Code  Gb  fpinit_M.o [4]
__iar_program_start     0x00004611    0x10  Code  Gb  cstartup_M.o [1]
__iar_unaligned___aeabi_memcpy
                        0x00003a09          Code  Gb  ABImemcpy_unaligned.o [5]
__iar_unaligned___aeabi_memcpy4
                        0x00003a29          Code  Gb  ABImemcpy_unaligned.o [5]
__iar_unaligned___aeabi_memcpy8
                        0x00003a29          Code  Gb  ABImemcpy_unaligned.o [5]
__iar_unaligned_strcmp  0x000036f1          Code  Gb  strcmp_unaligned.o [5]
__iar_zero_init3        0x00003e3d    0x40  Code  Gb  zero_init3.o [5]
__low_level_init        0x0000438b     0x4  Code  Gb  low_level_init.o [3]
__vector_table          0x00000000    0x58  Data  Gb  cstartup_M.o [1]
_call_main              0x0000437d          Code  Gb  cmain.o [5]
_exit                   0x00004395          Code  Gb  cexit.o [5]
_main                   0x00004387          Code  Gb  cmain.o [5]
exit                    0x0000438f     0x4  Code  Gb  exit.o [3]
heapSTRUCT_SIZE         0x0000240a     0x2  Data  Lc  heap_2.o [1]
keypadHandle            0x200020ec     0x4  Data  Gb  main.o [1]
lcdHandle               0x200020f0     0x4  Data  Gb  main.o [1]
main                    0x00003b6d    0xb4  Code  Gb  main.o [1]
prvAddCurrentTaskToDelayedList
                        0x00001d2d    0x80  Code  Lc  tasks.o [1]
prvAddNewTaskToReadyList
                        0x00001685    0xb8  Code  Lc  tasks.o [1]
prvCheckTasksWaitingTermination
                        0x00001ce7     0x2  Code  Lc  tasks.o [1]
prvCopyDataFromQueue    0x00002339    0x2a  Code  Lc  queue.o [1]
prvCopyDataToQueue      0x000022c7    0x72  Code  Lc  queue.o [1]
prvHeapInit             0x00003823    0x2a  Code  Lc  heap_2.o [1]
prvIdleTask             0x00001c71    0x24  Code  Lc  tasks.o [1]
prvInitialiseNewQueue   0x00001ea9    0x1c  Code  Lc  queue.o [1]
prvInitialiseNewTask    0x00001603    0x82  Code  Lc  tasks.o [1]
prvInitialiseTaskLists  0x00001c95    0x52  Code  Lc  tasks.o [1]
prvIsQueueEmpty         0x000023d1    0x1c  Code  Lc  queue.o [1]
prvIsQueueFull          0x000023ed    0x1e  Code  Lc  queue.o [1]
prvResetNextTaskUnblockTime
                        0x00001ce9    0x2c  Code  Lc  tasks.o [1]
prvTaskExitError        0x00003925    0x10  Code  Lc  port.o [1]
prvTaskIsTaskSuspended  0x00001839    0x22  Code  Lc  tasks.o [1]
prvUnlockQueue          0x00002363    0x6e  Code  Lc  queue.o [1]
pvPortMalloc            0x00003735    0xb2  Code  Gb  heap_2.o [1]
pvPortMalloc::xHeapHasBeenInitialised
                        0x200020e8     0x4  Data  Lc  heap_2.o [1]
pxCurrentTCB            0x200020f8     0x4  Data  Gb  tasks.o [1]
pxDelayedTaskList       0x200020fc     0x4  Data  Lc  tasks.o [1]
pxOverflowDelayedTaskList
                        0x20002100     0x4  Data  Lc  tasks.o [1]
pxPortInitialiseStack   0x000038fd    0x28  Code  Gb  port.o [1]
pxReadyTasksLists       0x20002018    0x64  Data  Lc  tasks.o [1]
terminalHandle          0x200020f4     0x4  Data  Gb  main.o [1]
ucHeap                  0x20001018  0x1000  Data  Lc  heap_2.o [1]
uxCriticalNesting       0x20000014     0x4  Data  Lc  port.o [1]
uxCurrentNumberOfTasks  0x20002104     0x4  Data  Lc  tasks.o [1]
uxListRemove            0x000038d7    0x26  Code  Gb  list.o [1]
uxPendedTicks           0x20002114     0x4  Data  Lc  tasks.o [1]
uxQueueMessagesWaiting  0x000022b5    0x12  Code  Gb  queue.o [1]
uxSchedulerSuspended    0x2000212c     0x4  Data  Lc  tasks.o [1]
uxTaskNumber            0x20002120     0x4  Data  Lc  tasks.o [1]
uxTopReadyPriority      0x2000210c     0x4  Data  Lc  tasks.o [1]
vListInitialise         0x00003865    0x1e  Code  Gb  list.o [1]
vListInitialiseItem     0x00003883     0x6  Code  Gb  list.o [1]
vListInsert             0x000038a1    0x36  Code  Gb  list.o [1]
vListInsertEnd          0x00003889    0x18  Code  Gb  list.o [1]
vPortEnableVFP          0x00003b1d          Code  Gb  portasm.o [1]
vPortEnterCritical      0x00003971    0x1a  Code  Gb  port.o [1]
vPortExitCritical       0x0000398b    0x1a  Code  Gb  port.o [1]
vPortFree               0x000037e7    0x3c  Code  Gb  heap_2.o [1]
vPortSVCHandler         0x00003ae1          Code  Gb  portasm.o [1]
vPortSetupTimerInterrupt
                        0x000039e1    0x28  Code  Wk  port.o [1]
vPortStartFirstTask     0x00003afd          Code  Gb  portasm.o [1]
vTaskDelay              0x0000173d    0x32  Code  Gb  tasks.o [1]
vTaskInternalSetTimeOutState
                        0x00001bfb    0x12  Code  Gb  tasks.o [1]
vTaskMissedYield        0x00001c67     0xa  Code  Gb  tasks.o [1]
vTaskPlaceOnEventList   0x00001b71    0x1a  Code  Gb  tasks.o [1]
vTaskResume             0x0000185b    0x72  Code  Gb  tasks.o [1]
vTaskStartScheduler     0x000018cd    0x50  Code  Gb  tasks.o [1]
vTaskSuspend            0x0000176f    0xca  Code  Gb  tasks.o [1]
vTaskSuspendAll         0x0000191d    0x10  Code  Gb  tasks.o [1]
vTaskSwitchContext      0x00001b1b    0x56  Code  Gb  tasks.o [1]
vTask_Keypad            0x00000059    0x4a  Code  Gb  appTasks.o [1]
vTask_LCD               0x000000a3   0x544  Code  Gb  appTasks.o [1]
vTask_Terminal          0x00000645   0xb90  Code  Gb  appTasks.o [1]
xDelayedTaskList1       0x2000207c    0x14  Data  Lc  tasks.o [1]
xDelayedTaskList2       0x20002090    0x14  Data  Lc  tasks.o [1]
xEnd                    0x200020d4     0x8  Data  Lc  heap_2.o [1]
xFreeBytesRemaining     0x20000000     0x4  Data  Lc  heap_2.o [1]
xIdleTaskHandle         0x20002128     0x4  Data  Lc  tasks.o [1]
xNextTaskUnblockTime    0x20002124     0x4  Data  Lc  tasks.o [1]
xNumOfOverflows         0x2000211c     0x4  Data  Lc  tasks.o [1]
xPendingReadyList       0x200020a4    0x14  Data  Lc  tasks.o [1]
xPortPendSVHandler      0x00003a89          Code  Gb  portasm.o [1]
xPortStartScheduler     0x00003935    0x3c  Code  Gb  port.o [1]
xPortSysTickHandler     0x000039a5    0x28  Code  Gb  port.o [1]
xQueueGenericCreate     0x00001e73    0x36  Code  Gb  queue.o [1]
xQueueGenericReset      0x00001df5    0x7e  Code  Gb  queue.o [1]
xQueueGenericSend       0x00001ec5   0x10e  Code  Gb  queue.o [1]
xQueuePeek              0x000021b7    0xfa  Code  Gb  queue.o [1]
xQueueReceive           0x00001fd3    0xf6  Code  Gb  queue.o [1]
xQueueSemaphoreTake     0x000020c9    0xee  Code  Gb  queue.o [1]
xSchedulerRunning       0x20002110     0x4  Data  Lc  tasks.o [1]
xStart                  0x200020cc     0x8  Data  Lc  heap_2.o [1]
xSuspendedTaskList      0x200020b8    0x14  Data  Lc  tasks.o [1]
xTaskCheckForTimeOut    0x00001c0d    0x5a  Code  Gb  tasks.o [1]
xTaskCreate             0x0000158d    0x76  Code  Gb  tasks.o [1]
xTaskGetTickCount       0x00001a0d     0x8  Code  Gb  tasks.o [1]
xTaskIncrementTick      0x00001a15   0x106  Code  Gb  tasks.o [1]
xTaskRemoveFromEventList
                        0x00001b8b    0x70  Code  Gb  tasks.o [1]
xTaskResumeAll          0x0000192d    0xe0  Code  Gb  tasks.o [1]
xTickCount              0x20002108     0x4  Data  Lc  tasks.o [1]
xYieldPending           0x20002118     0x4  Data  Lc  tasks.o [1]


[1] = C:\Users\aidsg\Desktop\Smart-lock-sys\Debug\Obj
[2] = command line
[3] = dl7M_tln.a
[4] = m7M_tls.a
[5] = rt7M_tl.a
[6] = shb_l.a

  15 568 bytes of readonly  code memory
   2 548 bytes of readonly  data memory
   8 496 bytes of readwrite data memory

Errors: none
Warnings: none
