###############################################################################
#
# IAR ELF Linker V7.70.1.11437/W32 for ARM                13/Nov/2018  04:26:21
# Copyright 2007-2016 IAR Systems AB.
#
#    Output file  =  C:\Users\aidsg\Desktop\Smart-lock-sys\Debug\Exe\OS.out
#    Map file     =  C:\Users\aidsg\Desktop\Smart-lock-sys\Debug\List\OS.map
#    Command line =  
#        C:\Users\aidsg\Desktop\Smart-lock-sys\Debug\Obj\appTasks.o
#        C:\Users\aidsg\Desktop\Smart-lock-sys\Debug\Obj\cstartup_M.o
#        C:\Users\aidsg\Desktop\Smart-lock-sys\Debug\Obj\heap_2.o
#        C:\Users\aidsg\Desktop\Smart-lock-sys\Debug\Obj\i2c.o
#        C:\Users\aidsg\Desktop\Smart-lock-sys\Debug\Obj\keypad.o
#        C:\Users\aidsg\Desktop\Smart-lock-sys\Debug\Obj\LCD.o
#        C:\Users\aidsg\Desktop\Smart-lock-sys\Debug\Obj\list.o
#        C:\Users\aidsg\Desktop\Smart-lock-sys\Debug\Obj\main.o
#        C:\Users\aidsg\Desktop\Smart-lock-sys\Debug\Obj\port.o
#        C:\Users\aidsg\Desktop\Smart-lock-sys\Debug\Obj\portasm.o
#        C:\Users\aidsg\Desktop\Smart-lock-sys\Debug\Obj\queue.o
#        C:\Users\aidsg\Desktop\Smart-lock-sys\Debug\Obj\tasks.o
#        C:\Users\aidsg\Desktop\Smart-lock-sys\Debug\Obj\terminal.o
#        C:\Users\aidsg\Desktop\Smart-lock-sys\Debug\Obj\uart.o
#        C:\Users\aidsg\Desktop\Smart-lock-sys\Debug\Obj\userdata.o -o
#        C:\Users\aidsg\Desktop\Smart-lock-sys\Debug\Exe\OS.out --redirect
#        _Printf=_PrintfFull --redirect _Scanf=_ScanfFull --map
#        C:\Users\aidsg\Desktop\Smart-lock-sys\Debug\List\OS.map --config
#        "C:\Program Files (x86)\IAR Systems\Embedded Workbench
#        7.5\arm\config\linker\TexasInstruments\TM4C123GH6.icf" --semihosting
#        --entry __iar_program_start --vfe
#
###############################################################################

*******************************************************************************
*** RUNTIME MODEL ATTRIBUTES
***

CppFlavor       = *
__SystemLibrary = DLib


*******************************************************************************
*** PLACEMENT SUMMARY
***

"A0":  place at 0x00000000 { ro section .intvec };
"P1":  place in [from 0x00000000 to 0x0003ffff] { ro };
"P2":  place in [from 0x20000000 to 0x20007fff] { rw, block CSTACK, block HEAP };
initialize by copy { rw };

  Section            Kind        Address    Size  Object
  -------            ----        -------    ----  ------
"A0":                                       0x58
  .intvec            const    0x00000000    0x58  cstartup_M.o [1]
                            - 0x00000058    0x58

"P1":                                     0x3a24
  .text              ro code  0x00000058   0xa78  appTasks.o [1]
  .text              ro code  0x00000ad0   0x27c  keypad.o [1]
  .text              ro code  0x00000d4c   0x860  tasks.o [1]
  .text              ro code  0x000015ac   0x616  queue.o [1]
  .rodata            const    0x00001bc2     0x2  heap_2.o [1]
  .text              ro code  0x00001bc4   0x29e  LCD.o [1]
  .text              ro code  0x00001e62     0x2  cstartup_M.o [1]
  .text              ro code  0x00001e64   0x950  userdata.o [1]
  .text              ro code  0x000027b4    0xec  uart.o [1]
  .text              ro code  0x000028a0   0x22c  terminal.o [1]
  .text              ro code  0x00002acc    0x42  strcmp_unaligned.o [5]
  .text              ro code  0x00002b0e     0x2  cstartup_M.o [1]
  .text              ro code  0x00002b10   0x130  heap_2.o [1]
  .text              ro code  0x00002c40    0x98  list.o [1]
  .text              ro code  0x00002cd8   0x10c  port.o [1]
  .text              ro code  0x00002de4    0x76  ABImemcpy_unaligned.o [5]
  .text              ro code  0x00002e5a     0x2  cstartup_M.o [1]
  .text              ro code  0x00002e5c   0x174  i2c.o [1]
  .text              ro code  0x00002fd0     0x6  ABImemclr4.o [5]
  .text              ro code  0x00002fd6     0x2  cstartup_M.o [1]
  CODE               ro code  0x00002fd8    0xb0  portasm.o [1]
  .text              ro code  0x00003088    0x32  ABImemset48.o [5]
  .text              ro code  0x000030ba     0x2  cstartup_M.o [1]
  .text              ro code  0x000030bc    0xbc  main.o [1]
  .rodata            const    0x00003178    0x5c  appTasks.o [1]
  .rodata            const    0x000031d4    0x50  appTasks.o [1]
  .rodata            const    0x00003224    0x4c  appTasks.o [1]
  .rodata            const    0x00003270    0x48  appTasks.o [1]
  .rodata            const    0x000032b8    0x44  appTasks.o [1]
  .rodata            const    0x000032fc    0x44  appTasks.o [1]
  .text              ro code  0x00003340    0x40  zero_init3.o [5]
  .rodata            const    0x00003380    0x3c  appTasks.o [1]
  .rodata            const    0x000033bc    0x3c  appTasks.o [1]
  .rodata            const    0x000033f8    0x38  appTasks.o [1]
  .rodata            const    0x00003430    0x34  appTasks.o [1]
  .rodata            const    0x00003464    0x2c  appTasks.o [1]
  .rodata            const    0x00003490    0x2c  appTasks.o [1]
  .text              ro code  0x000034bc    0x2c  copy_init3.o [5]
  .rodata            const    0x000034e8    0x28  appTasks.o [1]
  .text              ro code  0x00003510    0x28  data_init.o [5]
  .rodata            const    0x00003538    0x24  appTasks.o [1]
  .rodata            const    0x0000355c    0x24  appTasks.o [1]
  .rodata            const    0x00003580    0x24  appTasks.o [1]
  .rodata            const    0x000035a4    0x24  appTasks.o [1]
  .rodata            const    0x000035c8    0x24  appTasks.o [1]
  .rodata            const    0x000035ec    0x24  appTasks.o [1]
  .text              ro code  0x00003610    0x22  fpinit_M.o [4]
  .iar.init_table    const    0x00003634    0x24  - Linker created -
  .text              ro code  0x00003658     0x2  cstartup_M.o [1]
  .rodata            const    0x0000365c    0x20  appTasks.o [1]
  .rodata            const    0x0000367c    0x20  appTasks.o [1]
  .rodata            const    0x0000369c    0x20  appTasks.o [1]
  .rodata            const    0x000036bc    0x20  appTasks.o [1]
  .rodata            const    0x000036dc    0x20  appTasks.o [1]
  .rodata            const    0x000036fc    0x1c  appTasks.o [1]
  .rodata            const    0x00003718    0x1c  appTasks.o [1]
  .rodata            const    0x00003734    0x1c  appTasks.o [1]
  .rodata            const    0x00003750    0x1c  appTasks.o [1]
  .rodata            const    0x0000376c    0x1c  appTasks.o [1]
  .text              ro code  0x00003788    0x1a  cmain.o [5]
  .text              ro code  0x000037a2     0x4  low_level_init.o [3]
  .text              ro code  0x000037a6     0x4  exit.o [3]
  .text              ro code  0x000037ac     0xa  cexit.o [5]
  .text              ro code  0x000037b8    0x14  exit.o [6]
  .rodata            const    0x000037cc    0x18  appTasks.o [1]
  .rodata            const    0x000037e4    0x18  appTasks.o [1]
  .rodata            const    0x000037fc    0x18  appTasks.o [1]
  .rodata            const    0x00003814    0x18  appTasks.o [1]
  Initializer bytes  const    0x0000382c    0x18  <for P2-1>
  .rodata            const    0x00003844    0x14  appTasks.o [1]
  .rodata            const    0x00003858    0x14  appTasks.o [1]
  .rodata            const    0x0000386c    0x14  appTasks.o [1]
  .rodata            const    0x00003880    0x14  appTasks.o [1]
  .rodata            const    0x00003894    0x14  appTasks.o [1]
  .rodata            const    0x000038a8    0x14  appTasks.o [1]
  .rodata            const    0x000038bc    0x14  appTasks.o [1]
  .rodata            const    0x000038d0    0x14  appTasks.o [1]
  .rodata            const    0x000038e4    0x14  appTasks.o [1]
  .rodata            const    0x000038f8    0x14  appTasks.o [1]
  .rodata            const    0x0000390c    0x10  appTasks.o [1]
  .rodata            const    0x0000391c    0x10  appTasks.o [1]
  .rodata            const    0x0000392c    0x10  appTasks.o [1]
  .rodata            const    0x0000393c    0x10  appTasks.o [1]
  .rodata            const    0x0000394c    0x10  appTasks.o [1]
  .rodata            const    0x0000395c    0x10  appTasks.o [1]
  .rodata            const    0x0000396c    0x10  appTasks.o [1]
  .rodata            const    0x0000397c    0x10  appTasks.o [1]
  .rodata            const    0x0000398c    0x10  appTasks.o [1]
  .rodata            const    0x0000399c    0x10  appTasks.o [1]
  .rodata            const    0x000039ac    0x10  appTasks.o [1]
  .rodata            const    0x000039bc    0x10  appTasks.o [1]
  .rodata            const    0x000039cc    0x10  appTasks.o [1]
  .rodata            const    0x000039dc    0x10  userdata.o [1]
  .text              ro code  0x000039ec    0x10  cstartup_M.o [1]
  .rodata            const    0x000039fc     0xc  appTasks.o [1]
  .rodata            const    0x00003a08     0xc  appTasks.o [1]
  .rodata            const    0x00003a14     0xc  appTasks.o [1]
  .rodata            const    0x00003a20     0xc  main.o [1]
  .rodata            const    0x00003a2c     0xc  userdata.o [1]
  .rodata            const    0x00003a38     0xc  userdata.o [1]
  .rodata            const    0x00003a44     0x8  appTasks.o [1]
  .rodata            const    0x00003a4c     0x8  appTasks.o [1]
  .rodata            const    0x00003a54     0x8  appTasks.o [1]
  .rodata            const    0x00003a5c     0x8  appTasks.o [1]
  .rodata            const    0x00003a64     0x8  appTasks.o [1]
  .rodata            const    0x00003a6c     0x8  main.o [1]
  .rodata            const    0x00003a74     0x8  tasks.o [1]
  .rodata            const    0x00003a7c     0x0  zero_init3.o [5]
  .rodata            const    0x00003a7c     0x0  copy_init3.o [5]
                            - 0x00003a7c  0x3a24

"P2", part 1 of 3:                          0x18
  P2-1                        0x20000000    0x18  <Init block>
    .data            inited   0x20000000     0x4  heap_2.o [1]
    .data            inited   0x20000004    0x10  keypad.o [1]
    .data            inited   0x20000014     0x4  port.o [1]
                            - 0x20000018    0x18

"P2", part 2 of 3:                        0x1000
  CSTACK                      0x20000018  0x1000  <Block>
    CSTACK           uninit   0x20000018  0x1000  <Block tail>
                            - 0x20001018  0x1000

"P2", part 3 of 3:                        0x111c
  .bss               zero     0x20001018  0x1000  heap_2.o [1]
  .bss               zero     0x20002018    0x64  tasks.o [1]
  .bss               zero     0x2000207c    0x14  tasks.o [1]
  .bss               zero     0x20002090    0x14  tasks.o [1]
  .bss               zero     0x200020a4    0x14  tasks.o [1]
  .bss               zero     0x200020b8    0x14  tasks.o [1]
  .bss               zero     0x200020cc     0x8  heap_2.o [1]
  .bss               zero     0x200020d4     0x8  heap_2.o [1]
  .bss               zero     0x200020dc     0x4  appTasks.o [1]
  .bss               zero     0x200020e0     0x4  appTasks.o [1]
  .bss               zero     0x200020e4     0x4  appTasks.o [1]
  .bss               zero     0x200020e8     0x4  heap_2.o [1]
  .bss               zero     0x200020ec     0x4  main.o [1]
  .bss               zero     0x200020f0     0x4  main.o [1]
  .bss               zero     0x200020f4     0x4  main.o [1]
  .bss               zero     0x200020f8     0x4  tasks.o [1]
  .bss               zero     0x200020fc     0x4  tasks.o [1]
  .bss               zero     0x20002100     0x4  tasks.o [1]
  .bss               zero     0x20002104     0x4  tasks.o [1]
  .bss               zero     0x20002108     0x4  tasks.o [1]
  .bss               zero     0x2000210c     0x4  tasks.o [1]
  .bss               zero     0x20002110     0x4  tasks.o [1]
  .bss               zero     0x20002114     0x4  tasks.o [1]
  .bss               zero     0x20002118     0x4  tasks.o [1]
  .bss               zero     0x2000211c     0x4  tasks.o [1]
  .bss               zero     0x20002120     0x4  tasks.o [1]
  .bss               zero     0x20002124     0x4  tasks.o [1]
  .bss               zero     0x20002128     0x4  tasks.o [1]
  .bss               zero     0x2000212c     0x4  tasks.o [1]
  .bss               zero     0x20002130     0x1  appTasks.o [1]
                            - 0x20002131  0x1119


*******************************************************************************
*** INIT TABLE
***

          Address     Size
          -------     ----
Zero (__iar_zero_init3)
    1 destination range, total size 0x1119:
          0x20001018  0x1119

Copy (__iar_copy_init3)
    1 source range, total size 0x18:
          0x0000382c    0x18
    1 destination range, total size 0x18:
          0x20000000    0x18



*******************************************************************************
*** MODULE SUMMARY
***

    Module                 ro code  ro data  rw data
    ------                 -------  -------  -------
C:\Users\aidsg\Desktop\Smart-lock-sys\Debug\Obj: [1]
    LCD.o                      670
    appTasks.o               2 680    1 908       13
    cstartup_M.o                28       88
    heap_2.o                   304        6    4 120
    i2c.o                      372
    keypad.o                   636       16       16
    list.o                     152
    main.o                     188       20       12
    port.o                     268        4        4
    portasm.o                  176
    queue.o                  1 558
    tasks.o                  2 144        8      236
    terminal.o                 556
    uart.o                     236
    userdata.o               2 384       40
    ------------------------------------------------
    Total:                  12 352    2 090    4 401

command line: [2]
    ------------------------------------------------
    Total:

dl7M_tln.a: [3]
    exit.o                       4
    low_level_init.o             4
    ------------------------------------------------
    Total:                       8

m7M_tls.a: [4]
    fpinit_M.o                  34
    ------------------------------------------------
    Total:                      34

rt7M_tl.a: [5]
    ABImemclr4.o                 6
    ABImemcpy_unaligned.o      118
    ABImemset48.o               50
    cexit.o                     10
    cmain.o                     26
    copy_init3.o                44
    data_init.o                 40
    strcmp_unaligned.o          66
    zero_init3.o                64
    ------------------------------------------------
    Total:                     424

shb_l.a: [6]
    exit.o                      20
    ------------------------------------------------
    Total:                      20

    Gaps                         4        4
    Linker created                       36    4 096
----------------------------------------------------
    Grand Total:            12 842    2 130    8 497


*******************************************************************************
*** ENTRY LIST
***

Entry                      Address    Size  Type      Object
-----                      -------    ----  ----      ------
.iar.init_table$$Base   0x00003634           --   Gb  - Linker created -
.iar.init_table$$Limit  0x00003658           --   Gb  - Linker created -
?main                   0x00003789          Code  Gb  cmain.o [5]
BusFault_Handler        0x00002fd7     0x2  Code  Wk  cstartup_M.o [1]
CSTACK$$Base            0x20000018           --   Gb  - Linker created -
CSTACK$$Limit           0x20001018           --   Gb  - Linker created -
CheckUserID             0x00002615    0x62  Code  Lc  userdata.o [1]
DebugMon_Handler        0x00003659     0x2  Code  Wk  cstartup_M.o [1]
E2prom_AddUser          0x00001e8d   0x1dc  Code  Gb  userdata.o [1]
E2prom_GetSystemFactorySetting
                        0x000024f5    0x1a  Code  Gb  userdata.o [1]
E2prom_GetUserName      0x0000248d    0x40  Code  Gb  userdata.o [1]
E2prom_GetUserRank      0x000024cd    0x28  Code  Gb  userdata.o [1]
E2prom_ListUsers        0x000021ef   0x198  Code  Gb  userdata.o [1]
E2prom_ModifyUser       0x00002091   0x15e  Code  Gb  userdata.o [1]
E2prom_RemoveUser       0x00002069    0x28  Code  Gb  userdata.o [1]
E2prom_SetSystemFactorySetting
                        0x0000250f    0x2a  Code  Gb  userdata.o [1]
E2prom_SystemSetup      0x00001e65    0x28  Code  Gb  userdata.o [1]
E2prom_VerifyAdminInfo  0x00002399    0x8a  Code  Gb  userdata.o [1]
E2prom_VerifyUserInfo   0x00002423    0x6a  Code  Gb  userdata.o [1]
FactoryReset            0x000025df    0x36  Code  Lc  userdata.o [1]
GetAdminsNumber         0x000025c5    0x1a  Code  Lc  userdata.o [1]
GetUsersNumber          0x000025ab    0x1a  Code  Lc  userdata.o [1]
HardFault_Handler       0x00002b0f     0x2  Code  Wk  cstartup_M.o [1]
I2C_Init                0x00002e5d    0x56  Code  Gb  i2c.o [1]
I2C_ReceiveAck          0x00002f59    0x16  Code  Gb  i2c.o [1]
I2C_StartReceive        0x00002f0b    0x38  Code  Gb  i2c.o [1]
I2C_StartTransmit       0x00002eb3    0x58  Code  Gb  i2c.o [1]
I2C_StopReceive         0x00002f6f    0x10  Code  Gb  i2c.o [1]
I2C_StopTransmit        0x00002f7f    0x22  Code  Gb  i2c.o [1]
I2C_Transmit            0x00002f43    0x16  Code  Gb  i2c.o [1]
Keypad_Init             0x00000ad1   0x12e  Code  Gb  keypad.o [1]
Keypad_ReadChar         0x00000bff   0x104  Code  Gb  keypad.o [1]
Keypad_ReadChar::gKeyMap
                        0x20000004    0x10  Data  Lc  keypad.o [1]
LCD_GoTo                0x00001e35    0x2e  Code  Gb  LCD.o [1]
LCD_Init                0x00001bc5   0x118  Code  Gb  LCD.o [1]
LCD_Queue               0x200020dc     0x4  Data  Gb  appTasks.o [1]
LCD_WriteChar           0x00001cdd    0x68  Code  Gb  LCD.o [1]
LCD_WriteCommand        0x00001daf    0x68  Code  Gb  LCD.o [1]
LCD_WriteNewLine        0x00001d45    0x38  Code  Gb  LCD.o [1]
LCD_WriteString         0x00001d7d    0x32  Code  Gb  LCD.o [1]
MemManage_Handler       0x00002e5b     0x2  Code  Wk  cstartup_M.o [1]
NMI_Handler             0x00001e63     0x2  Code  Wk  cstartup_M.o [1]
Region$$Table$$Base     0x00003634           --   Gb  - Linker created -
Region$$Table$$Limit    0x00003658           --   Gb  - Linker created -
RelocateUser            0x00002751    0x64  Code  Lc  userdata.o [1]
SetAdminsNumber         0x00002587    0x24  Code  Lc  userdata.o [1]
SetSystemState          0x00002539    0x2a  Code  Gb  userdata.o [1]
SetUsersNumber          0x00002563    0x24  Code  Lc  userdata.o [1]
SystemDataSort          0x00002677    0xda  Code  Lc  userdata.o [1]
Terminal_Queue          0x200020e0     0x4  Data  Gb  appTasks.o [1]
Terminal_ReceiveUserID  0x000028a1    0x8c  Code  Gb  terminal.o [1]
Terminal_ReceiveUserName
                        0x000029cd    0x9e  Code  Gb  terminal.o [1]
Terminal_ReceiveUserPassword
                        0x0000292d    0xa0  Code  Gb  terminal.o [1]
Terminal_ReceiveUserRank
                        0x00002a6b    0x56  Code  Gb  terminal.o [1]
UART_Init               0x000027b5    0x88  Code  Gb  uart.o [1]
UART_ReceiveComplete    0x0000097d    0x28  Code  Gb  appTasks.o [1]
UART_SendChar           0x0000283d    0x10  Code  Gb  uart.o [1]
UART_SendString         0x0000284d    0x1c  Code  Gb  uart.o [1]
UartSemaphore           0x200020e4     0x4  Data  Gb  appTasks.o [1]
UsageFault_Handler      0x000030bb     0x2  Code  Wk  cstartup_M.o [1]
__aeabi_memclr4         0x00002fd1          Code  Gb  ABImemclr4.o [5]
__cmain                 0x00003789          Code  Gb  cmain.o [5]
__exit                  0x000037b9    0x14  Code  Gb  exit.o [6]
__iar_Memset4_word      0x00003089          Code  Gb  ABImemset48.o [5]
__iar_Memset8_word      0x00003089          Code  Gb  ABImemset48.o [5]
__iar_copy_init3        0x000034bd    0x2c  Code  Gb  copy_init3.o [5]
__iar_data_init3        0x00003511    0x28  Code  Gb  data_init.o [5]
__iar_init_vfp          0x00003611          Code  Gb  fpinit_M.o [4]
__iar_program_start     0x000039ed    0x10  Code  Gb  cstartup_M.o [1]
__iar_unaligned___aeabi_memcpy
                        0x00002de5          Code  Gb  ABImemcpy_unaligned.o [5]
__iar_unaligned___aeabi_memcpy4
                        0x00002e05          Code  Gb  ABImemcpy_unaligned.o [5]
__iar_unaligned___aeabi_memcpy8
                        0x00002e05          Code  Gb  ABImemcpy_unaligned.o [5]
__iar_unaligned_strcmp  0x00002acd          Code  Gb  strcmp_unaligned.o [5]
__iar_zero_init3        0x00003341    0x40  Code  Gb  zero_init3.o [5]
__low_level_init        0x000037a3     0x4  Code  Gb  low_level_init.o [3]
__vector_table          0x00000000    0x58  Data  Gb  cstartup_M.o [1]
_call_main              0x00003795          Code  Gb  cmain.o [5]
_exit                   0x000037ad          Code  Gb  cexit.o [5]
_main                   0x0000379f          Code  Gb  cmain.o [5]
exit                    0x000037a7     0x4  Code  Gb  exit.o [3]
heapSTRUCT_SIZE         0x00001bc2     0x2  Data  Lc  heap_2.o [1]
keypadHandle            0x200020ec     0x4  Data  Gb  main.o [1]
lcdHandle               0x200020f0     0x4  Data  Gb  main.o [1]
main                    0x000030bd    0xbc  Code  Gb  main.o [1]
passwordIncorrectCounter
                        0x20002130     0x1  Data  Lc  appTasks.o [1]
prvAddCurrentTaskToDelayedList
                        0x000014e5    0x80  Code  Lc  tasks.o [1]
prvAddNewTaskToReadyList
                        0x00000e45    0xb8  Code  Lc  tasks.o [1]
prvCheckTasksWaitingTermination
                        0x0000149f     0x2  Code  Lc  tasks.o [1]
prvCopyDataFromQueue    0x00001af1    0x2a  Code  Lc  queue.o [1]
prvCopyDataToQueue      0x00001a7f    0x72  Code  Lc  queue.o [1]
prvHeapInit             0x00002bff    0x2a  Code  Lc  heap_2.o [1]
prvIdleTask             0x00001429    0x24  Code  Lc  tasks.o [1]
prvInitialiseNewQueue   0x00001661    0x1c  Code  Lc  queue.o [1]
prvInitialiseNewTask    0x00000dc3    0x82  Code  Lc  tasks.o [1]
prvInitialiseTaskLists  0x0000144d    0x52  Code  Lc  tasks.o [1]
prvIsQueueEmpty         0x00001b89    0x1c  Code  Lc  queue.o [1]
prvIsQueueFull          0x00001ba5    0x1e  Code  Lc  queue.o [1]
prvResetNextTaskUnblockTime
                        0x000014a1    0x2c  Code  Lc  tasks.o [1]
prvTaskExitError        0x00002d01    0x10  Code  Lc  port.o [1]
prvTaskIsTaskSuspended  0x00000ff9    0x22  Code  Lc  tasks.o [1]
prvUnlockQueue          0x00001b1b    0x6e  Code  Lc  queue.o [1]
pvPortMalloc            0x00002b11    0xb2  Code  Gb  heap_2.o [1]
pvPortMalloc::xHeapHasBeenInitialised
                        0x200020e8     0x4  Data  Lc  heap_2.o [1]
pxCurrentTCB            0x200020f8     0x4  Data  Gb  tasks.o [1]
pxDelayedTaskList       0x200020fc     0x4  Data  Lc  tasks.o [1]
pxOverflowDelayedTaskList
                        0x20002100     0x4  Data  Lc  tasks.o [1]
pxPortInitialiseStack   0x00002cd9    0x28  Code  Gb  port.o [1]
pxReadyTasksLists       0x20002018    0x64  Data  Lc  tasks.o [1]
terminalHandle          0x200020f4     0x4  Data  Gb  main.o [1]
ucHeap                  0x20001018  0x1000  Data  Lc  heap_2.o [1]
uxCriticalNesting       0x20000014     0x4  Data  Lc  port.o [1]
uxCurrentNumberOfTasks  0x20002104     0x4  Data  Lc  tasks.o [1]
uxListRemove            0x00002cb3    0x26  Code  Gb  list.o [1]
uxPendedTicks           0x20002114     0x4  Data  Lc  tasks.o [1]
uxQueueMessagesWaiting  0x00001a6d    0x12  Code  Gb  queue.o [1]
uxSchedulerSuspended    0x2000212c     0x4  Data  Lc  tasks.o [1]
uxTaskNumber            0x20002120     0x4  Data  Lc  tasks.o [1]
uxTopReadyPriority      0x2000210c     0x4  Data  Lc  tasks.o [1]
vListInitialise         0x00002c41    0x1e  Code  Gb  list.o [1]
vListInitialiseItem     0x00002c5f     0x6  Code  Gb  list.o [1]
vListInsert             0x00002c7d    0x36  Code  Gb  list.o [1]
vListInsertEnd          0x00002c65    0x18  Code  Gb  list.o [1]
vPortEnableVFP          0x0000306d          Code  Gb  portasm.o [1]
vPortEnterCritical      0x00002d4d    0x1a  Code  Gb  port.o [1]
vPortExitCritical       0x00002d67    0x1a  Code  Gb  port.o [1]
vPortFree               0x00002bc3    0x3c  Code  Gb  heap_2.o [1]
vPortSVCHandler         0x00003031          Code  Gb  portasm.o [1]
vPortSetupTimerInterrupt
                        0x00002dbd    0x28  Code  Wk  port.o [1]
vPortStartFirstTask     0x0000304d          Code  Gb  portasm.o [1]
vTaskDelay              0x00000efd    0x32  Code  Gb  tasks.o [1]
vTaskInternalSetTimeOutState
                        0x000013b3    0x12  Code  Gb  tasks.o [1]
vTaskMissedYield        0x0000141f     0xa  Code  Gb  tasks.o [1]
vTaskPlaceOnEventList   0x00001329    0x1a  Code  Gb  tasks.o [1]
vTaskResume             0x0000101b    0x72  Code  Gb  tasks.o [1]
vTaskStartScheduler     0x0000108d    0x50  Code  Gb  tasks.o [1]
vTaskSuspend            0x00000f2f    0xca  Code  Gb  tasks.o [1]
vTaskSuspendAll         0x000010dd    0x10  Code  Gb  tasks.o [1]
vTaskSwitchContext      0x000012d3    0x56  Code  Gb  tasks.o [1]
vTask_Keypad            0x00000059    0x4a  Code  Gb  appTasks.o [1]
vTask_LCD               0x000000a3   0x330  Code  Gb  appTasks.o [1]
vTask_Terminal          0x000003dd   0x5a0  Code  Gb  appTasks.o [1]
xDelayedTaskList1       0x2000207c    0x14  Data  Lc  tasks.o [1]
xDelayedTaskList2       0x20002090    0x14  Data  Lc  tasks.o [1]
xEnd                    0x200020d4     0x8  Data  Lc  heap_2.o [1]
xFreeBytesRemaining     0x20000000     0x4  Data  Lc  heap_2.o [1]
xIdleTaskHandle         0x20002128     0x4  Data  Lc  tasks.o [1]
xNextTaskUnblockTime    0x20002124     0x4  Data  Lc  tasks.o [1]
xNumOfOverflows         0x2000211c     0x4  Data  Lc  tasks.o [1]
xPendingReadyList       0x200020a4    0x14  Data  Lc  tasks.o [1]
xPortPendSVHandler      0x00002fd9          Code  Gb  portasm.o [1]
xPortStartScheduler     0x00002d11    0x3c  Code  Gb  port.o [1]
xPortSysTickHandler     0x00002d81    0x28  Code  Gb  port.o [1]
xQueueGenericCreate     0x0000162b    0x36  Code  Gb  queue.o [1]
xQueueGenericReset      0x000015ad    0x7e  Code  Gb  queue.o [1]
xQueueGenericSend       0x0000167d   0x10e  Code  Gb  queue.o [1]
xQueuePeek              0x0000196f    0xfa  Code  Gb  queue.o [1]
xQueueReceive           0x0000178b    0xf6  Code  Gb  queue.o [1]
xQueueSemaphoreTake     0x00001881    0xee  Code  Gb  queue.o [1]
xSchedulerRunning       0x20002110     0x4  Data  Lc  tasks.o [1]
xStart                  0x200020cc     0x8  Data  Lc  heap_2.o [1]
xSuspendedTaskList      0x200020b8    0x14  Data  Lc  tasks.o [1]
xTaskCheckForTimeOut    0x000013c5    0x5a  Code  Gb  tasks.o [1]
xTaskCreate             0x00000d4d    0x76  Code  Gb  tasks.o [1]
xTaskIncrementTick      0x000011cd   0x106  Code  Gb  tasks.o [1]
xTaskRemoveFromEventList
                        0x00001343    0x70  Code  Gb  tasks.o [1]
xTaskResumeAll          0x000010ed    0xe0  Code  Gb  tasks.o [1]
xTickCount              0x20002108     0x4  Data  Lc  tasks.o [1]
xYieldPending           0x20002118     0x4  Data  Lc  tasks.o [1]


[1] = C:\Users\aidsg\Desktop\Smart-lock-sys\Debug\Obj
[2] = command line
[3] = dl7M_tln.a
[4] = m7M_tls.a
[5] = rt7M_tl.a
[6] = shb_l.a

  12 842 bytes of readonly  code memory
   2 130 bytes of readonly  data memory
   8 497 bytes of readwrite data memory

Errors: none
Warnings: none
