###############################################################################
#
# IAR ELF Linker V7.70.1.11437/W32 for ARM                15/Nov/2018  05:43:29
# Copyright 2007-2016 IAR Systems AB.
#
#    Output file  =  C:\Users\aidsg\Desktop\Smart-lock-sys\Debug\Exe\OS.out
#    Map file     =  C:\Users\aidsg\Desktop\Smart-lock-sys\Debug\List\OS.map
#    Command line =  
#        C:\Users\aidsg\Desktop\Smart-lock-sys\Debug\Obj\alarm.o
#        C:\Users\aidsg\Desktop\Smart-lock-sys\Debug\Obj\appTasks.o
#        C:\Users\aidsg\Desktop\Smart-lock-sys\Debug\Obj\cstartup_M.o
#        C:\Users\aidsg\Desktop\Smart-lock-sys\Debug\Obj\heap_2.o
#        C:\Users\aidsg\Desktop\Smart-lock-sys\Debug\Obj\i2c.o
#        C:\Users\aidsg\Desktop\Smart-lock-sys\Debug\Obj\keypad.o
#        C:\Users\aidsg\Desktop\Smart-lock-sys\Debug\Obj\LCD.o
#        C:\Users\aidsg\Desktop\Smart-lock-sys\Debug\Obj\list.o
#        C:\Users\aidsg\Desktop\Smart-lock-sys\Debug\Obj\main.o
#        C:\Users\aidsg\Desktop\Smart-lock-sys\Debug\Obj\motor.o
#        C:\Users\aidsg\Desktop\Smart-lock-sys\Debug\Obj\port.o
#        C:\Users\aidsg\Desktop\Smart-lock-sys\Debug\Obj\portasm.o
#        C:\Users\aidsg\Desktop\Smart-lock-sys\Debug\Obj\queue.o
#        C:\Users\aidsg\Desktop\Smart-lock-sys\Debug\Obj\tasks.o
#        C:\Users\aidsg\Desktop\Smart-lock-sys\Debug\Obj\terminal.o
#        C:\Users\aidsg\Desktop\Smart-lock-sys\Debug\Obj\uart.o
#        C:\Users\aidsg\Desktop\Smart-lock-sys\Debug\Obj\userdata.o -o
#        C:\Users\aidsg\Desktop\Smart-lock-sys\Debug\Exe\OS.out --redirect
#        _Printf=_PrintfFull --redirect _Scanf=_ScanfFull --map
#        C:\Users\aidsg\Desktop\Smart-lock-sys\Debug\List\OS.map --config
#        "C:\Program Files (x86)\IAR Systems\Embedded Workbench
#        7.5\arm\config\linker\TexasInstruments\TM4C123GH6.icf" --semihosting
#        --entry __iar_program_start --vfe
#
###############################################################################

*******************************************************************************
*** RUNTIME MODEL ATTRIBUTES
***

CppFlavor       = *
__SystemLibrary = DLib


*******************************************************************************
*** PLACEMENT SUMMARY
***

"A0":  place at 0x00000000 { ro section .intvec };
"P1":  place in [from 0x00000000 to 0x0003ffff] { ro };
"P2":  place in [from 0x20000000 to 0x20007fff] { rw, block CSTACK, block HEAP };
initialize by copy { rw };

  Section            Kind        Address    Size  Object
  -------            ----        -------    ----  ------
"A0":                                       0x58
  .intvec            const    0x00000000    0x58  cstartup_M.o [1]
                            - 0x00000058    0x58

"P1":                                     0x4640
  .text              ro code  0x00000058  0x1290  appTasks.o [1]
  .text              ro code  0x000012e8   0x27c  keypad.o [1]
  .text              ro code  0x00001564   0x868  tasks.o [1]
  .text              ro code  0x00001dcc   0x616  queue.o [1]
  .rodata            const    0x000023e2     0x2  heap_2.o [1]
  .text              ro code  0x000023e4   0x174  i2c.o [1]
  .text              ro code  0x00002558   0x29e  LCD.o [1]
  .text              ro code  0x000027f6     0x2  cstartup_M.o [1]
  .text              ro code  0x000027f8    0xa8  alarm.o [1]
  .text              ro code  0x000028a0   0x14c  motor.o [1]
  .text              ro code  0x000029ec   0x9c2  userdata.o [1]
  .text              ro code  0x000033ae     0x2  cstartup_M.o [1]
  .text              ro code  0x000033b0    0xec  uart.o [1]
  .text              ro code  0x0000349c   0x22c  terminal.o [1]
  .text              ro code  0x000036c8    0x42  strcmp_unaligned.o [5]
  .text              ro code  0x0000370a     0x2  cstartup_M.o [1]
  .text              ro code  0x0000370c   0x130  heap_2.o [1]
  .text              ro code  0x0000383c    0x98  list.o [1]
  .text              ro code  0x000038d4   0x10c  port.o [1]
  .text              ro code  0x000039e0    0x76  ABImemcpy_unaligned.o [5]
  .text              ro code  0x00003a56     0x2  cstartup_M.o [1]
  .text              ro code  0x00003a58     0x6  ABImemclr4.o [5]
  .text              ro code  0x00003a5e     0x2  cstartup_M.o [1]
  CODE               ro code  0x00003a60    0xb0  portasm.o [1]
  .text              ro code  0x00003b10    0x32  ABImemset48.o [5]
  .text              ro code  0x00003b42     0x2  cstartup_M.o [1]
  .text              ro code  0x00003b44    0xb4  main.o [1]
  .rodata            const    0x00003bf8    0x5c  appTasks.o [1]
  .rodata            const    0x00003c54    0x54  appTasks.o [1]
  .rodata            const    0x00003ca8    0x50  appTasks.o [1]
  .rodata            const    0x00003cf8    0x4c  appTasks.o [1]
  .rodata            const    0x00003d44    0x48  appTasks.o [1]
  .rodata            const    0x00003d8c    0x44  appTasks.o [1]
  .rodata            const    0x00003dd0    0x44  appTasks.o [1]
  .text              ro code  0x00003e14    0x40  zero_init3.o [5]
  .rodata            const    0x00003e54    0x3c  appTasks.o [1]
  .rodata            const    0x00003e90    0x3c  appTasks.o [1]
  .rodata            const    0x00003ecc    0x38  appTasks.o [1]
  .rodata            const    0x00003f04    0x38  appTasks.o [1]
  .rodata            const    0x00003f3c    0x34  appTasks.o [1]
  .rodata            const    0x00003f70    0x2c  appTasks.o [1]
  .rodata            const    0x00003f9c    0x2c  appTasks.o [1]
  .rodata            const    0x00003fc8    0x2c  appTasks.o [1]
  .text              ro code  0x00003ff4    0x2c  copy_init3.o [5]
  .rodata            const    0x00004020    0x28  appTasks.o [1]
  .text              ro code  0x00004048    0x28  data_init.o [5]
  .rodata            const    0x00004070    0x24  appTasks.o [1]
  .rodata            const    0x00004094    0x24  appTasks.o [1]
  .rodata            const    0x000040b8    0x24  appTasks.o [1]
  .rodata            const    0x000040dc    0x24  appTasks.o [1]
  .rodata            const    0x00004100    0x24  appTasks.o [1]
  .rodata            const    0x00004124    0x24  appTasks.o [1]
  .rodata            const    0x00004148    0x24  appTasks.o [1]
  .rodata            const    0x0000416c    0x24  appTasks.o [1]
  .text              ro code  0x00004190    0x22  fpinit_M.o [4]
  .iar.init_table    const    0x000041b4    0x24  - Linker created -
  .rodata            const    0x000041d8    0x20  appTasks.o [1]
  .rodata            const    0x000041f8    0x20  appTasks.o [1]
  .rodata            const    0x00004218    0x20  appTasks.o [1]
  .rodata            const    0x00004238    0x20  appTasks.o [1]
  .rodata            const    0x00004258    0x20  appTasks.o [1]
  .rodata            const    0x00004278    0x20  appTasks.o [1]
  .rodata            const    0x00004298    0x20  appTasks.o [1]
  .rodata            const    0x000042b8    0x1c  appTasks.o [1]
  .rodata            const    0x000042d4    0x1c  appTasks.o [1]
  .rodata            const    0x000042f0    0x1c  appTasks.o [1]
  .rodata            const    0x0000430c    0x1c  appTasks.o [1]
  .rodata            const    0x00004328    0x1c  appTasks.o [1]
  .text              ro code  0x00004344    0x1a  cmain.o [5]
  .text              ro code  0x0000435e     0x4  low_level_init.o [3]
  .text              ro code  0x00004362     0x4  exit.o [3]
  .text              ro code  0x00004368     0xa  cexit.o [5]
  .text              ro code  0x00004374    0x14  exit.o [6]
  .rodata            const    0x00004388    0x18  appTasks.o [1]
  .rodata            const    0x000043a0    0x18  appTasks.o [1]
  .rodata            const    0x000043b8    0x18  appTasks.o [1]
  .rodata            const    0x000043d0    0x18  appTasks.o [1]
  .rodata            const    0x000043e8    0x18  appTasks.o [1]
  Initializer bytes  const    0x00004400    0x18  <for P2-1>
  .rodata            const    0x00004418    0x14  appTasks.o [1]
  .rodata            const    0x0000442c    0x14  appTasks.o [1]
  .rodata            const    0x00004440    0x14  appTasks.o [1]
  .rodata            const    0x00004454    0x14  appTasks.o [1]
  .rodata            const    0x00004468    0x14  appTasks.o [1]
  .rodata            const    0x0000447c    0x14  appTasks.o [1]
  .rodata            const    0x00004490    0x14  appTasks.o [1]
  .rodata            const    0x000044a4    0x14  appTasks.o [1]
  .rodata            const    0x000044b8    0x14  appTasks.o [1]
  .rodata            const    0x000044cc    0x14  appTasks.o [1]
  .rodata            const    0x000044e0    0x14  appTasks.o [1]
  .rodata            const    0x000044f4    0x10  appTasks.o [1]
  .rodata            const    0x00004504    0x10  appTasks.o [1]
  .rodata            const    0x00004514    0x10  appTasks.o [1]
  .rodata            const    0x00004524    0x10  appTasks.o [1]
  .rodata            const    0x00004534    0x10  appTasks.o [1]
  .rodata            const    0x00004544    0x10  appTasks.o [1]
  .rodata            const    0x00004554    0x10  appTasks.o [1]
  .rodata            const    0x00004564    0x10  appTasks.o [1]
  .rodata            const    0x00004574    0x10  appTasks.o [1]
  .rodata            const    0x00004584    0x10  appTasks.o [1]
  .rodata            const    0x00004594    0x10  appTasks.o [1]
  .rodata            const    0x000045a4    0x10  appTasks.o [1]
  .rodata            const    0x000045b4    0x10  appTasks.o [1]
  .rodata            const    0x000045c4    0x10  appTasks.o [1]
  .rodata            const    0x000045d4    0x10  userdata.o [1]
  .text              ro code  0x000045e4    0x10  cstartup_M.o [1]
  .rodata            const    0x000045f4     0xc  appTasks.o [1]
  .rodata            const    0x00004600     0xc  appTasks.o [1]
  .rodata            const    0x0000460c     0xc  appTasks.o [1]
  .rodata            const    0x00004618     0xc  appTasks.o [1]
  .rodata            const    0x00004624     0xc  main.o [1]
  .rodata            const    0x00004630     0xc  userdata.o [1]
  .rodata            const    0x0000463c     0xc  userdata.o [1]
  .rodata            const    0x00004648     0x8  appTasks.o [1]
  .rodata            const    0x00004650     0x8  appTasks.o [1]
  .rodata            const    0x00004658     0x8  appTasks.o [1]
  .rodata            const    0x00004660     0x8  appTasks.o [1]
  .rodata            const    0x00004668     0x8  appTasks.o [1]
  .rodata            const    0x00004670     0x8  appTasks.o [1]
  .rodata            const    0x00004678     0x8  appTasks.o [1]
  .rodata            const    0x00004680     0x8  appTasks.o [1]
  .rodata            const    0x00004688     0x8  main.o [1]
  .rodata            const    0x00004690     0x8  tasks.o [1]
  .rodata            const    0x00004698     0x0  zero_init3.o [5]
  .rodata            const    0x00004698     0x0  copy_init3.o [5]
                            - 0x00004698  0x4640

"P2", part 1 of 3:                          0x18
  P2-1                        0x20000000    0x18  <Init block>
    .data            inited   0x20000000     0x4  heap_2.o [1]
    .data            inited   0x20000004    0x10  keypad.o [1]
    .data            inited   0x20000014     0x4  port.o [1]
                            - 0x20000018    0x18

"P2", part 2 of 3:                        0x1000
  CSTACK                      0x20000018  0x1000  <Block>
    CSTACK           uninit   0x20000018  0x1000  <Block tail>
                            - 0x20001018  0x1000

"P2", part 3 of 3:                        0x1118
  .bss               zero     0x20001018  0x1000  heap_2.o [1]
  .bss               zero     0x20002018    0x64  tasks.o [1]
  .bss               zero     0x2000207c    0x14  tasks.o [1]
  .bss               zero     0x20002090    0x14  tasks.o [1]
  .bss               zero     0x200020a4    0x14  tasks.o [1]
  .bss               zero     0x200020b8    0x14  tasks.o [1]
  .bss               zero     0x200020cc     0x8  heap_2.o [1]
  .bss               zero     0x200020d4     0x8  heap_2.o [1]
  .bss               zero     0x200020dc     0x4  appTasks.o [1]
  .bss               zero     0x200020e0     0x4  appTasks.o [1]
  .bss               zero     0x200020e4     0x4  appTasks.o [1]
  .bss               zero     0x200020e8     0x4  heap_2.o [1]
  .bss               zero     0x200020ec     0x4  main.o [1]
  .bss               zero     0x200020f0     0x4  main.o [1]
  .bss               zero     0x200020f4     0x4  main.o [1]
  .bss               zero     0x200020f8     0x4  tasks.o [1]
  .bss               zero     0x200020fc     0x4  tasks.o [1]
  .bss               zero     0x20002100     0x4  tasks.o [1]
  .bss               zero     0x20002104     0x4  tasks.o [1]
  .bss               zero     0x20002108     0x4  tasks.o [1]
  .bss               zero     0x2000210c     0x4  tasks.o [1]
  .bss               zero     0x20002110     0x4  tasks.o [1]
  .bss               zero     0x20002114     0x4  tasks.o [1]
  .bss               zero     0x20002118     0x4  tasks.o [1]
  .bss               zero     0x2000211c     0x4  tasks.o [1]
  .bss               zero     0x20002120     0x4  tasks.o [1]
  .bss               zero     0x20002124     0x4  tasks.o [1]
  .bss               zero     0x20002128     0x4  tasks.o [1]
  .bss               zero     0x2000212c     0x4  tasks.o [1]
                            - 0x20002130  0x1118


*******************************************************************************
*** INIT TABLE
***

          Address     Size
          -------     ----
Zero (__iar_zero_init3)
    1 destination range, total size 0x1118:
          0x20001018  0x1118

Copy (__iar_copy_init3)
    1 source range, total size 0x18:
          0x00004400    0x18
    1 destination range, total size 0x18:
          0x20000000    0x18



*******************************************************************************
*** MODULE SUMMARY
***

    Module                 ro code  ro data  rw data
    ------                 -------  -------  -------
C:\Users\aidsg\Desktop\Smart-lock-sys\Debug\Obj: [1]
    LCD.o                      670
    alarm.o                    168
    appTasks.o               4 752    2 324       12
    cstartup_M.o                28       88
    heap_2.o                   304        6    4 120
    i2c.o                      372
    keypad.o                   636       16       16
    list.o                     152
    main.o                     180       20       12
    motor.o                    332
    port.o                     268        4        4
    portasm.o                  176
    queue.o                  1 558
    tasks.o                  2 152        8      236
    terminal.o                 556
    uart.o                     236
    userdata.o               2 498       40
    ------------------------------------------------
    Total:                  15 038    2 506    4 400

command line: [2]
    ------------------------------------------------
    Total:

dl7M_tln.a: [3]
    exit.o                       4
    low_level_init.o             4
    ------------------------------------------------
    Total:                       8

m7M_tls.a: [4]
    fpinit_M.o                  34
    ------------------------------------------------
    Total:                      34

rt7M_tl.a: [5]
    ABImemclr4.o                 6
    ABImemcpy_unaligned.o      118
    ABImemset48.o               50
    cexit.o                     10
    cmain.o                     26
    copy_init3.o                44
    data_init.o                 40
    strcmp_unaligned.o          66
    zero_init3.o                64
    ------------------------------------------------
    Total:                     424

shb_l.a: [6]
    exit.o                      20
    ------------------------------------------------
    Total:                      20

    Gaps                         4        2
    Linker created                       36    4 096
----------------------------------------------------
    Grand Total:            15 528    2 544    8 496


*******************************************************************************
*** ENTRY LIST
***

Entry                      Address    Size  Type      Object
-----                      -------    ----  ----      ------
.iar.init_table$$Base   0x000041b4           --   Gb  - Linker created -
.iar.init_table$$Limit  0x000041d8           --   Gb  - Linker created -
?main                   0x00004345          Code  Gb  cmain.o [5]
Alarm_BuzzerOff         0x00002877     0x8  Code  Gb  alarm.o [1]
Alarm_BuzzerOn          0x0000286f     0x8  Code  Gb  alarm.o [1]
Alarm_GreenLedOff       0x00002857     0x8  Code  Gb  alarm.o [1]
Alarm_GreenLedOn        0x0000284f     0x8  Code  Gb  alarm.o [1]
Alarm_Init              0x000027f9    0x56  Code  Gb  alarm.o [1]
Alarm_RedLedOff         0x00002867     0x8  Code  Gb  alarm.o [1]
Alarm_RedLedOn          0x0000285f     0x8  Code  Gb  alarm.o [1]
BusFault_Handler        0x00003a57     0x2  Code  Wk  cstartup_M.o [1]
CSTACK$$Base            0x20000018           --   Gb  - Linker created -
CSTACK$$Limit           0x20001018           --   Gb  - Linker created -
CheckUserID             0x0000320f    0x62  Code  Lc  userdata.o [1]
DebugMon_Handler        0x00003b43     0x2  Code  Wk  cstartup_M.o [1]
E2prom_AddUser          0x00002a19   0x1dc  Code  Gb  userdata.o [1]
E2prom_GetGateState     0x00003091    0x18  Code  Gb  userdata.o [1]
E2prom_GetIncorrectPWCounter
                        0x00003079    0x18  Code  Gb  userdata.o [1]
E2prom_GetSystemFactorySetting
                        0x00003047    0x1a  Code  Gb  userdata.o [1]
E2prom_GetSystemState   0x00003061    0x18  Code  Gb  userdata.o [1]
E2prom_GetUserName      0x00002fdf    0x40  Code  Gb  userdata.o [1]
E2prom_GetUserRank      0x0000301f    0x28  Code  Gb  userdata.o [1]
E2prom_IncrementIncorrectPWCounter
                        0x000030fd    0x34  Code  Gb  userdata.o [1]
E2prom_ListUsers        0x00002dc7   0x198  Code  Gb  userdata.o [1]
E2prom_ModifyUser       0x00002c1d   0x1aa  Code  Gb  userdata.o [1]
E2prom_RemoveUser       0x00002bf5    0x28  Code  Gb  userdata.o [1]
E2prom_ResetIncorrectPWCounter
                        0x00003131    0x14  Code  Gb  userdata.o [1]
E2prom_SetGateState     0x00003145    0x18  Code  Gb  userdata.o [1]
E2prom_SetSystemFactorySetting
                        0x000030a9    0x2a  Code  Gb  userdata.o [1]
E2prom_SetSystemState   0x000030d3    0x2a  Code  Gb  userdata.o [1]
E2prom_SystemSetup      0x000029ed    0x2c  Code  Gb  userdata.o [1]
E2prom_VerifyUserInfo   0x00002f75    0x6a  Code  Gb  userdata.o [1]
FactoryReset            0x000031d9    0x36  Code  Lc  userdata.o [1]
GetAdminsNumber         0x000031bf    0x1a  Code  Lc  userdata.o [1]
GetUsersNumber          0x000031a5    0x1a  Code  Lc  userdata.o [1]
HardFault_Handler       0x000033af     0x2  Code  Wk  cstartup_M.o [1]
I2C_Init                0x000023e5    0x56  Code  Gb  i2c.o [1]
I2C_ReceiveAck          0x000024e1    0x16  Code  Gb  i2c.o [1]
I2C_StartReceive        0x00002493    0x38  Code  Gb  i2c.o [1]
I2C_StartTransmit       0x0000243b    0x58  Code  Gb  i2c.o [1]
I2C_StopReceive         0x000024f7    0x10  Code  Gb  i2c.o [1]
I2C_StopTransmit        0x00002507    0x22  Code  Gb  i2c.o [1]
I2C_Transmit            0x000024cb    0x16  Code  Gb  i2c.o [1]
Keypad_Init             0x000012e9   0x12e  Code  Gb  keypad.o [1]
Keypad_ReadChar         0x00001417   0x104  Code  Gb  keypad.o [1]
Keypad_ReadChar::gKeyMap
                        0x20000004    0x10  Data  Lc  keypad.o [1]
LCD_GoTo                0x000027c9    0x2e  Code  Gb  LCD.o [1]
LCD_Init                0x00002559   0x118  Code  Gb  LCD.o [1]
LCD_Queue               0x200020dc     0x4  Data  Gb  appTasks.o [1]
LCD_WriteChar           0x00002671    0x68  Code  Gb  LCD.o [1]
LCD_WriteCommand        0x00002743    0x68  Code  Gb  LCD.o [1]
LCD_WriteNewLine        0x000026d9    0x38  Code  Gb  LCD.o [1]
LCD_WriteString         0x00002711    0x32  Code  Gb  LCD.o [1]
MemManage_Handler       0x0000370b     0x2  Code  Wk  cstartup_M.o [1]
Motor_Init              0x000028a1    0xb4  Code  Gb  motor.o [1]
Motor_RunForward        0x00002955    0x1a  Code  Gb  motor.o [1]
Motor_RunReverse        0x0000296f    0x1a  Code  Gb  motor.o [1]
Motor_Stop              0x00002989    0x1a  Code  Gb  motor.o [1]
NMI_Handler             0x000027f7     0x2  Code  Wk  cstartup_M.o [1]
Region$$Table$$Base     0x000041b4           --   Gb  - Linker created -
Region$$Table$$Limit    0x000041d8           --   Gb  - Linker created -
RelocateUser            0x0000334b    0x64  Code  Lc  userdata.o [1]
SetAdminsNumber         0x00003181    0x24  Code  Lc  userdata.o [1]
SetUsersNumber          0x0000315d    0x24  Code  Lc  userdata.o [1]
SystemDataSort          0x00003271    0xda  Code  Lc  userdata.o [1]
Terminal_Queue          0x200020e0     0x4  Data  Gb  appTasks.o [1]
Terminal_ReceiveUserID  0x0000349d    0x8c  Code  Gb  terminal.o [1]
Terminal_ReceiveUserName
                        0x000035c9    0x9e  Code  Gb  terminal.o [1]
Terminal_ReceiveUserPassword
                        0x00003529    0xa0  Code  Gb  terminal.o [1]
Terminal_ReceiveUserRank
                        0x00003667    0x56  Code  Gb  terminal.o [1]
UART_Init               0x000033b1    0x88  Code  Gb  uart.o [1]
UART_ReceiveComplete    0x000011b1    0x28  Code  Gb  appTasks.o [1]
UART_SendChar           0x00003439    0x10  Code  Gb  uart.o [1]
UART_SendString         0x00003449    0x1c  Code  Gb  uart.o [1]
UartSemaphore           0x200020e4     0x4  Data  Gb  appTasks.o [1]
UsageFault_Handler      0x00003a5f     0x2  Code  Wk  cstartup_M.o [1]
__aeabi_memclr4         0x00003a59          Code  Gb  ABImemclr4.o [5]
__cmain                 0x00004345          Code  Gb  cmain.o [5]
__exit                  0x00004375    0x14  Code  Gb  exit.o [6]
__iar_Memset4_word      0x00003b11          Code  Gb  ABImemset48.o [5]
__iar_Memset8_word      0x00003b11          Code  Gb  ABImemset48.o [5]
__iar_copy_init3        0x00003ff5    0x2c  Code  Gb  copy_init3.o [5]
__iar_data_init3        0x00004049    0x28  Code  Gb  data_init.o [5]
__iar_init_vfp          0x00004191          Code  Gb  fpinit_M.o [4]
__iar_program_start     0x000045e5    0x10  Code  Gb  cstartup_M.o [1]
__iar_unaligned___aeabi_memcpy
                        0x000039e1          Code  Gb  ABImemcpy_unaligned.o [5]
__iar_unaligned___aeabi_memcpy4
                        0x00003a01          Code  Gb  ABImemcpy_unaligned.o [5]
__iar_unaligned___aeabi_memcpy8
                        0x00003a01          Code  Gb  ABImemcpy_unaligned.o [5]
__iar_unaligned_strcmp  0x000036c9          Code  Gb  strcmp_unaligned.o [5]
__iar_zero_init3        0x00003e15    0x40  Code  Gb  zero_init3.o [5]
__low_level_init        0x0000435f     0x4  Code  Gb  low_level_init.o [3]
__vector_table          0x00000000    0x58  Data  Gb  cstartup_M.o [1]
_call_main              0x00004351          Code  Gb  cmain.o [5]
_exit                   0x00004369          Code  Gb  cexit.o [5]
_main                   0x0000435b          Code  Gb  cmain.o [5]
exit                    0x00004363     0x4  Code  Gb  exit.o [3]
heapSTRUCT_SIZE         0x000023e2     0x2  Data  Lc  heap_2.o [1]
keypadHandle            0x200020ec     0x4  Data  Gb  main.o [1]
lcdHandle               0x200020f0     0x4  Data  Gb  main.o [1]
main                    0x00003b45    0xb4  Code  Gb  main.o [1]
prvAddCurrentTaskToDelayedList
                        0x00001d05    0x80  Code  Lc  tasks.o [1]
prvAddNewTaskToReadyList
                        0x0000165d    0xb8  Code  Lc  tasks.o [1]
prvCheckTasksWaitingTermination
                        0x00001cbf     0x2  Code  Lc  tasks.o [1]
prvCopyDataFromQueue    0x00002311    0x2a  Code  Lc  queue.o [1]
prvCopyDataToQueue      0x0000229f    0x72  Code  Lc  queue.o [1]
prvHeapInit             0x000037fb    0x2a  Code  Lc  heap_2.o [1]
prvIdleTask             0x00001c49    0x24  Code  Lc  tasks.o [1]
prvInitialiseNewQueue   0x00001e81    0x1c  Code  Lc  queue.o [1]
prvInitialiseNewTask    0x000015db    0x82  Code  Lc  tasks.o [1]
prvInitialiseTaskLists  0x00001c6d    0x52  Code  Lc  tasks.o [1]
prvIsQueueEmpty         0x000023a9    0x1c  Code  Lc  queue.o [1]
prvIsQueueFull          0x000023c5    0x1e  Code  Lc  queue.o [1]
prvResetNextTaskUnblockTime
                        0x00001cc1    0x2c  Code  Lc  tasks.o [1]
prvTaskExitError        0x000038fd    0x10  Code  Lc  port.o [1]
prvTaskIsTaskSuspended  0x00001811    0x22  Code  Lc  tasks.o [1]
prvUnlockQueue          0x0000233b    0x6e  Code  Lc  queue.o [1]
pvPortMalloc            0x0000370d    0xb2  Code  Gb  heap_2.o [1]
pvPortMalloc::xHeapHasBeenInitialised
                        0x200020e8     0x4  Data  Lc  heap_2.o [1]
pxCurrentTCB            0x200020f8     0x4  Data  Gb  tasks.o [1]
pxDelayedTaskList       0x200020fc     0x4  Data  Lc  tasks.o [1]
pxOverflowDelayedTaskList
                        0x20002100     0x4  Data  Lc  tasks.o [1]
pxPortInitialiseStack   0x000038d5    0x28  Code  Gb  port.o [1]
pxReadyTasksLists       0x20002018    0x64  Data  Lc  tasks.o [1]
terminalHandle          0x200020f4     0x4  Data  Gb  main.o [1]
ucHeap                  0x20001018  0x1000  Data  Lc  heap_2.o [1]
uxCriticalNesting       0x20000014     0x4  Data  Lc  port.o [1]
uxCurrentNumberOfTasks  0x20002104     0x4  Data  Lc  tasks.o [1]
uxListRemove            0x000038af    0x26  Code  Gb  list.o [1]
uxPendedTicks           0x20002114     0x4  Data  Lc  tasks.o [1]
uxQueueMessagesWaiting  0x0000228d    0x12  Code  Gb  queue.o [1]
uxSchedulerSuspended    0x2000212c     0x4  Data  Lc  tasks.o [1]
uxTaskNumber            0x20002120     0x4  Data  Lc  tasks.o [1]
uxTopReadyPriority      0x2000210c     0x4  Data  Lc  tasks.o [1]
vListInitialise         0x0000383d    0x1e  Code  Gb  list.o [1]
vListInitialiseItem     0x0000385b     0x6  Code  Gb  list.o [1]
vListInsert             0x00003879    0x36  Code  Gb  list.o [1]
vListInsertEnd          0x00003861    0x18  Code  Gb  list.o [1]
vPortEnableVFP          0x00003af5          Code  Gb  portasm.o [1]
vPortEnterCritical      0x00003949    0x1a  Code  Gb  port.o [1]
vPortExitCritical       0x00003963    0x1a  Code  Gb  port.o [1]
vPortFree               0x000037bf    0x3c  Code  Gb  heap_2.o [1]
vPortSVCHandler         0x00003ab9          Code  Gb  portasm.o [1]
vPortSetupTimerInterrupt
                        0x000039b9    0x28  Code  Wk  port.o [1]
vPortStartFirstTask     0x00003ad5          Code  Gb  portasm.o [1]
vTaskDelay              0x00001715    0x32  Code  Gb  tasks.o [1]
vTaskInternalSetTimeOutState
                        0x00001bd3    0x12  Code  Gb  tasks.o [1]
vTaskMissedYield        0x00001c3f     0xa  Code  Gb  tasks.o [1]
vTaskPlaceOnEventList   0x00001b49    0x1a  Code  Gb  tasks.o [1]
vTaskResume             0x00001833    0x72  Code  Gb  tasks.o [1]
vTaskStartScheduler     0x000018a5    0x50  Code  Gb  tasks.o [1]
vTaskSuspend            0x00001747    0xca  Code  Gb  tasks.o [1]
vTaskSuspendAll         0x000018f5    0x10  Code  Gb  tasks.o [1]
vTaskSwitchContext      0x00001af3    0x56  Code  Gb  tasks.o [1]
vTask_Keypad            0x00000059    0x4a  Code  Gb  appTasks.o [1]
vTask_LCD               0x000000a3   0x524  Code  Gb  appTasks.o [1]
vTask_Terminal          0x00000625   0xb8c  Code  Gb  appTasks.o [1]
xDelayedTaskList1       0x2000207c    0x14  Data  Lc  tasks.o [1]
xDelayedTaskList2       0x20002090    0x14  Data  Lc  tasks.o [1]
xEnd                    0x200020d4     0x8  Data  Lc  heap_2.o [1]
xFreeBytesRemaining     0x20000000     0x4  Data  Lc  heap_2.o [1]
xIdleTaskHandle         0x20002128     0x4  Data  Lc  tasks.o [1]
xNextTaskUnblockTime    0x20002124     0x4  Data  Lc  tasks.o [1]
xNumOfOverflows         0x2000211c     0x4  Data  Lc  tasks.o [1]
xPendingReadyList       0x200020a4    0x14  Data  Lc  tasks.o [1]
xPortPendSVHandler      0x00003a61          Code  Gb  portasm.o [1]
xPortStartScheduler     0x0000390d    0x3c  Code  Gb  port.o [1]
xPortSysTickHandler     0x0000397d    0x28  Code  Gb  port.o [1]
xQueueGenericCreate     0x00001e4b    0x36  Code  Gb  queue.o [1]
xQueueGenericReset      0x00001dcd    0x7e  Code  Gb  queue.o [1]
xQueueGenericSend       0x00001e9d   0x10e  Code  Gb  queue.o [1]
xQueuePeek              0x0000218f    0xfa  Code  Gb  queue.o [1]
xQueueReceive           0x00001fab    0xf6  Code  Gb  queue.o [1]
xQueueSemaphoreTake     0x000020a1    0xee  Code  Gb  queue.o [1]
xSchedulerRunning       0x20002110     0x4  Data  Lc  tasks.o [1]
xStart                  0x200020cc     0x8  Data  Lc  heap_2.o [1]
xSuspendedTaskList      0x200020b8    0x14  Data  Lc  tasks.o [1]
xTaskCheckForTimeOut    0x00001be5    0x5a  Code  Gb  tasks.o [1]
xTaskCreate             0x00001565    0x76  Code  Gb  tasks.o [1]
xTaskGetTickCount       0x000019e5     0x8  Code  Gb  tasks.o [1]
xTaskIncrementTick      0x000019ed   0x106  Code  Gb  tasks.o [1]
xTaskRemoveFromEventList
                        0x00001b63    0x70  Code  Gb  tasks.o [1]
xTaskResumeAll          0x00001905    0xe0  Code  Gb  tasks.o [1]
xTickCount              0x20002108     0x4  Data  Lc  tasks.o [1]
xYieldPending           0x20002118     0x4  Data  Lc  tasks.o [1]


[1] = C:\Users\aidsg\Desktop\Smart-lock-sys\Debug\Obj
[2] = command line
[3] = dl7M_tln.a
[4] = m7M_tls.a
[5] = rt7M_tl.a
[6] = shb_l.a

  15 528 bytes of readonly  code memory
   2 544 bytes of readonly  data memory
   8 496 bytes of readwrite data memory

Errors: none
Warnings: none
