###############################################################################
#
# IAR ELF Linker V7.70.1.11437/W32 for ARM                07/Nov/2018  20:23:14
# Copyright 2007-2016 IAR Systems AB.
#
#    Output file  =  
#        D:\embedded sys\Workspaces\ARM Cortex M-4\RTOS\Debug\Exe\OS.out
#    Map file     =  
#        D:\embedded sys\Workspaces\ARM Cortex M-4\RTOS\Debug\List\OS.map
#    Command line =  
#        "D:\embedded sys\Workspaces\ARM Cortex M-4\RTOS\Debug\Obj\appTasks.o"
#        "D:\embedded sys\Workspaces\ARM Cortex
#        M-4\RTOS\Debug\Obj\cstartup_M.o" "D:\embedded sys\Workspaces\ARM
#        Cortex M-4\RTOS\Debug\Obj\heap_2.o" "D:\embedded sys\Workspaces\ARM
#        Cortex M-4\RTOS\Debug\Obj\i2c.o" "D:\embedded sys\Workspaces\ARM
#        Cortex M-4\RTOS\Debug\Obj\keypad.o" "D:\embedded sys\Workspaces\ARM
#        Cortex M-4\RTOS\Debug\Obj\LCD.o" "D:\embedded sys\Workspaces\ARM
#        Cortex M-4\RTOS\Debug\Obj\list.o" "D:\embedded sys\Workspaces\ARM
#        Cortex M-4\RTOS\Debug\Obj\main.o" "D:\embedded sys\Workspaces\ARM
#        Cortex M-4\RTOS\Debug\Obj\port.o" "D:\embedded sys\Workspaces\ARM
#        Cortex M-4\RTOS\Debug\Obj\portasm.o" "D:\embedded sys\Workspaces\ARM
#        Cortex M-4\RTOS\Debug\Obj\queue.o" "D:\embedded sys\Workspaces\ARM
#        Cortex M-4\RTOS\Debug\Obj\tasks.o" "D:\embedded sys\Workspaces\ARM
#        Cortex M-4\RTOS\Debug\Obj\terminal.o" "D:\embedded sys\Workspaces\ARM
#        Cortex M-4\RTOS\Debug\Obj\uart.o" "D:\embedded sys\Workspaces\ARM
#        Cortex M-4\RTOS\Debug\Obj\userdata.o" -o "D:\embedded
#        sys\Workspaces\ARM Cortex M-4\RTOS\Debug\Exe\OS.out" --redirect
#        _Printf=_PrintfFull --redirect _Scanf=_ScanfFull --map "D:\embedded
#        sys\Workspaces\ARM Cortex M-4\RTOS\Debug\List\OS.map" --config
#        "C:\Program Files (x86)\IAR Systems\Embedded Workbench
#        7.5\arm\config\linker\TexasInstruments\TM4C123GH6.icf" --semihosting
#        --entry __iar_program_start --vfe
#
###############################################################################

*******************************************************************************
*** RUNTIME MODEL ATTRIBUTES
***

CppFlavor       = *
__SystemLibrary = DLib


*******************************************************************************
*** PLACEMENT SUMMARY
***

"A0":  place at 0x00000000 { ro section .intvec };
"P1":  place in [from 0x00000000 to 0x0003ffff] { ro };
"P2":  place in [from 0x20000000 to 0x20007fff] { rw, block CSTACK, block HEAP };
initialize by copy { rw };

  Section            Kind        Address    Size  Object
  -------            ----        -------    ----  ------
"A0":                                       0x58
  .intvec            const    0x00000000    0x58  cstartup_M.o [1]
                            - 0x00000058    0x58

"P1":                                     0x3784
  .text              ro code  0x00000058   0x8f8  appTasks.o [1]
  .text              ro code  0x00000950   0x27c  keypad.o [1]
  .text              ro code  0x00000bcc   0x860  tasks.o [1]
  .text              ro code  0x0000142c   0x518  queue.o [1]
  .text              ro code  0x00001944   0x29e  LCD.o [1]
  .rodata            const    0x00001be2     0x2  heap_2.o [1]
  .text              ro code  0x00001be4   0x8aa  userdata.o [1]
  .text              ro code  0x0000248e     0x2  cstartup_M.o [1]
  .text              ro code  0x00002490    0xec  uart.o [1]
  .text              ro code  0x0000257c   0x244  terminal.o [1]
  .text              ro code  0x000027c0   0x130  heap_2.o [1]
  .text              ro code  0x000028f0    0x98  list.o [1]
  .text              ro code  0x00002988   0x10c  port.o [1]
  .text              ro code  0x00002a94    0x76  ABImemcpy_unaligned.o [5]
  .text              ro code  0x00002b0a     0x2  cstartup_M.o [1]
  .text              ro code  0x00002b0c   0x174  i2c.o [1]
  .text              ro code  0x00002c80    0x42  strcmp_unaligned.o [5]
  .text              ro code  0x00002cc2     0x2  cstartup_M.o [1]
  .text              ro code  0x00002cc4     0x6  ABImemclr4.o [5]
  .text              ro code  0x00002cca     0x2  cstartup_M.o [1]
  CODE               ro code  0x00002ccc    0xb0  portasm.o [1]
  .text              ro code  0x00002d7c    0x32  ABImemset48.o [5]
  .text              ro code  0x00002dae     0x2  cstartup_M.o [1]
  .text              ro code  0x00002db0   0x26c  main.o [1]
  .rodata            const    0x0000301c    0x5c  appTasks.o [1]
  .rodata            const    0x00003078    0x5c  appTasks.o [1]
  .rodata            const    0x000030d4    0x4c  appTasks.o [1]
  .rodata            const    0x00003120    0x44  appTasks.o [1]
  .text              ro code  0x00003164    0x40  zero_init3.o [5]
  .rodata            const    0x000031a4    0x38  appTasks.o [1]
  .rodata            const    0x000031dc    0x34  appTasks.o [1]
  .rodata            const    0x00003210    0x30  userdata.o [1]
  .text              ro code  0x00003240    0x2c  copy_init3.o [5]
  .rodata            const    0x0000326c    0x28  appTasks.o [1]
  .text              ro code  0x00003294    0x28  data_init.o [5]
  .rodata            const    0x000032bc    0x24  appTasks.o [1]
  .rodata            const    0x000032e0    0x24  appTasks.o [1]
  .rodata            const    0x00003304    0x24  appTasks.o [1]
  .rodata            const    0x00003328    0x24  appTasks.o [1]
  .text              ro code  0x0000334c    0x22  fpinit_M.o [4]
  .iar.init_table    const    0x00003370    0x24  - Linker created -
  .text              ro code  0x00003394     0x2  cstartup_M.o [1]
  .rodata            const    0x00003398    0x20  appTasks.o [1]
  .rodata            const    0x000033b8    0x20  appTasks.o [1]
  .rodata            const    0x000033d8    0x20  appTasks.o [1]
  .rodata            const    0x000033f8    0x20  appTasks.o [1]
  .rodata            const    0x00003418    0x20  appTasks.o [1]
  .rodata            const    0x00003438    0x20  appTasks.o [1]
  .rodata            const    0x00003458    0x1c  appTasks.o [1]
  .rodata            const    0x00003474    0x1c  appTasks.o [1]
  .rodata            const    0x00003490    0x1c  appTasks.o [1]
  .rodata            const    0x000034ac    0x1c  appTasks.o [1]
  .text              ro code  0x000034c8    0x1a  cmain.o [5]
  .text              ro code  0x000034e2     0x4  low_level_init.o [3]
  .text              ro code  0x000034e6     0x4  exit.o [3]
  .text              ro code  0x000034ec     0xa  cexit.o [5]
  .text              ro code  0x000034f8    0x14  exit.o [6]
  .rodata            const    0x0000350c    0x18  appTasks.o [1]
  .rodata            const    0x00003524    0x18  appTasks.o [1]
  .rodata            const    0x0000353c    0x18  appTasks.o [1]
  .rodata            const    0x00003554    0x18  appTasks.o [1]
  Initializer bytes  const    0x0000356c    0x18  <for P2-1>
  .rodata            const    0x00003584    0x14  appTasks.o [1]
  .rodata            const    0x00003598    0x14  appTasks.o [1]
  .rodata            const    0x000035ac    0x14  appTasks.o [1]
  .rodata            const    0x000035c0    0x14  appTasks.o [1]
  .rodata            const    0x000035d4    0x14  appTasks.o [1]
  .rodata            const    0x000035e8    0x14  appTasks.o [1]
  .rodata            const    0x000035fc    0x14  appTasks.o [1]
  .rodata            const    0x00003610    0x10  appTasks.o [1]
  .rodata            const    0x00003620    0x10  appTasks.o [1]
  .rodata            const    0x00003630    0x10  appTasks.o [1]
  .rodata            const    0x00003640    0x10  appTasks.o [1]
  .rodata            const    0x00003650    0x10  appTasks.o [1]
  .rodata            const    0x00003660    0x10  appTasks.o [1]
  .rodata            const    0x00003670    0x10  appTasks.o [1]
  .rodata            const    0x00003680    0x10  appTasks.o [1]
  .rodata            const    0x00003690    0x10  appTasks.o [1]
  .rodata            const    0x000036a0    0x10  main.o [1]
  .rodata            const    0x000036b0    0x10  userdata.o [1]
  .rodata            const    0x000036c0    0x10  userdata.o [1]
  .text              ro code  0x000036d0    0x10  cstartup_M.o [1]
  .rodata            const    0x000036e0     0xc  appTasks.o [1]
  .rodata            const    0x000036ec     0xc  main.o [1]
  .rodata            const    0x000036f8     0xc  main.o [1]
  .rodata            const    0x00003704     0xc  main.o [1]
  .rodata            const    0x00003710     0xc  main.o [1]
  .rodata            const    0x0000371c     0xc  userdata.o [1]
  .rodata            const    0x00003728     0xc  userdata.o [1]
  .rodata            const    0x00003734     0x8  appTasks.o [1]
  .rodata            const    0x0000373c     0x8  appTasks.o [1]
  .rodata            const    0x00003744     0x8  appTasks.o [1]
  .rodata            const    0x0000374c     0x8  main.o [1]
  .rodata            const    0x00003754     0x8  main.o [1]
  .rodata            const    0x0000375c     0x8  main.o [1]
  .rodata            const    0x00003764     0x8  main.o [1]
  .rodata            const    0x0000376c     0x8  main.o [1]
  .rodata            const    0x00003774     0x8  main.o [1]
  .rodata            const    0x0000377c     0x8  main.o [1]
  .rodata            const    0x00003784     0x8  main.o [1]
  .rodata            const    0x0000378c     0x8  main.o [1]
  .rodata            const    0x00003794     0x8  main.o [1]
  .rodata            const    0x0000379c     0x8  main.o [1]
  .rodata            const    0x000037a4     0x8  main.o [1]
  .rodata            const    0x000037ac     0x8  main.o [1]
  .rodata            const    0x000037b4     0x8  main.o [1]
  .rodata            const    0x000037bc     0x8  main.o [1]
  .rodata            const    0x000037c4     0x8  tasks.o [1]
  .rodata            const    0x000037cc     0x8  userdata.o [1]
  .rodata            const    0x000037d4     0x8  userdata.o [1]
  .rodata            const    0x000037dc     0x0  zero_init3.o [5]
  .rodata            const    0x000037dc     0x0  copy_init3.o [5]
                            - 0x000037dc  0x3784

"P2", part 1 of 3:                          0x18
  P2-1                        0x20000000    0x18  <Init block>
    .data            inited   0x20000000     0x4  heap_2.o [1]
    .data            inited   0x20000004    0x10  keypad.o [1]
    .data            inited   0x20000014     0x4  port.o [1]
                            - 0x20000018    0x18

"P2", part 2 of 3:                        0x1000
  CSTACK                      0x20000018  0x1000  <Block>
    CSTACK           uninit   0x20000018  0x1000  <Block tail>
                            - 0x20001018  0x1000

"P2", part 3 of 3:                        0x113c
  .bss               zero     0x20001018  0x1000  heap_2.o [1]
  .bss               zero     0x20002018    0x64  tasks.o [1]
  .bss               zero     0x2000207c    0x14  tasks.o [1]
  .bss               zero     0x20002090    0x14  tasks.o [1]
  .bss               zero     0x200020a4    0x14  tasks.o [1]
  .bss               zero     0x200020b8    0x14  tasks.o [1]
  .bss               zero     0x200020cc    0x14  userdata.o [1]
  .bss               zero     0x200020e0     0x8  appTasks.o [1]
  .bss               zero     0x200020e8     0x8  appTasks.o [1]
  .bss               zero     0x200020f0     0x8  heap_2.o [1]
  .bss               zero     0x200020f8     0x8  heap_2.o [1]
  .bss               zero     0x20002100     0x4  appTasks.o [1]
  .bss               zero     0x20002104     0x4  appTasks.o [1]
  .bss               zero     0x20002108     0x4  appTasks.o [1]
  .bss               zero     0x2000210c     0x4  heap_2.o [1]
  .bss               zero     0x20002110     0x4  main.o [1]
  .bss               zero     0x20002114     0x4  main.o [1]
  .bss               zero     0x20002118     0x4  tasks.o [1]
  .bss               zero     0x2000211c     0x4  tasks.o [1]
  .bss               zero     0x20002120     0x4  tasks.o [1]
  .bss               zero     0x20002124     0x4  tasks.o [1]
  .bss               zero     0x20002128     0x4  tasks.o [1]
  .bss               zero     0x2000212c     0x4  tasks.o [1]
  .bss               zero     0x20002130     0x4  tasks.o [1]
  .bss               zero     0x20002134     0x4  tasks.o [1]
  .bss               zero     0x20002138     0x4  tasks.o [1]
  .bss               zero     0x2000213c     0x4  tasks.o [1]
  .bss               zero     0x20002140     0x4  tasks.o [1]
  .bss               zero     0x20002144     0x4  tasks.o [1]
  .bss               zero     0x20002148     0x4  tasks.o [1]
  .bss               zero     0x2000214c     0x4  tasks.o [1]
  .bss               zero     0x20002150     0x1  appTasks.o [1]
  .bss               zero     0x20002151     0x1  userdata.o [1]
  .bss               zero     0x20002152     0x1  userdata.o [1]
                            - 0x20002153  0x113b


*******************************************************************************
*** INIT TABLE
***

          Address     Size
          -------     ----
Zero (__iar_zero_init3)
    1 destination range, total size 0x113b:
          0x20001018  0x113b

Copy (__iar_copy_init3)
    1 source range, total size 0x18:
          0x0000356c    0x18
    1 destination range, total size 0x18:
          0x20000000    0x18



*******************************************************************************
*** MODULE SUMMARY
***

    Module                 ro code  ro data  rw data
    ------                 -------  -------  -------
D:\embedded sys\Workspaces\ARM Cortex M-4\RTOS\Debug\Obj: [1]
    LCD.o                      670
    appTasks.o               2 296    1 340       29
    cstartup_M.o                28       88
    heap_2.o                   304        6    4 120
    i2c.o                      372
    keypad.o                   636       16       16
    list.o                     152
    main.o                     620      184        8
    port.o                     268        4        4
    portasm.o                  176
    queue.o                  1 304
    tasks.o                  2 144        8      236
    terminal.o                 580
    uart.o                     236
    userdata.o               2 218      120       22
    ------------------------------------------------
    Total:                  12 004    1 766    4 435

command line: [2]
    ------------------------------------------------
    Total:

dl7M_tln.a: [3]
    exit.o                       4
    low_level_init.o             4
    ------------------------------------------------
    Total:                       8

m7M_tls.a: [4]
    fpinit_M.o                  34
    ------------------------------------------------
    Total:                      34

rt7M_tl.a: [5]
    ABImemclr4.o                 6
    ABImemcpy_unaligned.o      118
    ABImemset48.o               50
    cexit.o                     10
    cmain.o                     26
    copy_init3.o                44
    data_init.o                 40
    strcmp_unaligned.o          66
    zero_init3.o                64
    ------------------------------------------------
    Total:                     424

shb_l.a: [6]
    exit.o                      20
    ------------------------------------------------
    Total:                      20

    Gaps                         4        4
    Linker created                       36    4 096
----------------------------------------------------
    Grand Total:            12 494    1 806    8 531


*******************************************************************************
*** ENTRY LIST
***

Entry                      Address    Size  Type      Object
-----                      -------    ----  ----      ------
.iar.init_table$$Base   0x00003370           --   Gb  - Linker created -
.iar.init_table$$Limit  0x00003394           --   Gb  - Linker created -
?main                   0x000034c9          Code  Gb  cmain.o [5]
BusFault_Handler        0x00002ccb     0x2  Code  Wk  cstartup_M.o [1]
CSTACK$$Base            0x20000018           --   Gb  - Linker created -
CSTACK$$Limit           0x20001018           --   Gb  - Linker created -
CheckUserID             0x0000205b    0x5a  Code  Gb  userdata.o [1]
DebugMon_Handler        0x00003395     0x2  Code  Wk  cstartup_M.o [1]
E2prom_AddUser          0x000020ef   0x1d4  Code  Gb  userdata.o [1]
E2prom_ListUsers        0x00001be5   0x178  Code  Gb  userdata.o [1]
E2prom_ModifyUser       0x000022ed   0x14a  Code  Gb  userdata.o [1]
E2prom_RelocateUser     0x00001ed5    0x64  Code  Lc  userdata.o [1]
E2prom_RemoveUser       0x000020b5    0x3a  Code  Gb  userdata.o [1]
E2prom_SystemSetup      0x00001d5d    0x5c  Code  Gb  userdata.o [1]
E2prom_VerifyAdminInfo  0x00001f39    0x8a  Code  Gb  userdata.o [1]
E2prom_VerifyUserInfo   0x00001fc3    0x98  Code  Gb  userdata.o [1]
E2prom_VerifyUserInfo{1}{3}{4}{6}{9}{10}::user_name
                        0x200020cc    0x14  Data  Lc  userdata.o [1]
FactoryReset            0x00002437    0x58  Code  Lc  userdata.o [1]
HardFault_Handler       0x00002b0b     0x2  Code  Wk  cstartup_M.o [1]
I2C_Init                0x00002b0d    0x56  Code  Gb  i2c.o [1]
I2C_ReceiveAck          0x00002c09    0x16  Code  Gb  i2c.o [1]
I2C_StartReceive        0x00002bbb    0x38  Code  Gb  i2c.o [1]
I2C_StartTransmit       0x00002b63    0x58  Code  Gb  i2c.o [1]
I2C_StopReceive         0x00002c1f    0x10  Code  Gb  i2c.o [1]
I2C_StopTransmit        0x00002c2f    0x22  Code  Gb  i2c.o [1]
I2C_Transmit            0x00002bf3    0x16  Code  Gb  i2c.o [1]
Keypad_Init             0x00000951   0x12e  Code  Gb  keypad.o [1]
Keypad_ReadChar         0x00000a7f   0x104  Code  Gb  keypad.o [1]
Keypad_ReadChar::gKeyMap
                        0x20000004    0x10  Data  Lc  keypad.o [1]
LCD_GoTo                0x00001bb5    0x2e  Code  Gb  LCD.o [1]
LCD_Init                0x00001945   0x118  Code  Gb  LCD.o [1]
LCD_Queue               0x20002100     0x4  Data  Gb  appTasks.o [1]
LCD_WriteChar           0x00001a5d    0x68  Code  Gb  LCD.o [1]
LCD_WriteCommand        0x00001b2f    0x68  Code  Gb  LCD.o [1]
LCD_WriteNewLine        0x00001ac5    0x38  Code  Gb  LCD.o [1]
LCD_WriteString         0x00001afd    0x32  Code  Gb  LCD.o [1]
MemManage_Handler       0x00002cc3     0x2  Code  Wk  cstartup_M.o [1]
NMI_Handler             0x0000248f     0x2  Code  Wk  cstartup_M.o [1]
Region$$Table$$Base     0x00003370           --   Gb  - Linker created -
Region$$Table$$Limit    0x00003394           --   Gb  - Linker created -
SystemDataSort          0x00001db9   0x118  Code  Lc  userdata.o [1]
Terminal_Queue          0x20002104     0x4  Data  Gb  appTasks.o [1]
Terminal_ReceiveUserID  0x0000257d    0x92  Code  Gb  terminal.o [1]
Terminal_ReceiveUserName
                        0x000026b5    0xa4  Code  Gb  terminal.o [1]
Terminal_ReceiveUserPassword
                        0x0000260f    0xa6  Code  Gb  terminal.o [1]
Terminal_ReceiveUserRank
                        0x00002759    0x56  Code  Gb  terminal.o [1]
UART_Init               0x00002491    0x88  Code  Gb  uart.o [1]
UART_ReceiveComplete    0x00000855    0x28  Code  Gb  appTasks.o [1]
UART_SendChar           0x00002519    0x10  Code  Gb  uart.o [1]
UART_SendString         0x00002529    0x1c  Code  Gb  uart.o [1]
UartSemaphore           0x20002108     0x4  Data  Gb  appTasks.o [1]
UpdateArray             0x00002db1    0x28  Code  Lc  main.o [1]
UsageFault_Handler      0x00002daf     0x2  Code  Wk  cstartup_M.o [1]
__aeabi_memclr4         0x00002cc5          Code  Gb  ABImemclr4.o [5]
__cmain                 0x000034c9          Code  Gb  cmain.o [5]
__exit                  0x000034f9    0x14  Code  Gb  exit.o [6]
__iar_Memset4_word      0x00002d7d          Code  Gb  ABImemset48.o [5]
__iar_Memset8_word      0x00002d7d          Code  Gb  ABImemset48.o [5]
__iar_copy_init3        0x00003241    0x2c  Code  Gb  copy_init3.o [5]
__iar_data_init3        0x00003295    0x28  Code  Gb  data_init.o [5]
__iar_init_vfp          0x0000334d          Code  Gb  fpinit_M.o [4]
__iar_program_start     0x000036d1    0x10  Code  Gb  cstartup_M.o [1]
__iar_unaligned___aeabi_memcpy
                        0x00002a95          Code  Gb  ABImemcpy_unaligned.o [5]
__iar_unaligned___aeabi_memcpy4
                        0x00002ab5          Code  Gb  ABImemcpy_unaligned.o [5]
__iar_unaligned___aeabi_memcpy8
                        0x00002ab5          Code  Gb  ABImemcpy_unaligned.o [5]
__iar_unaligned_strcmp  0x00002c81          Code  Gb  strcmp_unaligned.o [5]
__iar_zero_init3        0x00003165    0x40  Code  Gb  zero_init3.o [5]
__low_level_init        0x000034e3     0x4  Code  Gb  low_level_init.o [3]
__vector_table          0x00000000    0x58  Data  Gb  cstartup_M.o [1]
_call_main              0x000034d5          Code  Gb  cmain.o [5]
_exit                   0x000034ed          Code  Gb  cexit.o [5]
_main                   0x000034df          Code  Gb  cmain.o [5]
exit                    0x000034e7     0x4  Code  Gb  exit.o [3]
g_ID                    0x200020e8     0x8  Data  Lc  appTasks.o [1]
g_Password              0x200020e0     0x8  Data  Lc  appTasks.o [1]
g_admins_number         0x20002152     0x1  Data  Gb  userdata.o [1]
g_users_number          0x20002151     0x1  Data  Gb  userdata.o [1]
heapSTRUCT_SIZE         0x00001be2     0x2  Data  Lc  heap_2.o [1]
keypadHandle            0x20002110     0x4  Data  Gb  main.o [1]
lcdHandle               0x20002114     0x4  Data  Gb  main.o [1]
main                    0x00002dd9   0x1c8  Code  Gb  main.o [1]
passwordIncorrectCounter
                        0x20002150     0x1  Data  Lc  appTasks.o [1]
prvAddCurrentTaskToDelayedList
                        0x00001365    0x80  Code  Lc  tasks.o [1]
prvAddNewTaskToReadyList
                        0x00000cc5    0xb8  Code  Lc  tasks.o [1]
prvCheckTasksWaitingTermination
                        0x0000131f     0x2  Code  Lc  tasks.o [1]
prvCopyDataFromQueue    0x00001873    0x2a  Code  Lc  queue.o [1]
prvCopyDataToQueue      0x00001801    0x72  Code  Lc  queue.o [1]
prvHeapInit             0x000028af    0x2a  Code  Lc  heap_2.o [1]
prvIdleTask             0x000012a9    0x24  Code  Lc  tasks.o [1]
prvInitialiseNewQueue   0x000014e1    0x1c  Code  Lc  queue.o [1]
prvInitialiseNewTask    0x00000c43    0x82  Code  Lc  tasks.o [1]
prvInitialiseTaskLists  0x000012cd    0x52  Code  Lc  tasks.o [1]
prvIsQueueEmpty         0x0000190b    0x1c  Code  Lc  queue.o [1]
prvIsQueueFull          0x00001927    0x1e  Code  Lc  queue.o [1]
prvResetNextTaskUnblockTime
                        0x00001321    0x2c  Code  Lc  tasks.o [1]
prvTaskExitError        0x000029b1    0x10  Code  Lc  port.o [1]
prvTaskIsTaskSuspended  0x00000e79    0x22  Code  Lc  tasks.o [1]
prvUnlockQueue          0x0000189d    0x6e  Code  Lc  queue.o [1]
pvPortMalloc            0x000027c1    0xb2  Code  Gb  heap_2.o [1]
pvPortMalloc::xHeapHasBeenInitialised
                        0x2000210c     0x4  Data  Lc  heap_2.o [1]
pxCurrentTCB            0x20002118     0x4  Data  Gb  tasks.o [1]
pxDelayedTaskList       0x2000211c     0x4  Data  Lc  tasks.o [1]
pxOverflowDelayedTaskList
                        0x20002120     0x4  Data  Lc  tasks.o [1]
pxPortInitialiseStack   0x00002989    0x28  Code  Gb  port.o [1]
pxReadyTasksLists       0x20002018    0x64  Data  Lc  tasks.o [1]
ucHeap                  0x20001018  0x1000  Data  Lc  heap_2.o [1]
uxCriticalNesting       0x20000014     0x4  Data  Lc  port.o [1]
uxCurrentNumberOfTasks  0x20002124     0x4  Data  Lc  tasks.o [1]
uxListRemove            0x00002963    0x26  Code  Gb  list.o [1]
uxPendedTicks           0x20002134     0x4  Data  Lc  tasks.o [1]
uxSchedulerSuspended    0x2000214c     0x4  Data  Lc  tasks.o [1]
uxTaskNumber            0x20002140     0x4  Data  Lc  tasks.o [1]
uxTopReadyPriority      0x2000212c     0x4  Data  Lc  tasks.o [1]
vListInitialise         0x000028f1    0x1e  Code  Gb  list.o [1]
vListInitialiseItem     0x0000290f     0x6  Code  Gb  list.o [1]
vListInsert             0x0000292d    0x36  Code  Gb  list.o [1]
vListInsertEnd          0x00002915    0x18  Code  Gb  list.o [1]
vPortEnableVFP          0x00002d61          Code  Gb  portasm.o [1]
vPortEnterCritical      0x000029fd    0x1a  Code  Gb  port.o [1]
vPortExitCritical       0x00002a17    0x1a  Code  Gb  port.o [1]
vPortFree               0x00002873    0x3c  Code  Gb  heap_2.o [1]
vPortSVCHandler         0x00002d25          Code  Gb  portasm.o [1]
vPortSetupTimerInterrupt
                        0x00002a6d    0x28  Code  Wk  port.o [1]
vPortStartFirstTask     0x00002d41          Code  Gb  portasm.o [1]
vTaskDelay              0x00000d7d    0x32  Code  Gb  tasks.o [1]
vTaskInternalSetTimeOutState
                        0x00001233    0x12  Code  Gb  tasks.o [1]
vTaskMissedYield        0x0000129f     0xa  Code  Gb  tasks.o [1]
vTaskPlaceOnEventList   0x000011a9    0x1a  Code  Gb  tasks.o [1]
vTaskResume             0x00000e9b    0x72  Code  Gb  tasks.o [1]
vTaskStartScheduler     0x00000f0d    0x50  Code  Gb  tasks.o [1]
vTaskSuspend            0x00000daf    0xca  Code  Gb  tasks.o [1]
vTaskSuspendAll         0x00000f5d    0x10  Code  Gb  tasks.o [1]
vTaskSwitchContext      0x00001153    0x56  Code  Gb  tasks.o [1]
vTask_Keypad            0x00000059    0x4a  Code  Gb  appTasks.o [1]
vTask_LCD               0x000000a3   0x276  Code  Gb  appTasks.o [1]
vTask_Terminal          0x0000031d   0x52e  Code  Gb  appTasks.o [1]
xDelayedTaskList1       0x2000207c    0x14  Data  Lc  tasks.o [1]
xDelayedTaskList2       0x20002090    0x14  Data  Lc  tasks.o [1]
xEnd                    0x200020f8     0x8  Data  Lc  heap_2.o [1]
xFreeBytesRemaining     0x20000000     0x4  Data  Lc  heap_2.o [1]
xIdleTaskHandle         0x20002148     0x4  Data  Lc  tasks.o [1]
xNextTaskUnblockTime    0x20002144     0x4  Data  Lc  tasks.o [1]
xNumOfOverflows         0x2000213c     0x4  Data  Lc  tasks.o [1]
xPendingReadyList       0x200020a4    0x14  Data  Lc  tasks.o [1]
xPortPendSVHandler      0x00002ccd          Code  Gb  portasm.o [1]
xPortStartScheduler     0x000029c1    0x3c  Code  Gb  port.o [1]
xPortSysTickHandler     0x00002a31    0x28  Code  Gb  port.o [1]
xQueueGenericCreate     0x000014ab    0x36  Code  Gb  queue.o [1]
xQueueGenericReset      0x0000142d    0x7e  Code  Gb  queue.o [1]
xQueueGenericSend       0x000014fd   0x10e  Code  Gb  queue.o [1]
xQueuePeek              0x00001701    0xfa  Code  Gb  queue.o [1]
xQueueReceive           0x0000160b    0xf6  Code  Gb  queue.o [1]
xSchedulerRunning       0x20002130     0x4  Data  Lc  tasks.o [1]
xStart                  0x200020f0     0x8  Data  Lc  heap_2.o [1]
xSuspendedTaskList      0x200020b8    0x14  Data  Lc  tasks.o [1]
xTaskCheckForTimeOut    0x00001245    0x5a  Code  Gb  tasks.o [1]
xTaskCreate             0x00000bcd    0x76  Code  Gb  tasks.o [1]
xTaskIncrementTick      0x0000104d   0x106  Code  Gb  tasks.o [1]
xTaskRemoveFromEventList
                        0x000011c3    0x70  Code  Gb  tasks.o [1]
xTaskResumeAll          0x00000f6d    0xe0  Code  Gb  tasks.o [1]
xTickCount              0x20002128     0x4  Data  Lc  tasks.o [1]
xYieldPending           0x20002138     0x4  Data  Lc  tasks.o [1]


[1] = D:\embedded sys\Workspaces\ARM Cortex M-4\RTOS\Debug\Obj
[2] = command line
[3] = dl7M_tln.a
[4] = m7M_tls.a
[5] = rt7M_tl.a
[6] = shb_l.a

  12 494 bytes of readonly  code memory
   1 806 bytes of readonly  data memory
   8 531 bytes of readwrite data memory

Errors: none
Warnings: none
